Component: ARM Compiler 5.06 update 6 (build 750) Tool: armlink [4d35ed]

==============================================================================

Section Cross References

    main.o(.text) refers to hal_core.o(.text) for hal_init
    main.o(.text) refers to xfs5152ce.o(.text) for xfs_voice_start
    main.o(.text) refers to lcd12864.o(.text) for show_logo
    main.o(.text) refers to app_pwd.o(.text) for param_Init
    main.o(.text) refers to bsp_timer3.o(.text) for TIM3_Init
    main.o(.text) refers to hal_wifitocloud.o(.text) for ESP8266_init
    main.o(.text) refers to app_cloud.o(.text) for cloud_task
    main.o(.text) refers to key_button.o(.text) for key_task
    hal_core.o(.text) refers to misc.o(.text) for NVIC_PriorityGroupConfig
    hal_core.o(.text) refers to systick.o(.text) for SYSTICK_init
    hal_core.o(.text) refers to usart.o(.text) for uart_init
    hal_core.o(.text) refers to delay.o(.text) for delay_init
    hal_core.o(.text) refers to lcd12864.o(.text) for lcd_init
    hal_core.o(.text) refers to bsp_rtc.o(.text) for rtc_init
    hal_core.o(.text) refers to xfs5152ce.o(.text) for xfs_init
    hal_core.o(.text) refers to bsp_uart4.o(.text) for UART4_Init
    hal_core.o(.text) refers to lf125k.o(.text) for LF125K_init
    hal_core.o(.text) refers to buzzer.o(.text) for buzzerInit
    hal_core.o(.text) refers to rf_si4332a.o(.text) for SI4332A_Init
    hal_core.o(.text) refers to rf_si4332b.o(.text) for SI4332B_Init
    hal_core.o(.text) refers to key_button.o(.text) for bsp_key_init
    hal_core.o(.text) refers to 74hc595.o(.text) for HC595_GpioInit
    hal_core.o(.text) refers to hal_core.o(.data) for is_rtc_update
    hal_core.o(.text) refers to usmart_config.o(.data) for usmart_dev
    hal_core.o(.text) refers to potocol.o(.text) for protocol_task
    app_pwd.o(.text) refers to _printf_pad.o(.text) for _printf_pre_padding
    app_pwd.o(.text) refers to _printf_percent.o(.ARM.Collect$$_printf_percent$$00000000) for _printf_percent
    app_pwd.o(.text) refers to _printf_d.o(.ARM.Collect$$_printf_percent$$00000009) for _printf_d
    app_pwd.o(.text) refers to _printf_x.o(.ARM.Collect$$_printf_percent$$0000000C) for _printf_x
    app_pwd.o(.text) refers to _printf_s.o(.ARM.Collect$$_printf_percent$$00000014) for _printf_s
    app_pwd.o(.text) refers to _printf_dec.o(.text) for _printf_int_dec
    app_pwd.o(.text) refers to _printf_hex_int.o(.text) for _printf_longlong_hex
    app_pwd.o(.text) refers to _printf_str.o(.text) for _printf_str
    app_pwd.o(.text) refers to lf125k.o(.text) for LF125K_read_1_page
    app_pwd.o(.text) refers to memcmp.o(.text) for memcmp
    app_pwd.o(.text) refers to bsp_flash.o(.text) for bsp_flash_read
    app_pwd.o(.text) refers to strrchr.o(.text) for strrchr
    app_pwd.o(.text) refers to systick.o(.text) for SYSTICK_get_time
    app_pwd.o(.text) refers to noretval__2printf.o(.text) for __2printf
    app_pwd.o(.text) refers to aeabi_memset.o(.text) for __aeabi_memset
    app_pwd.o(.text) refers to lednixietube.o(.text) for led_disable
    app_pwd.o(.text) refers to rt_memclr_w.o(.text) for __aeabi_memclr4
    app_pwd.o(.text) refers to xfs5152ce.o(.text) for xfs_voice_start
    app_pwd.o(.text) refers to app_pwd.o(.bss) for id_card
    app_pwd.o(.text) refers to app_pwd.o(.constdata) for __FUNCTION__
    app_pwd.o(.text) refers to app_pwd.o(.data) for idCardPwd_offset
    app_pwd.o(.text) refers to app_pwd.o(.conststring) for .conststring
    app_pwd.o(.text) refers to kfifo.o(.text) for kfifo_push_in
    app_pwd.o(.text) refers to buzzer.o(.text) for buzzerOpen
    app_pwd.o(.data) refers to app_pwd.o(.conststring) for .conststring
    app_pwd.o(.data) refers to app_pwd.o(.bss) for num_fifo_buffer
    usmart.o(.text) refers to _printf_percent.o(.ARM.Collect$$_printf_percent$$00000000) for _printf_percent
    usmart.o(.text) refers to _printf_s.o(.ARM.Collect$$_printf_percent$$00000014) for _printf_s
    usmart.o(.text) refers to _printf_str.o(.text) for _printf_str
    usmart.o(.text) refers to _printf_pad.o(.text) for _printf_pre_padding
    usmart.o(.text) refers to _printf_x.o(.ARM.Collect$$_printf_percent$$0000000C) for _printf_x
    usmart.o(.text) refers to _printf_hex_int.o(.text) for _printf_longlong_hex
    usmart.o(.text) refers to _printf_u.o(.ARM.Collect$$_printf_percent$$0000000A) for _printf_u
    usmart.o(.text) refers to _printf_dec.o(.text) for _printf_int_dec
    usmart.o(.text) refers to _printf_c.o(.ARM.Collect$$_printf_percent$$00000013) for _printf_c
    usmart.o(.text) refers to _printf_d.o(.ARM.Collect$$_printf_percent$$00000009) for _printf_d
    usmart.o(.text) refers to usmart_str.o(.text) for usmart_get_cmdname
    usmart.o(.text) refers to noretval__2printf.o(.text) for __2printf
    usmart.o(.text) refers to stm32f10x_rcc.o(.text) for RCC_APB1PeriphClockCmd
    usmart.o(.text) refers to stm32f10x_tim.o(.text) for TIM_TimeBaseInit
    usmart.o(.text) refers to misc.o(.text) for NVIC_Init
[...]
    set_lcd_data_gpio_to_input               0x08003f7b   Thumb Code    40  lcd12864.o(.text)
    is_lcd_busy                              0x08003fa3   Thumb Code   166  lcd12864.o(.text)
    lcd_write_cmd                            0x08004049   Thumb Code   164  lcd12864.o(.text)
    lcd_write_data                           0x080040ed   Thumb Code   162  lcd12864.o(.text)
    lcd_set_dsp_position                     0x0800418f   Thumb Code    54  lcd12864.o(.text)
    lcd_clr                                  0x080041c5   Thumb Code    74  lcd12864.o(.text)
    lcd_clr_row                              0x0800420f   Thumb Code   134  lcd12864.o(.text)
    lcd_init                                 0x08004295   Thumb Code   140  lcd12864.o(.text)
    lcd_disp_full_img                        0x08004321   Thumb Code    78  lcd12864.o(.text)
    show_logo                                0x0800436f   Thumb Code    16  lcd12864.o(.text)
    lcd_write                                0x0800437f   Thumb Code   236  lcd12864.o(.text)
    lcd_close                                0x0800446b   Thumb Code    16  lcd12864.o(.text)
    lcd_open                                 0x0800447b   Thumb Code    12  lcd12864.o(.text)
    lcd_people_num                           0x08004487   Thumb Code   162  lcd12864.o(.text)
    lcd_id                                   0x08004529   Thumb Code    60  lcd12864.o(.text)
    lcd_task                                 0x08004565   Thumb Code    58  lcd12864.o(.text)
    GPIO_LF125K_configuration                0x08004601   Thumb Code    56  lf125k.o(.text)
    GPIO_set_lf125k_clk                      0x08004639   Thumb Code    30  lf125k.o(.text)
    GPIO_read_lf125k_data                    0x08004657   Thumb Code    12  lf125k.o(.text)
    _nop_                                    0x08004663   Thumb Code    14  lf125k.o(.text)
    LF125K_open_RF                           0x08004671   Thumb Code    10  lf125k.o(.text)
    LF125K_close_RF                          0x0800467b   Thumb Code    10  lf125k.o(.text)
    LF125K_init                              0x08004685   Thumb Code    12  lf125k.o(.text)
    REM_Processing                           0x08004691   Thumb Code   292  lf125k.o(.text)
    Data_Processing                          0x080047b5   Thumb Code    80  lf125k.o(.text)
    write_od                                 0x08004805   Thumb Code   110  lf125k.o(.text)
    write_lock                               0x08004873   Thumb Code    24  lf125k.o(.text)
    write_data                               0x0800488b   Thumb Code    52  lf125k.o(.text)
    write_add                                0x080048bf   Thumb Code   108  lf125k.o(.text)
    LF125K_read_1_page                       0x0800492b   Thumb Code    78  lf125k.o(.text)
    LF125K_demo                              0x08004979   Thumb Code   376  lf125k.o(.text)
    LF125K_read_0_page                       0x08004af1   Thumb Code    96  lf125k.o(.text)
    LF125K_write_0_page                      0x08004b51   Thumb Code   124  lf125k.o(.text)
    LF125K_write_0_page_die                  0x08004bcd   Thumb Code     6  lf125k.o(.text)
    LF125K_write_0_page_protect              0x08004bd3   Thumb Code   108  lf125k.o(.text)
    LF125K_read_0_page_protect               0x08004c3f   Thumb Code    70  lf125k.o(.text)
    Card_initialization                      0x08004c85   Thumb Code    62  lf125k.o(.text)
    LF125K_card_init1                        0x08004cc3   Thumb Code    44  lf125k.o(.text)
    LF125K_card_init                         0x08004cef   Thumb Code    62  lf125k.o(.text)
    LF125K_set_password                      0x08004d2d   Thumb Code    44  lf125k.o(.text)
    LF125K_set_pwd                           0x08004d59   Thumb Code    62  lf125k.o(.text)
    LF125K_clear_pwd                         0x08004d97   Thumb Code    88  lf125k.o(.text)
    LF125K_get_cardid                        0x08004def   Thumb Code    40  lf125k.o(.text)
    xfs_init                                 0x08004e91   Thumb Code    14  xfs5152ce.o(.text)
    xfs_get_status                           0x08004edf   Thumb Code   112  xfs5152ce.o(.text)
    xfs_sleep                                0x08004f4f   Thumb Code    10  xfs5152ce.o(.text)
    xfs_wake_up                              0x08004f59   Thumb Code    10  xfs5152ce.o(.text)
    xfs_voice_start                          0x08004f63   Thumb Code   148  xfs5152ce.o(.text)
    xfs_voice_stop                           0x08004ff7   Thumb Code    10  xfs5152ce.o(.text)
    xfs_voice_pause                          0x08005001   Thumb Code    10  xfs5152ce.o(.text)
    xfs_voice_restore                        0x0800500b   Thumb Code    10  xfs5152ce.o(.text)
    xfs_send_to_cache                        0x08005015   Thumb Code   176  xfs5152ce.o(.text)
    xfs_paly_from_cache                      0x080050c5   Thumb Code   112  xfs5152ce.o(.text)
    xfs_recognize                            0x08005155   Thumb Code  1046  xfs5152ce.o(.text)
    xfs_delete_number                        0x0800556b   Thumb Code   202  xfs5152ce.o(.text)
    xfs_add_number                           0x08005635   Thumb Code    14  xfs5152ce.o(.text)
    xfs_save_id                              0x08005643   Thumb Code    44  xfs5152ce.o(.text)
    xfs_recognize_test                       0x0800566f   Thumb Code   140  xfs5152ce.o(.text)
    TIM1_GPIO_Configuration                  0x0800594d   Thumb Code    32  buzzer.o(.text)
    TIM1_RCC_Configuration                   0x0800596d   Thumb Code    20  buzzer.o(.text)
    TIM1_CH1_Set_Compare                     0x080059ed   Thumb Code    14  buzzer.o(.text)
    TIM6_IRQHandler                          0x08005a89   Thumb Code    88  buzzer.o(.text)
    buzzerInit                               0x08005ae1   Thumb Code    12  buzzer.o(.text)
    buzzerOption                             0x08005aed   Thumb Code    24  buzzer.o(.text)
    buzzerOpen                               0x08005b05   Thumb Code    38  buzzer.o(.text)
    buzzerClose                              0x08005b2b   Thumb Code    38  buzzer.o(.text)
    SI4332A_LowLevel_DeInit                  0x08005b71   Thumb Code    90  rf_si4332a.o(.text)
    SI4332A_LowLevel_Init                    0x08005bcb   Thumb Code    98  rf_si4332a.o(.text)
    SI4332A_DeInit                           0x08005c2d   Thumb Code     8  rf_si4332a.o(.text)
    SI4332A_SPI_Init                         0x08005c35   Thumb Code    92  rf_si4332a.o(.text)
    SI4332A_SPI_SendByte                     0x08005c99   Thumb Code    50  rf_si4332a.o(.text)
    SI4332A_Init                             0x08005df7   Thumb Code   468  rf_si4332a.o(.text)
    SI4332A_send_msg                         0x08005fcb   Thumb Code   196  rf_si4332a.o(.text)
    SI4332A_read_msg                         0x0800608f   Thumb Code   142  rf_si4332a.o(.text)
    SI4332_LowLevel_DeInit                   0x08006121   Thumb Code    98  rf_si4332b.o(.text)
    SI4332_LowLevel_Init                     0x08006183   Thumb Code   108  rf_si4332b.o(.text)
    SI4332_DeInit                            0x080061ef   Thumb Code     8  rf_si4332b.o(.text)
    SI4332_SPI_Init                          0x080061f7   Thumb Code    94  rf_si4332b.o(.text)
    SI4332_SPI_SendByte                      0x0800625d   Thumb Code    50  rf_si4332b.o(.text)
    SI4332B_Init                             0x080063cb   Thumb Code   474  rf_si4332b.o(.text)
    SI4332B_send_msg                         0x080065a5   Thumb Code   196  rf_si4332b.o(.text)
    SI4332B_read_msg                         0x08006669   Thumb Code   142  rf_si4332b.o(.text)
    key_button_init                          0x080066fd   Thumb Code   136  key_button.o(.text)
    key_button_get_status                    0x08006785   Thumb Code    22  key_button.o(.text)
    key_irq_handle                           0x080067af   Thumb Code    32  key_button.o(.text)
    bsp_key_init                             0x080067cf   Thumb Code    26  key_button.o(.text)
    bsp_key_init1                            0x080067e9   Thumb Code    18  key_button.o(.text)
    key_poll                                 0x0800681d   Thumb Code  1252  key_button.o(.text)
    key_irq                                  0x08006d01   Thumb Code   546  key_button.o(.text)
    key_task                                 0x08006f23   Thumb Code    14  key_button.o(.text)
    EXTI15_10_IRQHandler                     0x08006f31   Thumb Code    38  key_button.o(.text)
    HC595_GpioInit                           0x08006fe1   Thumb Code    64  74hc595.o(.text)
    HC595_close                              0x08007021   Thumb Code    20  74hc595.o(.text)
    hc595_out                                0x08007035   Thumb Code   130  74hc595.o(.text)
    hc595_out_for_int                        0x080070b7   Thumb Code   130  74hc595.o(.text)
    led_scan_run                             0x08007145   Thumb Code     2  lednixietube.o(.text)
    led_scan                                 0x08007147   Thumb Code    92  lednixietube.o(.text)
    set_led_dispbuf                          0x080071a3   Thumb Code    34  lednixietube.o(.text)
    clr_led_dispbuf                          0x080071c5   Thumb Code    22  lednixietube.o(.text)
    Bcd2disp                                 0x080071db   Thumb Code    42  lednixietube.o(.text)
    LED_show                                 0x08007205   Thumb Code   110  lednixietube.o(.text)
    led_disable                              0x08007273   Thumb Code    28  lednixietube.o(.text)
    led_enable                               0x0800728f   Thumb Code    32  lednixietube.o(.text)
    NMI_Handler                              0x080072d1   Thumb Code     2  stm32f10x_it.o(.text)
    HardFault_Handler                        0x080072d3   Thumb Code    10  stm32f10x_it.o(.text)
    MemManage_Handler                        0x080072dd   Thumb Code     4  stm32f10x_it.o(.text)
    BusFault_Handler                         0x080072e1   Thumb Code     4  stm32f10x_it.o(.text)
    UsageFault_Handler                       0x080072e5   Thumb Code     4  stm32f10x_it.o(.text)
    SVC_Handler                              0x080072e9   Thumb Code     2  stm32f10x_it.o(.text)
    DebugMon_Handler                         0x080072eb   Thumb Code     2  stm32f10x_it.o(.text)
    SystemInit                               0x080073df   Thumb Code    78  system_stm32f10x.o(.text)
    SystemCoreClockUpdate                    0x0800742d   Thumb Code   142  system_stm32f10x.o(.text)
    Reset_Handler                            0x080074e1   Thumb Code     8  startup_stm32f10x_hd.o(.text)
    PendSV_Handler                           0x080074f7   Thumb Code     2  startup_stm32f10x_hd.o(.text)
    ADC1_2_IRQHandler                        0x080074fb   Thumb Code     0  startup_stm32f10x_hd.o(.text)
    ADC3_IRQHandler                          0x080074fb   Thumb Code     0  startup_stm32f10x_hd.o(.text)
    CAN1_RX1_IRQHandler                      0x080074fb   Thumb Code     0  startup_stm32f10x_hd.o(.text)
    CAN1_SCE_IRQHandler                      0x080074fb   Thumb Code     0  startup_stm32f10x_hd.o(.text)
    DMA1_Channel1_IRQHandler                 0x080074fb   Thumb Code     0  startup_stm32f10x_hd.o(.text)
    DMA1_Channel2_IRQHandler                 0x080074fb   Thumb Code     0  startup_stm32f10x_hd.o(.text)
    DMA1_Channel3_IRQHandler                 0x080074fb   Thumb Code     0  startup_stm32f10x_hd.o(.text)
    DMA1_Channel4_IRQHandler                 0x080074fb   Thumb Code     0  startup_stm32f10x_hd.o(.text)
    DMA1_Channel5_IRQHandler                 0x080074fb   Thumb Code     0  startup_stm32f10x_hd.o(.text)
    DMA1_Channel6_IRQHandler                 0x080074fb   Thumb Code     0  startup_stm32f10x_hd.o(.text)
    DMA1_Channel7_IRQHandler                 0x080074fb   Thumb Code     0  startup_stm32f10x_hd.o(.text)
    DMA2_Channel1_IRQHandler                 0x080074fb   Thumb Code     0  startup_stm32f10x_hd.o(.text)
    DMA2_Channel2_IRQHandler                 0x080074fb   Thumb Code     0  startup_stm32f10x_hd.o(.text)
    DMA2_Channel3_IRQHandler                 0x080074fb   Thumb Code     0  startup_stm32f10x_hd.o(.text)
    DMA2_Channel4_5_IRQHandler               0x080074fb   Thumb Code     0  startup_stm32f10x_hd.o(.text)
    EXTI0_IRQHandler                         0x080074fb   Thumb Code     0  startup_stm32f10x_hd.o(.text)
    EXTI1_IRQHandler                         0x080074fb   Thumb Code     0  startup_stm32f10x_hd.o(.text)
    EXTI2_IRQHandler                         0x080074fb   Thumb Code     0  startup_stm32f10x_hd.o(.text)
    EXTI3_IRQHandler                         0x080074fb   Thumb Code     0  startup_stm32f10x_hd.o(.text)
    EXTI4_IRQHandler                         0x080074fb   Thumb Code     0  startup_stm32f10x_hd.o(.text)
    EXTI9_5_IRQHandler                       0x080074fb   Thumb Code     0  startup_stm32f10x_hd.o(.text)
    FLASH_IRQHandler                         0x080074fb   Thumb Code     0  startup_stm32f10x_hd.o(.text)
    FSMC_IRQHandler                          0x080074fb   Thumb Code     0  startup_stm32f10x_hd.o(.text)
    I2C1_ER_IRQHandler                       0x080074fb   Thumb Code     0  startup_stm32f10x_hd.o(.text)
    I2C1_EV_IRQHandler                       0x080074fb   Thumb Code     0  startup_stm32f10x_hd.o(.text)
    I2C2_ER_IRQHandler                       0x080074fb   Thumb Code     0  startup_stm32f10x_hd.o(.text)
    I2C2_EV_IRQHandler                       0x080074fb   Thumb Code     0  startup_stm32f10x_hd.o(.text)
    PVD_IRQHandler                           0x080074fb   Thumb Code     0  startup_stm32f10x_hd.o(.text)
    RCC_IRQHandler                           0x080074fb   Thumb Code     0  startup_stm32f10x_hd.o(.text)
    RTCAlarm_IRQHandler                      0x080074fb   Thumb Code     0  startup_stm32f10x_hd.o(.text)
    SDIO_IRQHandler                          0x080074fb   Thumb Code     0  startup_stm32f10x_hd.o(.text)
    SPI1_IRQHandler                          0x080074fb   Thumb Code     0  startup_stm32f10x_hd.o(.text)
    SPI2_IRQHandler                          0x080074fb   Thumb Code     0  startup_stm32f10x_hd.o(.text)
    SPI3_IRQHandler                          0x080074fb   Thumb Code     0  startup_stm32f10x_hd.o(.text)
    TAMPER_IRQHandler                        0x080074fb   Thumb Code     0  startup_stm32f10x_hd.o(.text)
    TIM1_BRK_IRQHandler                      0x080074fb   Thumb Code     0  startup_stm32f10x_hd.o(.text)
    TIM1_CC_IRQHandler                       0x080074fb   Thumb Code     0  startup_stm32f10x_hd.o(.text)
    TIM1_TRG_COM_IRQHandler                  0x080074fb   Thumb Code     0  startup_stm32f10x_hd.o(.text)
    TIM1_UP_IRQHandler                       0x080074fb   Thumb Code     0  startup_stm32f10x_hd.o(.text)
    TIM4_IRQHandler                          0x080074fb   Thumb Code     0  startup_stm32f10x_hd.o(.text)
    TIM5_IRQHandler                          0x080074fb   Thumb Code     0  startup_stm32f10x_hd.o(.text)
    TIM8_BRK_IRQHandler                      0x080074fb   Thumb Code     0  startup_stm32f10x_hd.o(.text)
    TIM8_CC_IRQHandler                       0x080074fb   Thumb Code     0  startup_stm32f10x_hd.o(.text)
    TIM8_TRG_COM_IRQHandler                  0x080074fb   Thumb Code     0  startup_stm32f10x_hd.o(.text)
    TIM8_UP_IRQHandler                       0x080074fb   Thumb Code     0  startup_stm32f10x_hd.o(.text)
    UART5_IRQHandler                         0x080074fb   Thumb Code     0  startup_stm32f10x_hd.o(.text)
    USART2_IRQHandler                        0x080074fb   Thumb Code     0  startup_stm32f10x_hd.o(.text)
    USBWakeUp_IRQHandler                     0x080074fb   Thumb Code     0  startup_stm32f10x_hd.o(.text)
    USB_HP_CAN1_TX_IRQHandler                0x080074fb   Thumb Code     0  startup_stm32f10x_hd.o(.text)
    USB_LP_CAN1_RX0_IRQHandler               0x080074fb   Thumb Code     0  startup_stm32f10x_hd.o(.text)
    WWDG_IRQHandler                          0x080074fb   Thumb Code     0  startup_stm32f10x_hd.o(.text)
    __user_initial_stackheap                 0x080074fd   Thumb Code     0  startup_stm32f10x_hd.o(.text)
    NVIC_PriorityGroupConfig                 0x08007521   Thumb Code    10  misc.o(.text)
    NVIC_Init                                0x0800752b   Thumb Code   100  misc.o(.text)
    NVIC_SetVectorTable                      0x0800758f   Thumb Code    14  misc.o(.text)
    NVIC_SystemLPConfig                      0x0800759d   Thumb Code    34  misc.o(.text)
    SysTick_CLKSourceConfig                  0x080075bf   Thumb Code    40  misc.o(.text)
    BKP_DeInit                               0x080075fd   Thumb Code    16  stm32f10x_bkp.o(.text)
    BKP_TamperPinLevelConfig                 0x0800760d   Thumb Code     6  stm32f10x_bkp.o(.text)
    BKP_TamperPinCmd                         0x08007613   Thumb Code     8  stm32f10x_bkp.o(.text)
    BKP_ITConfig                             0x0800761b   Thumb Code     8  stm32f10x_bkp.o(.text)
    BKP_RTCOutputConfig                      0x08007623   Thumb Code    22  stm32f10x_bkp.o(.text)
    BKP_SetRTCCalibrationValue               0x08007639   Thumb Code    22  stm32f10x_bkp.o(.text)
    BKP_WriteBackupRegister                  0x0800764f   Thumb Code    24  stm32f10x_bkp.o(.text)
    BKP_ReadBackupRegister                   0x08007667   Thumb Code    26  stm32f10x_bkp.o(.text)
    BKP_GetFlagStatus                        0x08007681   Thumb Code    10  stm32f10x_bkp.o(.text)
    BKP_ClearFlag                            0x0800768b   Thumb Code    18  stm32f10x_bkp.o(.text)
    BKP_GetITStatus                          0x0800769d   Thumb Code    10  stm32f10x_bkp.o(.text)
    BKP_ClearITPendingBit                    0x080076a7   Thumb Code    18  stm32f10x_bkp.o(.text)
    EXTI_DeInit                              0x080076c1   Thumb Code    28  stm32f10x_exti.o(.text)
    EXTI_Init                                0x080076dd   Thumb Code   142  stm32f10x_exti.o(.text)
    EXTI_StructInit                          0x0800776b   Thumb Code    16  stm32f10x_exti.o(.text)
    EXTI_GenerateSWInterrupt                 0x0800777b   Thumb Code    16  stm32f10x_exti.o(.text)
    EXTI_GetFlagStatus                       0x0800778b   Thumb Code    22  stm32f10x_exti.o(.text)
    EXTI_ClearFlag                           0x080077a1   Thumb Code     8  stm32f10x_exti.o(.text)
    EXTI_GetITStatus                         0x080077a9   Thumb Code    34  stm32f10x_exti.o(.text)
    EXTI_ClearITPendingBit                   0x080077cb   Thumb Code     8  stm32f10x_exti.o(.text)
    FLASH_SetLatency                         0x080077dd   Thumb Code    18  stm32f10x_flash.o(.text)
    FLASH_HalfCycleAccessCmd                 0x080077ef   Thumb Code    22  stm32f10x_flash.o(.text)
    FLASH_PrefetchBufferCmd                  0x08007805   Thumb Code    22  stm32f10x_flash.o(.text)
    FLASH_Unlock                             0x0800781b   Thumb Code    12  stm32f10x_flash.o(.text)
    FLASH_UnlockBank1                        0x08007827   Thumb Code    12  stm32f10x_flash.o(.text)
    FLASH_Lock                               0x08007833   Thumb Code    14  stm32f10x_flash.o(.text)
    FLASH_LockBank1                          0x08007841   Thumb Code    14  stm32f10x_flash.o(.text)
    FLASH_GetBank1Status                     0x0800784f   Thumb Code    48  stm32f10x_flash.o(.text)
    FLASH_WaitForLastOperation               0x0800787f   Thumb Code    38  stm32f10x_flash.o(.text)
    FLASH_ErasePage                          0x080078a5   Thumb Code    72  stm32f10x_flash.o(.text)
    FLASH_EraseAllPages                      0x080078ed   Thumb Code    68  stm32f10x_flash.o(.text)
    FLASH_WaitForLastBank1Operation          0x08007931   Thumb Code    38  stm32f10x_flash.o(.text)
    FLASH_EraseAllBank1Pages                 0x08007957   Thumb Code    68  stm32f10x_flash.o(.text)
    FLASH_GetReadOutProtectionStatus         0x0800799b   Thumb Code    20  stm32f10x_flash.o(.text)
    FLASH_EraseOptionBytes                   0x080079af   Thumb Code   150  stm32f10x_flash.o(.text)
    FLASH_ProgramWord                        0x08007a45   Thumb Code   102  stm32f10x_flash.o(.text)
    FLASH_ProgramHalfWord                    0x08007aab   Thumb Code    60  stm32f10x_flash.o(.text)
    FLASH_ProgramOptionByteData              0x08007ae7   Thumb Code    72  stm32f10x_flash.o(.text)
    FLASH_EnableWriteProtection              0x08007b2f   Thumb Code   200  stm32f10x_flash.o(.text)
    FLASH_ReadOutProtection                  0x08007bf7   Thumb Code   156  stm32f10x_flash.o(.text)
    FLASH_UserOptionByteConfig               0x08007c93   Thumb Code    88  stm32f10x_flash.o(.text)
    FLASH_GetUserOptionByte                  0x08007ceb   Thumb Code     8  stm32f10x_flash.o(.text)
    FLASH_GetWriteProtectionOptionByte       0x08007cf3   Thumb Code     6  stm32f10x_flash.o(.text)
    FLASH_GetPrefetchBufferStatus            0x08007cf9   Thumb Code    20  stm32f10x_flash.o(.text)
    FLASH_ITConfig                           0x08007d0d   Thumb Code    26  stm32f10x_flash.o(.text)
    FLASH_GetFlagStatus                      0x08007d27   Thumb Code    42  stm32f10x_flash.o(.text)
    FLASH_ClearFlag                          0x08007d51   Thumb Code     6  stm32f10x_flash.o(.text)
    FLASH_GetStatus                          0x08007d57   Thumb Code    48  stm32f10x_flash.o(.text)
    GPIO_DeInit                              0x08007d99   Thumb Code   172  stm32f10x_gpio.o(.text)
    GPIO_AFIODeInit                          0x08007e45   Thumb Code    20  stm32f10x_gpio.o(.text)
    GPIO_Init                                0x08007e59   Thumb Code   278  stm32f10x_gpio.o(.text)
    GPIO_StructInit                          0x08007f6f   Thumb Code    16  stm32f10x_gpio.o(.text)
    GPIO_ReadInputDataBit                    0x08007f7f   Thumb Code    18  stm32f10x_gpio.o(.text)
    GPIO_ReadInputData                       0x08007f91   Thumb Code     8  stm32f10x_gpio.o(.text)
    GPIO_ReadOutputDataBit                   0x08007f99   Thumb Code    18  stm32f10x_gpio.o(.text)
    GPIO_ReadOutputData                      0x08007fab   Thumb Code     8  stm32f10x_gpio.o(.text)
    GPIO_SetBits                             0x08007fb3   Thumb Code     4  stm32f10x_gpio.o(.text)
    GPIO_ResetBits                           0x08007fb7   Thumb Code     4  stm32f10x_gpio.o(.text)
    GPIO_WriteBit                            0x08007fbb   Thumb Code    10  stm32f10x_gpio.o(.text)
    GPIO_Write                               0x08007fc5   Thumb Code     4  stm32f10x_gpio.o(.text)
    GPIO_PinLockConfig                       0x08007fc9   Thumb Code    18  stm32f10x_gpio.o(.text)
    GPIO_EventOutputConfig                   0x08007fdb   Thumb Code    26  stm32f10x_gpio.o(.text)
    GPIO_EventOutputCmd                      0x08007ff5   Thumb Code     6  stm32f10x_gpio.o(.text)
    GPIO_PinRemapConfig                      0x08007ffb   Thumb Code   138  stm32f10x_gpio.o(.text)
    GPIO_EXTILineConfig                      0x08008085   Thumb Code    66  stm32f10x_gpio.o(.text)
    GPIO_ETH_MediaInterfaceConfig            0x080080c7   Thumb Code     8  stm32f10x_gpio.o(.text)
    PWR_DeInit                               0x080080f5   Thumb Code    22  stm32f10x_pwr.o(.text)
    PWR_BackupAccessCmd                      0x0800810b   Thumb Code     6  stm32f10x_pwr.o(.text)
    PWR_PVDCmd                               0x08008111   Thumb Code     6  stm32f10x_pwr.o(.text)
    PWR_PVDLevelConfig                       0x08008117   Thumb Code    18  stm32f10x_pwr.o(.text)
    PWR_WakeUpPinCmd                         0x08008129   Thumb Code     8  stm32f10x_pwr.o(.text)
    PWR_EnterSTOPMode                        0x08008131   Thumb Code    54  stm32f10x_pwr.o(.text)
    PWR_EnterSTANDBYMode                     0x08008167   Thumb Code    42  stm32f10x_pwr.o(.text)
    PWR_GetFlagStatus                        0x08008191   Thumb Code    20  stm32f10x_pwr.o(.text)
    PWR_ClearFlag                            0x080081a5   Thumb Code    14  stm32f10x_pwr.o(.text)
    RCC_DeInit                               0x080081c1   Thumb Code    64  stm32f10x_rcc.o(.text)
    RCC_HSEConfig                            0x08008201   Thumb Code    70  stm32f10x_rcc.o(.text)
    RCC_GetFlagStatus                        0x08008247   Thumb Code    56  stm32f10x_rcc.o(.text)
    RCC_WaitForHSEStartUp                    0x0800827f   Thumb Code    56  stm32f10x_rcc.o(.text)
    RCC_AdjustHSICalibrationValue            0x080082b7   Thumb Code    20  stm32f10x_rcc.o(.text)
    RCC_HSICmd                               0x080082cb   Thumb Code     6  stm32f10x_rcc.o(.text)
    RCC_PLLConfig                            0x080082d1   Thumb Code    24  stm32f10x_rcc.o(.text)
    RCC_PLLCmd                               0x080082e9   Thumb Code     6  stm32f10x_rcc.o(.text)
    RCC_SYSCLKConfig                         0x080082ef   Thumb Code    18  stm32f10x_rcc.o(.text)
    RCC_GetSYSCLKSource                      0x08008301   Thumb Code    10  stm32f10x_rcc.o(.text)
    RCC_HCLKConfig                           0x0800830b   Thumb Code    18  stm32f10x_rcc.o(.text)
    RCC_PCLK1Config                          0x0800831d   Thumb Code    18  stm32f10x_rcc.o(.text)
    RCC_PCLK2Config                          0x0800832f   Thumb Code    20  stm32f10x_rcc.o(.text)
    RCC_ITConfig                             0x08008343   Thumb Code    26  stm32f10x_rcc.o(.text)
    RCC_USBCLKConfig                         0x0800835d   Thumb Code     8  stm32f10x_rcc.o(.text)
    RCC_ADCCLKConfig                         0x08008365   Thumb Code    18  stm32f10x_rcc.o(.text)
    RCC_LSEConfig                            0x08008377   Thumb Code    50  stm32f10x_rcc.o(.text)
    RCC_LSICmd                               0x080083a9   Thumb Code     6  stm32f10x_rcc.o(.text)
    RCC_RTCCLKConfig                         0x080083af   Thumb Code    12  stm32f10x_rcc.o(.text)
    RCC_RTCCLKCmd                            0x080083bb   Thumb Code     8  stm32f10x_rcc.o(.text)
    RCC_GetClocksFreq                        0x080083c3   Thumb Code   192  stm32f10x_rcc.o(.text)
    RCC_AHBPeriphClockCmd                    0x08008483   Thumb Code    26  stm32f10x_rcc.o(.text)
    RCC_APB2PeriphClockCmd                   0x0800849d   Thumb Code    26  stm32f10x_rcc.o(.text)
    RCC_APB1PeriphClockCmd                   0x080084b7   Thumb Code    26  stm32f10x_rcc.o(.text)
    RCC_APB2PeriphResetCmd                   0x080084d1   Thumb Code    26  stm32f10x_rcc.o(.text)
    RCC_APB1PeriphResetCmd                   0x080084eb   Thumb Code    26  stm32f10x_rcc.o(.text)
    RCC_BackupResetCmd                       0x08008505   Thumb Code     8  stm32f10x_rcc.o(.text)
    RCC_ClockSecuritySystemCmd               0x0800850d   Thumb Code     6  stm32f10x_rcc.o(.text)
    RCC_MCOConfig                            0x08008513   Thumb Code     6  stm32f10x_rcc.o(.text)
    RCC_ClearFlag                            0x08008519   Thumb Code    14  stm32f10x_rcc.o(.text)
    RCC_GetITStatus                          0x08008527   Thumb Code    20  stm32f10x_rcc.o(.text)
    RCC_ClearITPendingBit                    0x0800853b   Thumb Code     6  stm32f10x_rcc.o(.text)
    RTC_ITConfig                             0x08008565   Thumb Code    26  stm32f10x_rtc.o(.text)
    RTC_EnterConfigMode                      0x0800857f   Thumb Code    18  stm32f10x_rtc.o(.text)
    RTC_ExitConfigMode                       0x08008591   Thumb Code    20  stm32f10x_rtc.o(.text)
    RTC_GetCounter                           0x080085a5   Thumb Code    18  stm32f10x_rtc.o(.text)
    RTC_SetCounter                           0x080085b7   Thumb Code    26  stm32f10x_rtc.o(.text)
    RTC_SetPrescaler                         0x080085d1   Thumb Code    28  stm32f10x_rtc.o(.text)
    RTC_SetAlarm                             0x080085ed   Thumb Code    26  stm32f10x_rtc.o(.text)
    RTC_GetDivider                           0x08008607   Thumb Code    22  stm32f10x_rtc.o(.text)
    RTC_WaitForLastTask                      0x0800861d   Thumb Code    18  stm32f10x_rtc.o(.text)
    RTC_WaitForSynchro                       0x0800862f   Thumb Code    36  stm32f10x_rtc.o(.text)
    RTC_GetFlagStatus                        0x08008653   Thumb Code    22  stm32f10x_rtc.o(.text)
    RTC_ClearFlag                            0x08008669   Thumb Code    16  stm32f10x_rtc.o(.text)
    RTC_GetITStatus                          0x08008679   Thumb Code    32  stm32f10x_rtc.o(.text)
    RTC_ClearITPendingBit                    0x08008699   Thumb Code    16  stm32f10x_rtc.o(.text)
    SPI_I2S_DeInit                           0x080086ad   Thumb Code    76  stm32f10x_spi.o(.text)
    SPI_Init                                 0x080086f9   Thumb Code    60  stm32f10x_spi.o(.text)
    I2S_Init                                 0x08008735   Thumb Code   226  stm32f10x_spi.o(.text)
    SPI_StructInit                           0x08008817   Thumb Code    24  stm32f10x_spi.o(.text)
    I2S_StructInit                           0x0800882f   Thumb Code    20  stm32f10x_spi.o(.text)
    SPI_Cmd                                  0x08008843   Thumb Code    24  stm32f10x_spi.o(.text)
    I2S_Cmd                                  0x0800885b   Thumb Code    24  stm32f10x_spi.o(.text)
    SPI_I2S_ITConfig                         0x08008873   Thumb Code    32  stm32f10x_spi.o(.text)
    SPI_I2S_DMACmd                           0x08008893   Thumb Code    18  stm32f10x_spi.o(.text)
    SPI_I2S_SendData                         0x080088a5   Thumb Code     4  stm32f10x_spi.o(.text)
    SPI_I2S_ReceiveData                      0x080088a9   Thumb Code     6  stm32f10x_spi.o(.text)
    SPI_NSSInternalSoftwareConfig            0x080088af   Thumb Code    30  stm32f10x_spi.o(.text)
    SPI_SSOutputCmd                          0x080088cd   Thumb Code    24  stm32f10x_spi.o(.text)
    SPI_DataSizeConfig                       0x080088e5   Thumb Code    18  stm32f10x_spi.o(.text)
    SPI_TransmitCRC                          0x080088f7   Thumb Code    10  stm32f10x_spi.o(.text)
    SPI_CalculateCRC                         0x08008901   Thumb Code    24  stm32f10x_spi.o(.text)
    SPI_GetCRC                               0x08008919   Thumb Code    16  stm32f10x_spi.o(.text)
    SPI_GetCRCPolynomial                     0x08008929   Thumb Code     6  stm32f10x_spi.o(.text)
    SPI_BiDirectionalLineConfig              0x0800892f   Thumb Code    28  stm32f10x_spi.o(.text)
    SPI_I2S_GetFlagStatus                    0x0800894b   Thumb Code    18  stm32f10x_spi.o(.text)
    SPI_I2S_ClearFlag                        0x0800895d   Thumb Code     6  stm32f10x_spi.o(.text)
    SPI_I2S_GetITStatus                      0x08008963   Thumb Code    52  stm32f10x_spi.o(.text)
    SPI_I2S_ClearITPendingBit                0x08008997   Thumb Code    20  stm32f10x_spi.o(.text)
    TIM_DeInit                               0x080089b9   Thumb Code   424  stm32f10x_tim.o(.text)
    TIM_TimeBaseInit                         0x08008b61   Thumb Code   122  stm32f10x_tim.o(.text)
    TIM_OC1Init                              0x08008bdb   Thumb Code   132  stm32f10x_tim.o(.text)
    TIM_OC2Init                              0x08008c5f   Thumb Code   154  stm32f10x_tim.o(.text)
    TIM_OC3Init                              0x08008cf9   Thumb Code   150  stm32f10x_tim.o(.text)
    TIM_OC4Init                              0x08008d8f   Thumb Code   182  stm32f10x_tim.o(.text)
    TIM_SetIC4Prescaler                      0x08008e45   Thumb Code    26  stm32f10x_tim.o(.text)
    TIM_SetIC3Prescaler                      0x08008ee1   Thumb Code    18  stm32f10x_tim.o(.text)
    TIM_SetIC2Prescaler                      0x08008f6d   Thumb Code    26  stm32f10x_tim.o(.text)
    TIM_SetIC1Prescaler                      0x08009009   Thumb Code    18  stm32f10x_tim.o(.text)
    TIM_ICInit                               0x08009087   Thumb Code   150  stm32f10x_tim.o(.text)
    TIM_PWMIConfig                           0x0800911d   Thumb Code   124  stm32f10x_tim.o(.text)
    TIM_BDTRConfig                           0x08009199   Thumb Code    32  stm32f10x_tim.o(.text)
    TIM_TimeBaseStructInit                   0x080091b9   Thumb Code    18  stm32f10x_tim.o(.text)
    TIM_OCStructInit                         0x080091cb   Thumb Code    20  stm32f10x_tim.o(.text)
    TIM_ICStructInit                         0x080091df   Thumb Code    18  stm32f10x_tim.o(.text)
    TIM_BDTRStructInit                       0x080091f1   Thumb Code    40  stm32f10x_tim.o(.text)
    TIM_Cmd                                  0x08009219   Thumb Code    24  stm32f10x_tim.o(.text)
    TIM_CtrlPWMOutputs                       0x08009231   Thumb Code    30  stm32f10x_tim.o(.text)
    TIM_ITConfig                             0x0800924f   Thumb Code    18  stm32f10x_tim.o(.text)
    TIM_GenerateEvent                        0x08009261   Thumb Code     4  stm32f10x_tim.o(.text)
    TIM_DMAConfig                            0x08009265   Thumb Code    10  stm32f10x_tim.o(.text)
    TIM_DMACmd                               0x0800926f   Thumb Code    18  stm32f10x_tim.o(.text)
    TIM_InternalClockConfig                  0x08009281   Thumb Code    12  stm32f10x_tim.o(.text)
    TIM_SelectInputTrigger                   0x0800928d   Thumb Code    18  stm32f10x_tim.o(.text)
    TIM_ITRxExternalClockConfig              0x0800929f   Thumb Code    24  stm32f10x_tim.o(.text)
    TIM_TIxExternalClockConfig               0x080092b7   Thumb Code    62  stm32f10x_tim.o(.text)
    TIM_ETRConfig                            0x080092f5   Thumb Code    28  stm32f10x_tim.o(.text)
    TIM_ETRClockMode1Config                  0x08009311   Thumb Code    54  stm32f10x_tim.o(.text)
    TIM_ETRClockMode2Config                  0x08009347   Thumb Code    32  stm32f10x_tim.o(.text)
    TIM_PrescalerConfig                      0x08009367   Thumb Code     6  stm32f10x_tim.o(.text)
    TIM_CounterModeConfig                    0x0800936d   Thumb Code    18  stm32f10x_tim.o(.text)
    TIM_EncoderInterfaceConfig               0x0800937f   Thumb Code    66  stm32f10x_tim.o(.text)
    TIM_ForcedOC1Config                      0x080093c1   Thumb Code    18  stm32f10x_tim.o(.text)
    TIM_ForcedOC2Config                      0x080093d3   Thumb Code    26  stm32f10x_tim.o(.text)
    TIM_ForcedOC3Config                      0x080093ed   Thumb Code    18  stm32f10x_tim.o(.text)
    TIM_ForcedOC4Config                      0x080093ff   Thumb Code    26  stm32f10x_tim.o(.text)
    TIM_ARRPreloadConfig                     0x08009419   Thumb Code    24  stm32f10x_tim.o(.text)
    TIM_SelectCOM                            0x08009431   Thumb Code    24  stm32f10x_tim.o(.text)
    TIM_SelectCCDMA                          0x08009449   Thumb Code    24  stm32f10x_tim.o(.text)
    TIM_CCPreloadControl                     0x08009461   Thumb Code    24  stm32f10x_tim.o(.text)
    TIM_OC1PreloadConfig                     0x08009479   Thumb Code    18  stm32f10x_tim.o(.text)
    TIM_OC2PreloadConfig                     0x0800948b   Thumb Code    26  stm32f10x_tim.o(.text)
    TIM_OC3PreloadConfig                     0x080094a5   Thumb Code    18  stm32f10x_tim.o(.text)
    TIM_OC4PreloadConfig                     0x080094b7   Thumb Code    26  stm32f10x_tim.o(.text)
    TIM_OC1FastConfig                        0x080094d1   Thumb Code    18  stm32f10x_tim.o(.text)
    TIM_OC2FastConfig                        0x080094e3   Thumb Code    26  stm32f10x_tim.o(.text)
    TIM_OC3FastConfig                        0x080094fd   Thumb Code    18  stm32f10x_tim.o(.text)
    TIM_OC4FastConfig                        0x0800950f   Thumb Code    26  stm32f10x_tim.o(.text)
    TIM_ClearOC1Ref                          0x08009529   Thumb Code    18  stm32f10x_tim.o(.text)
    TIM_ClearOC2Ref                          0x0800953b   Thumb Code    24  stm32f10x_tim.o(.text)
    TIM_ClearOC3Ref                          0x08009553   Thumb Code    18  stm32f10x_tim.o(.text)
    TIM_ClearOC4Ref                          0x08009565   Thumb Code    24  stm32f10x_tim.o(.text)
    TIM_OC1PolarityConfig                    0x0800957d   Thumb Code    18  stm32f10x_tim.o(.text)
    TIM_OC1NPolarityConfig                   0x0800958f   Thumb Code    18  stm32f10x_tim.o(.text)
    TIM_OC2PolarityConfig                    0x080095a1   Thumb Code    26  stm32f10x_tim.o(.text)
    TIM_OC2NPolarityConfig                   0x080095bb   Thumb Code    26  stm32f10x_tim.o(.text)
    TIM_OC3PolarityConfig                    0x080095d5   Thumb Code    26  stm32f10x_tim.o(.text)
    TIM_OC3NPolarityConfig                   0x080095ef   Thumb Code    26  stm32f10x_tim.o(.text)
    TIM_OC4PolarityConfig                    0x08009609   Thumb Code    26  stm32f10x_tim.o(.text)
    TIM_CCxCmd                               0x08009623   Thumb Code    30  stm32f10x_tim.o(.text)
    TIM_CCxNCmd                              0x08009641   Thumb Code    30  stm32f10x_tim.o(.text)
    TIM_SelectOCxM                           0x0800965f   Thumb Code    82  stm32f10x_tim.o(.text)
    TIM_UpdateDisableConfig                  0x080096b1   Thumb Code    24  stm32f10x_tim.o(.text)
    TIM_UpdateRequestConfig                  0x080096c9   Thumb Code    24  stm32f10x_tim.o(.text)
    TIM_SelectHallSensor                     0x080096e1   Thumb Code    24  stm32f10x_tim.o(.text)
    TIM_SelectOnePulseMode                   0x080096f9   Thumb Code    18  stm32f10x_tim.o(.text)
    TIM_SelectOutputTrigger                  0x0800970b   Thumb Code    18  stm32f10x_tim.o(.text)
    TIM_SelectSlaveMode                      0x0800971d   Thumb Code    18  stm32f10x_tim.o(.text)
    TIM_SelectMasterSlaveMode                0x0800972f   Thumb Code    18  stm32f10x_tim.o(.text)
    TIM_SetCounter                           0x08009741   Thumb Code     4  stm32f10x_tim.o(.text)
    TIM_SetAutoreload                        0x08009745   Thumb Code     4  stm32f10x_tim.o(.text)
    TIM_SetCompare1                          0x08009749   Thumb Code     4  stm32f10x_tim.o(.text)
    TIM_SetCompare2                          0x0800974d   Thumb Code     4  stm32f10x_tim.o(.text)
    TIM_SetCompare3                          0x08009751   Thumb Code     4  stm32f10x_tim.o(.text)
    TIM_SetCompare4                          0x08009755   Thumb Code     6  stm32f10x_tim.o(.text)
    TIM_SetClockDivision                     0x0800975b   Thumb Code    18  stm32f10x_tim.o(.text)
    TIM_GetCapture1                          0x0800976d   Thumb Code     6  stm32f10x_tim.o(.text)
    TIM_GetCapture2                          0x08009773   Thumb Code     6  stm32f10x_tim.o(.text)
    TIM_GetCapture3                          0x08009779   Thumb Code     6  stm32f10x_tim.o(.text)
    TIM_GetCapture4                          0x0800977f   Thumb Code     8  stm32f10x_tim.o(.text)
    TIM_GetCounter                           0x08009787   Thumb Code     6  stm32f10x_tim.o(.text)
    TIM_GetPrescaler                         0x0800978d   Thumb Code     6  stm32f10x_tim.o(.text)
    TIM_GetFlagStatus                        0x08009793   Thumb Code    18  stm32f10x_tim.o(.text)
    TIM_ClearFlag                            0x080097a5   Thumb Code     6  stm32f10x_tim.o(.text)
    TIM_GetITStatus                          0x080097ab   Thumb Code    34  stm32f10x_tim.o(.text)
    TIM_ClearITPendingBit                    0x080097cd   Thumb Code     6  stm32f10x_tim.o(.text)
    USART_DeInit                             0x080097d5   Thumb Code   134  stm32f10x_usart.o(.text)
    USART_Init                               0x0800985b   Thumb Code   210  stm32f10x_usart.o(.text)
    USART_StructInit                         0x0800992d   Thumb Code    24  stm32f10x_usart.o(.text)
    USART_ClockInit                          0x08009945   Thumb Code    34  stm32f10x_usart.o(.text)
    USART_ClockStructInit                    0x08009967   Thumb Code    12  stm32f10x_usart.o(.text)
    USART_Cmd                                0x08009973   Thumb Code    24  stm32f10x_usart.o(.text)
    USART_ITConfig                           0x0800998b   Thumb Code    74  stm32f10x_usart.o(.text)
    USART_DMACmd                             0x080099d5   Thumb Code    18  stm32f10x_usart.o(.text)
    USART_SetAddress                         0x080099e7   Thumb Code    18  stm32f10x_usart.o(.text)
    USART_WakeUpConfig                       0x080099f9   Thumb Code    18  stm32f10x_usart.o(.text)
    USART_ReceiverWakeUpCmd                  0x08009a0b   Thumb Code    24  stm32f10x_usart.o(.text)
    USART_LINBreakDetectLengthConfig         0x08009a23   Thumb Code    18  stm32f10x_usart.o(.text)
    USART_LINCmd                             0x08009a35   Thumb Code    24  stm32f10x_usart.o(.text)
    USART_SendData                           0x08009a4d   Thumb Code     8  stm32f10x_usart.o(.text)
    USART_ReceiveData                        0x08009a55   Thumb Code    10  stm32f10x_usart.o(.text)
    USART_SendBreak                          0x08009a5f   Thumb Code    10  stm32f10x_usart.o(.text)
    USART_SetGuardTime                       0x08009a69   Thumb Code    16  stm32f10x_usart.o(.text)
    USART_SetPrescaler                       0x08009a79   Thumb Code    16  stm32f10x_usart.o(.text)
    USART_SmartCardCmd                       0x08009a89   Thumb Code    24  stm32f10x_usart.o(.text)
    USART_SmartCardNACKCmd                   0x08009aa1   Thumb Code    24  stm32f10x_usart.o(.text)
    USART_HalfDuplexCmd                      0x08009ab9   Thumb Code    24  stm32f10x_usart.o(.text)
    USART_OverSampling8Cmd                   0x08009ad1   Thumb Code    22  stm32f10x_usart.o(.text)
    USART_OneBitMethodCmd                    0x08009ae7   Thumb Code    24  stm32f10x_usart.o(.text)
    USART_IrDAConfig                         0x08009aff   Thumb Code    18  stm32f10x_usart.o(.text)
    USART_IrDACmd                            0x08009b11   Thumb Code    24  stm32f10x_usart.o(.text)
    USART_GetFlagStatus                      0x08009b29   Thumb Code    26  stm32f10x_usart.o(.text)
    USART_ClearFlag                          0x08009b43   Thumb Code    18  stm32f10x_usart.o(.text)
    USART_GetITStatus                        0x08009b55   Thumb Code    84  stm32f10x_usart.o(.text)
    USART_ClearITPendingBit                  0x08009ba9   Thumb Code    52  stm32f10x_usart.o(.text)
    kfifo_init                               0x08009bf9   Thumb Code    36  kfifo.o(.text)
    kfifo_reset                              0x08009c1d   Thumb Code    20  kfifo.o(.text)
    kfifo_push_in                            0x08009c31   Thumb Code   116  kfifo.o(.text)
    kfifo_pull_out                           0x08009ca5   Thumb Code   110  kfifo.o(.text)
    kfifo_have_len                           0x08009d13   Thumb Code    10  kfifo.o(.text)
    kfifo_rest_len                           0x08009d1d   Thumb Code    16  kfifo.o(.text)
    kfifo_get_w_index                        0x08009d2d   Thumb Code    12  kfifo.o(.text)
    kfifo_get_r_index                        0x08009d39   Thumb Code    12  kfifo.o(.text)
    STM32_GPIOx_Init                         0x08009d45   Thumb Code    48  sys.o(.text)
    STM32_Flash_Capacity                     0x08009d75   Thumb Code   154  sys.o(.text)
    STM32_CPUID                              0x08009e0f   Thumb Code    20  sys.o(.text)
    MY_NVIC_SetVectorTable                   0x08009e23   Thumb Code    14  sys.o(.text)
    MY_NVIC_PriorityGroup_Config             0x08009e31   Thumb Code    12  sys.o(.text)
    MY_NVIC_Init                             0x08009e3d   Thumb Code    42  sys.o(.text)
    MY_RCC_DeInit                            0x08009e67   Thumb Code    90  sys.o(.text)
    SYS_Standby                              0x08009ec1   Thumb Code    68  sys.o(.text)
    SYS_SoftReset                            0x08009f05   Thumb Code    10  sys.o(.text)
    STM_JTAG_Set                             0x08009f0f   Thumb Code    36  sys.o(.text)
    STM_Clock_Init                           0x08009f33   Thumb Code   134  sys.o(.text)
    BCD_to_HEX                               0x08009fb9   Thumb Code    26  sys.o(.text)
    HEX_to_BCD                               0x08009fd3   Thumb Code    20  sys.o(.text)
    CharToHex                                0x08009fe7   Thumb Code    36  sys.o(.text)
    HexToChar                                0x0800a00b   Thumb Code    52  sys.o(.text)
    HexStrToByte                             0x0800a03f   Thumb Code    70  sys.o(.text)
    ByteToHexStr                             0x0800a085   Thumb Code    66  sys.o(.text)
    BytetoBCD                                0x0800a0c7   Thumb Code    54  sys.o(.text)
    DX_to_HX                                 0x0800a0fd   Thumb Code    70  sys.o(.text)
    HX_to_DX                                 0x0800a143   Thumb Code   102  sys.o(.text)
    SYSTICK_NVIC_Configuration               0x0800a1a9   Thumb Code    34  systick.o(.text)
    SYSTICK_Configuration                    0x0800a1cb   Thumb Code    32  systick.o(.text)
    SYSTICK_init                             0x0800a1eb   Thumb Code    12  systick.o(.text)
    SYSTICK_IntDisable                       0x0800a1f7   Thumb Code    18  systick.o(.text)
    SYSTICK_IntEnable                        0x0800a209   Thumb Code    18  systick.o(.text)
    SYSTICK_ClearSystickVal                  0x0800a21b   Thumb Code    10  systick.o(.text)
    SYSTICK_GetVal                           0x0800a225   Thumb Code     8  systick.o(.text)
    SYSTICK_Delay10ms                        0x0800a22d   Thumb Code    26  systick.o(.text)
    SYSTICK_get_time                         0x0800a247   Thumb Code     6  systick.o(.text)
    SysTick_Handler                          0x0800a24d   Thumb Code    12  systick.o(.text)
    delay_init                               0x0800a261   Thumb Code    26  delay.o(.text)
    delay_us                                 0x0800a27b   Thumb Code    62  delay.o(.text)
    sdelay                                   0x0800a2b9   Thumb Code    26  delay.o(.text)
    __use_no_semihosting                     0x0800a2e5   Thumb Code     2  use_no_semi_2.o(.text)
    calloc                                   0x0800a2e7   Thumb Code    40  calloc.o(.text)
    free                                     0x0800a30f   Thumb Code    78  h1_free.o(.text)
    __2printf                                0x0800a35d   Thumb Code    20  noretval__2printf.o(.text)
    __2sprintf                               0x0800a375   Thumb Code    34  noretval__2sprintf.o(.text)
    _printf_pre_padding                      0x0800a39d   Thumb Code    44  _printf_pad.o(.text)
    _printf_post_padding                     0x0800a3c9   Thumb Code    34  _printf_pad.o(.text)
    _printf_str                              0x0800a3eb   Thumb Code    82  _printf_str.o(.text)
    _printf_int_dec                          0x0800a43d   Thumb Code   104  _printf_dec.o(.text)
    _printf_int_hex                          0x0800a4b5   Thumb Code    84  _printf_hex_int.o(.text)
    _printf_longlong_hex                     0x0800a4b5   Thumb Code     0  _printf_hex_int.o(.text)
    __printf                                 0x0800a50d   Thumb Code   388  __printf_flags_ss_wp.o(.text)
    strtok                                   0x0800a695   Thumb Code     6  strtok.o(.text)
    strstr                                   0x0800a6a1   Thumb Code    36  strstr.o(.text)
    memcmp                                   0x0800a6c5   Thumb Code    88  memcmp.o(.text)
    strrchr                                  0x0800a71d   Thumb Code    22  strrchr.o(.text)
    strlen                                   0x0800a733   Thumb Code    62  strlen.o(.text)
    __aeabi_memcpy                           0x0800a771   Thumb Code     0  rt_memcpy_v6.o(.text)
    __rt_memcpy                              0x0800a771   Thumb Code   138  rt_memcpy_v6.o(.text)
    _memcpy_lastbytes                        0x0800a7d7   Thumb Code     0  rt_memcpy_v6.o(.text)
    __aeabi_memset                           0x0800a7fb   Thumb Code    16  aeabi_memset.o(.text)
    __aeabi_memclr                           0x0800a80b   Thumb Code     0  rt_memclr.o(.text)
    __rt_memclr                              0x0800a80b   Thumb Code    68  rt_memclr.o(.text)
    _memset                                  0x0800a80f   Thumb Code     0  rt_memclr.o(.text)
    __aeabi_memclr4                          0x0800a84f   Thumb Code     0  rt_memclr_w.o(.text)
    __aeabi_memclr8                          0x0800a84f   Thumb Code     0  rt_memclr_w.o(.text)
    __rt_memclr_w                            0x0800a84f   Thumb Code    78  rt_memclr_w.o(.text)
    _memset_w                                0x0800a853   Thumb Code     0  rt_memclr_w.o(.text)
    __use_two_region_memory                  0x0800a89d   Thumb Code     2  heapauxi.o(.text)
    __rt_heap_escrow                         0x0800a89f   Thumb Code     2  heapauxi.o(.text)
    __rt_heap_expand                         0x0800a8a1   Thumb Code     2  heapauxi.o(.text)
    __I$use$semihosting                      0x0800a8a3   Thumb Code     0  use_no_semi.o(.text)
    __use_no_semihosting_swi                 0x0800a8a3   Thumb Code     2  use_no_semi.o(.text)
    __rt_heap_descriptor                     0x0800a8a5   Thumb Code     8  rt_heap_descriptor_intlibspace.o(.text)
    __use_no_heap                            0x0800a8ad   Thumb Code     2  hguard.o(.text)
    __heap$guard                             0x0800a8af   Thumb Code     2  hguard.o(.text)
    _terminate_user_alloc                    0x0800a8b1   Thumb Code     2  init_alloc.o(.text)
    _init_user_alloc                         0x0800a8b3   Thumb Code     2  init_alloc.o(.text)
    __Heap_Full                              0x0800a8b5   Thumb Code    34  init_alloc.o(.text)
    __Heap_Broken                            0x0800a8d7   Thumb Code     6  init_alloc.o(.text)
    _init_alloc                              0x0800a8dd   Thumb Code    94  init_alloc.o(.text)
    malloc                                   0x0800a93b   Thumb Code    94  h1_alloc.o(.text)
    _printf_int_common                       0x0800a999   Thumb Code   178  _printf_intcommon.o(.text)
    _printf_char_common                      0x0800aa57   Thumb Code    32  _printf_char_common.o(.text)
    _sputc                                   0x0800aa7d   Thumb Code    10  _sputc.o(.text)
    _printf_cs_common                        0x0800aa87   Thumb Code    20  _printf_char.o(.text)
    _printf_char                             0x0800aa9b   Thumb Code    16  _printf_char.o(.text)
    _printf_string                           0x0800aaab   Thumb Code     8  _printf_char.o(.text)
    _printf_char_file                        0x0800aab5   Thumb Code    32  _printf_char_file.o(.text)
    __strtok_internal                        0x0800aad9   Thumb Code    64  strtok_int.o(.text)
    __aeabi_memcpy4                          0x0800ab1d   Thumb Code     0  rt_memcpy_w.o(.text)
    __aeabi_memcpy8                          0x0800ab1d   Thumb Code     0  rt_memcpy_w.o(.text)
    __rt_memcpy_w                            0x0800ab1d   Thumb Code   100  rt_memcpy_w.o(.text)
    _memcpy_lastbytes_aligned                0x0800ab65   Thumb Code     0  rt_memcpy_w.o(.text)
    __user_libspace                          0x0800ab81   Thumb Code     8  libspace.o(.text)
    __user_perproc_libspace                  0x0800ab81   Thumb Code     0  libspace.o(.text)
    __user_perthread_libspace                0x0800ab81   Thumb Code     0  libspace.o(.text)
    __Heap_Initialize                        0x0800ab89   Thumb Code    10  h1_init.o(.text)
    __Heap_DescSize                          0x0800ab93   Thumb Code     4  h1_init.o(.text)
    __Heap_ProvideMemory                     0x0800ab97   Thumb Code    52  h1_extend.o(.text)
    ferror                                   0x0800abcb   Thumb Code     8  ferror.o(.text)
    __rt_SIGRTMEM                            0x0800abd3   Thumb Code    14  defsig_rtmem_outer.o(.text)
    strcspn                                  0x0800abe1   Thumb Code    32  strcspn.o(.text)
    strspn                                   0x0800ac01   Thumb Code    28  strspn.o(.text)
    __user_setup_stackheap                   0x0800ac1d   Thumb Code    74  sys_stackheap_outer.o(.text)
    exit                                     0x0800ac67   Thumb Code    18  exit.o(.text)
    __sig_exit                               0x0800ac79   Thumb Code    10  defsig_exit.o(.text)
    __rt_SIGRTMEM_inner                      0x0800ac85   Thumb Code    22  defsig_rtmem_inner.o(.text)
    __default_signal_display                 0x0800acd5   Thumb Code    50  defsig_general.o(.text)
    _is_digit                                0x0800ad07   Thumb Code    14  __printf_wp.o(i._is_digit)
    mon_table                                0x0800ade3   Data          12  bsp_rtc.o(.constdata)
    newLandEduLogo                           0x0800adef   Data        1024  lcd12864.o(.constdata)
    BUTTON_PIN                               0x0800b230   Data           4  key_button.o(.constdata)
    BUTTON_CLK                               0x0800b234   Data           8  key_button.o(.constdata)
    BUTTON_EXTI_LINE                         0x0800b23c   Data           4  key_button.o(.constdata)
    BUTTON_PORT_SOURCE                       0x0800b240   Data           4  key_button.o(.constdata)
    BUTTON_PIN_SOURCE                        0x0800b244   Data           4  key_button.o(.constdata)
    BUTTON_IRQn                              0x0800b248   Data           4  key_button.o(.constdata)
    ledseg_tab                               0x0800b25d   Data          32  lednixietube.o(.constdata)
    com_tab                                  0x0800b27d   Data           8  lednixietube.o(.constdata)
    Region$$Table$$Base                      0x0800b734   Number         0  anon$$obj.o(Region$$Table)
    Region$$Table$$Limit                     0x0800b754   Number         0  anon$$obj.o(Region$$Table)
    rtc_second                               0x20000000   Data           4  hal_core.o(.data)
    is_rtc_update                            0x20000004   Data           4  hal_core.o(.data)
    number_write                             0x20000008   Data           1  app_pwd.o(.data)
    number_read                              0x20000009   Data           1  app_pwd.o(.data)
    number_show                              0x2000000a   Data           1  app_pwd.o(.data)
    number_get                               0x2000000b   Data           1  app_pwd.o(.data)
    idCardPwd_offset                         0x2000000c   Data           1  app_pwd.o(.data)
    curIdCardPwd                             0x2000000d   Data           8  app_pwd.o(.data)
    pwd_flags                                0x20000018   Data           4  app_pwd.o(.data)
    num_fifo                                 0x2000001c   Data          20  app_pwd.o(.data)
    p_state1                                 0x20000030   Data           1  app_pwd.o(.data)
    read_buff                                0x20000031   Data           8  app_pwd.o(.data)
    sys_cmd_tab                              0x20000040   Data          28  usmart.o(.data)
    usmart_nametab                           0x2000005c   Data          32  usmart_config.o(.data)
    usmart_dev                               0x2000007c   Data         244  usmart_config.o(.data)
    __stdout                                 0x20000170   Data           4  usart.o(.data)
    USART_RX_STA                             0x20000174   Data           2  usart.o(.data)
    FLASHStatus                              0x2000018d   Data           1  bsp_flash.o(.data)
    usart3_fifo                              0x20000190   Data          20  usart3.o(.data)
    UART3_RX_COUNT                           0x200001a4   Data           2  usart3.o(.data)
    F_UART3_RX_FINISH                        0x200001a6   Data           1  usart3.o(.data)
    F_UART3_RX_RECEIVING                     0x200001a7   Data           1  usart3.o(.data)
    USART3_RX_STA                            0x200001a8   Data           2  usart3.o(.data)
    UART4_RX_COUNT                           0x200001aa   Data           2  bsp_uart4.o(.data)
    F_UART4_RX_FINISH                        0x200001ac   Data           1  bsp_uart4.o(.data)
    F_UART4_RX_RECEIVING                     0x200001ad   Data           1  bsp_uart4.o(.data)
    UART4_RX_TIMEOUT_COUNT                   0x200001ae   Data           1  bsp_uart4.o(.data)
    rtc_cb                                   0x200001b0   Data           4  bsp_rtc.o(.data)
    NVIC_InitStructure                       0x200001bc   Data           4  bsp_timer3.o(.data)
    capture                                  0x200001c0   Data           2  bsp_timer3.o(.data)
    CCR1_Val                                 0x200001c2   Data           2  bsp_timer3.o(.data)
    CCR2_Val                                 0x200001c4   Data           2  bsp_timer3.o(.data)
    CCR3_Val                                 0x200001c6   Data           2  bsp_timer3.o(.data)
    CCR4_Val                                 0x200001c8   Data           2  bsp_timer3.o(.data)
    led2s                                    0x200001ca   Data           2  bsp_timer3.o(.data)
    char_code_8x16                           0x200001cd   Data        1520  lcd12864.o(.data)
    volue                                    0x200007bd   Data           1  lf125k.o(.data)
    tap                                      0x200007be   Data           1  lf125k.o(.data)
    data_tap                                 0x200007bf   Data           6  lf125k.o(.data)
    cmd_word_list                            0x200007c8   Data         120  xfs5152ce.o(.data)
    buzzer_on                                0x20000842   Data           1  buzzer.o(.data)
    BUTTON_PORT                              0x20000848   Data           8  key_button.o(.data)
    key_test_state                           0x20000850   Data           8  key_button.o(.data)
    last_key_test_state                      0x20000858   Data           8  key_button.o(.data)
    key_code                                 0x20000860   Data           8  key_button.o(.data)
    flag_is_double                           0x20000868   Data           2  key_button.o(.data)
    led_flag                                 0x2000087d   Data           1  lednixietube.o(.data)
    Ledbuf                                   0x2000087e   Data           8  lednixietube.o(.data)
    SystemCoreClock                          0x20000888   Data           4  system_stm32f10x.o(.data)
    AHBPrescTable                            0x2000088c   Data          16  system_stm32f10x.o(.data)
    jiffies                                  0x200008b0   Data           4  systick.o(.data)
    id_card                                  0x200008b8   Data          40  app_pwd.o(.bss)
    num_id                                   0x200008e0   Data         512  app_pwd.o(.bss)
    num_fifo_buffer                          0x20000ae0   Data         512  app_pwd.o(.bss)
    USART_RX_BUF                             0x20000ce0   Data         200  usart.o(.bss)
    IpData                                   0x20000da8   Data         128  app_cloud.o(.bss)
    USART3_RX_BUF                            0x20000e3c   Data         600  usart3.o(.bss)
    USART3_TX_BUF                            0x20001094   Data         600  usart3.o(.bss)
    usart3_rec_buffer                        0x200012ec   Data         128  usart3.o(.bss)
    UART4_RX_BUF                             0x2000136c   Data         255  bsp_uart4.o(.bss)
    calendar                                 0x2000146c   Data          10  bsp_rtc.o(.bss)
    TIM_TimeBaseStructure                    0x20001476   Data          10  bsp_timer3.o(.bss)
    TIM_OCInitStructure                      0x20001480   Data          16  bsp_timer3.o(.bss)
    mykey                                    0x20001490   Data          24  key_button.o(.bss)
    __libspace_start                         0x200014a8   Data          96  libspace.o(.bss)
    __temporary_stack_top$libspace           0x20001508   Data           0  libspace.o(.bss)



==============================================================================

Memory Map of the image

  Image Entry point : 0x08000131

  Load Region LR_IROM1 (Base: 0x08000000, Size: 0x0000c00c, Max: 0x00080000, ABSOLUTE, COMPRESSED[0x0000bbac])

    Execution Region ER_IROM1 (Exec base: 0x08000000, Load base: 0x08000000, Size: 0x0000b754, Max: 0x00080000, ABSOLUTE)

    Exec Addr    Load Addr    Size         Type   Attr      Idx    E Section Name        Object

    0x08000000   0x08000000   0x00000130   Data   RO          872    RESET               startup_stm32f10x_hd.o
    0x08000130   0x08000130   0x00000008   Code   RO         1410  * !!!main             c_w.l(__main.o)
    0x08000138   0x08000138   0x00000034   Code   RO         1640    !!!scatter          c_w.l(__scatter.o)
    0x0800016c   0x0800016c   0x0000005a   Code   RO         1638    !!dczerorl2         c_w.l(__dczerorl2.o)
    0x080001c6   0x080001c6   0x00000002   PAD
    0x080001c8   0x080001c8   0x0000001c   Code   RO         1642    !!handler_zi        c_w.l(__scatter_zi.o)
    0x080001e4   0x080001e4   0x00000000   Code   RO         1388    .ARM.Collect$$_printf_percent$$00000000  c_w.l(_printf_percent.o)
    0x080001e4   0x080001e4   0x00000006   Code   RO         1386    .ARM.Collect$$_printf_percent$$00000009  c_w.l(_printf_d.o)
    0x080001ea   0x080001ea   0x00000006   Code   RO         1387    .ARM.Collect$$_printf_percent$$0000000A  c_w.l(_printf_u.o)
    0x080001f0   0x080001f0   0x00000006   Code   RO         1385    .ARM.Collect$$_printf_percent$$0000000C  c_w.l(_printf_x.o)
    0x080001f6   0x080001f6   0x00000006   Code   RO         1383    .ARM.Collect$$_printf_percent$$00000013  c_w.l(_printf_c.o)
    0x080001fc   0x080001fc   0x00000006   Code   RO         1384    .ARM.Collect$$_printf_percent$$00000014  c_w.l(_printf_s.o)
    0x08000202   0x08000202   0x00000004   Code   RO         1454    .ARM.Collect$$_printf_percent$$00000017  c_w.l(_printf_percent_end.o)
    0x08000206   0x08000206   0x00000002   Code   RO         1574    .ARM.Collect$$libinit$$00000000  c_w.l(libinit.o)
    0x08000208   0x08000208   0x00000000   Code   RO         1507    .ARM.Collect$$libinit$$00000002  c_w.l(libinit2.o)
    0x08000208   0x08000208   0x00000000   Code   RO         1509    .ARM.Collect$$libinit$$00000004  c_w.l(libinit2.o)
    0x08000208   0x08000208   0x00000008   Code   RO         1510    .ARM.Collect$$libinit$$00000005  c_w.l(libinit2.o)
    0x08000210   0x08000210   0x00000000   Code   RO         1512    .ARM.Collect$$libinit$$0000000A  c_w.l(libinit2.o)
    0x08000210   0x08000210   0x00000000   Code   RO         1514    .ARM.Collect$$libinit$$0000000C  c_w.l(libinit2.o)
    0x08000210   0x08000210   0x00000000   Code   RO         1516    .ARM.Collect$$libinit$$0000000E  c_w.l(libinit2.o)
    0x08000210   0x08000210   0x00000000   Code   RO         1519    .ARM.Collect$$libinit$$00000011  c_w.l(libinit2.o)
    0x08000210   0x08000210   0x00000000   Code   RO         1521    .ARM.Collect$$libinit$$00000013  c_w.l(libinit2.o)
    0x08000210   0x08000210   0x00000000   Code   RO         1523    .ARM.Collect$$libinit$$00000015  c_w.l(libinit2.o)
    0x08000210   0x08000210   0x00000000   Code   RO         1525    .ARM.Collect$$libinit$$00000017  c_w.l(libinit2.o)
    0x08000210   0x08000210   0x00000000   Code   RO         1527    .ARM.Collect$$libinit$$00000019  c_w.l(libinit2.o)
    0x08000210   0x08000210   0x00000000   Code   RO         1529    .ARM.Collect$$libinit$$0000001B  c_w.l(libinit2.o)
    0x08000210   0x08000210   0x00000000   Code   RO         1531    .ARM.Collect$$libinit$$0000001D  c_w.l(libinit2.o)
    0x08000210   0x08000210   0x00000000   Code   RO         1533    .ARM.Collect$$libinit$$0000001F  c_w.l(libinit2.o)
    0x08000210   0x08000210   0x00000000   Code   RO         1535    .ARM.Collect$$libinit$$00000021  c_w.l(libinit2.o)
    0x08000210   0x08000210   0x00000000   Code   RO         1537    .ARM.Collect$$libinit$$00000023  c_w.l(libinit2.o)
    0x08000210   0x08000210   0x00000000   Code   RO         1539    .ARM.Collect$$libinit$$00000025  c_w.l(libinit2.o)
    0x08000210   0x08000210   0x00000000   Code   RO         1543    .ARM.Collect$$libinit$$0000002C  c_w.l(libinit2.o)
    0x08000210   0x08000210   0x00000000   Code   RO         1545    .ARM.Collect$$libinit$$0000002E  c_w.l(libinit2.o)
    0x08000210   0x08000210   0x00000000   Code   RO         1547    .ARM.Collect$$libinit$$00000030  c_w.l(libinit2.o)
    0x08000210   0x08000210   0x00000000   Code   RO         1549    .ARM.Collect$$libinit$$00000032  c_w.l(libinit2.o)
    0x08000210   0x08000210   0x00000002   Code   RO         1550    .ARM.Collect$$libinit$$00000033  c_w.l(libinit2.o)
    0x08000212   0x08000212   0x00000002   Code   RO         1635    .ARM.Collect$$libshutdown$$00000000  c_w.l(libshutdown.o)
    0x08000214   0x08000214   0x00000000   Code   RO         1593    .ARM.Collect$$libshutdown$$00000002  c_w.l(libshutdown2.o)
    0x08000214   0x08000214   0x00000000   Code   RO         1595    .ARM.Collect$$libshutdown$$00000004  c_w.l(libshutdown2.o)
    0x08000214   0x08000214   0x00000000   Code   RO         1598    .ARM.Collect$$libshutdown$$00000007  c_w.l(libshutdown2.o)
    0x08000214   0x08000214   0x00000000   Code   RO         1601    .ARM.Collect$$libshutdown$$0000000A  c_w.l(libshutdown2.o)
    0x08000214   0x08000214   0x00000000   Code   RO         1603    .ARM.Collect$$libshutdown$$0000000C  c_w.l(libshutdown2.o)
    0x08000214   0x08000214   0x00000000   Code   RO         1606    .ARM.Collect$$libshutdown$$0000000F  c_w.l(libshutdown2.o)
    0x08000214   0x08000214   0x00000002   Code   RO         1607    .ARM.Collect$$libshutdown$$00000010  c_w.l(libshutdown2.o)
    0x08000216   0x08000216   0x00000000   Code   RO         1416    .ARM.Collect$$rtentry$$00000000  c_w.l(__rtentry.o)
    0x08000216   0x08000216   0x00000000   Code   RO         1463    .ARM.Collect$$rtentry$$00000002  c_w.l(__rtentry2.o)
    0x08000216   0x08000216   0x00000006   Code   RO         1475    .ARM.Collect$$rtentry$$00000004  c_w.l(__rtentry4.o)
    0x0800021c   0x0800021c   0x00000000   Code   RO         1465    .ARM.Collect$$rtentry$$00000009  c_w.l(__rtentry2.o)
    0x0800021c   0x0800021c   0x00000004   Code   RO         1466    .ARM.Collect$$rtentry$$0000000A  c_w.l(__rtentry2.o)
    0x08000220   0x08000220   0x00000000   Code   RO         1468    .ARM.Collect$$rtentry$$0000000C  c_w.l(__rtentry2.o)
    0x08000220   0x08000220   0x00000008   Code   RO         1469    .ARM.Collect$$rtentry$$0000000D  c_w.l(__rtentry2.o)
    0x08000228   0x08000228   0x00000002   Code   RO         1578    .ARM.Collect$$rtexit$$00000000  c_w.l(rtexit.o)
    0x0800022a   0x0800022a   0x00000000   Code   RO         1609    .ARM.Collect$$rtexit$$00000002  c_w.l(rtexit2.o)
    0x0800022a   0x0800022a   0x00000004   Code   RO         1610    .ARM.Collect$$rtexit$$00000003  c_w.l(rtexit2.o)
    0x0800022e   0x0800022e   0x00000006   Code   RO         1611    .ARM.Collect$$rtexit$$00000004  c_w.l(rtexit2.o)
    0x08000234   0x08000234   0x00000002   Code   RO         1218    .emb_text           sys.o
    0x08000236   0x08000236   0x00000002   PAD
    0x08000238   0x08000238   0x00000000   Code   RO         1477    .emb_text           c_w.l(maybetermalloc1.o)
    0x08000238   0x08000238   0x00000050   Code   RO            1    .text               main.o
    0x08000288   0x08000288   0x00000080   Code   RO          161    .text               hal_core.o
    0x08000308   0x08000308   0x00000d58   Code   RO          300    .text               app_pwd.o
    0x08001060   0x08001060   0x00000880   Code   RO          331    .text               usmart.o
    0x080018e0   0x080018e0   0x00000528   Code   RO          371    .text               usmart_str.o
    0x08001e08   0x08001e08   0x00000148   Code   RO          383    .text               usart.o
    0x08001f50   0x08001f50   0x000001cc   Code   RO          406    .text               hal_wifitocloud.o
    0x0800211c   0x0800211c   0x0000051c   Code   RO          419    .text               wifitocloud.o
    0x08002638   0x08002638   0x000009d4   Code   RO          431    .text               app_cloud.o
    0x0800300c   0x0800300c   0x000004f0   Code   RO          456    .text               potocol.o
    0x080034fc   0x080034fc   0x000000bc   Code   RO          473    .text               bsp_flash.o
    0x080035b8   0x080035b8   0x00000250   Code   RO          512    .text               usart3.o
    0x08003808   0x08003808   0x000000a8   Code   RO          540    .text               timer.o
    0x080038b0   0x080038b0   0x00000178   Code   RO          585    .text               bsp_uart4.o
    0x08003a28   0x08003a28   0x000002f4   Code   RO          604    .text               bsp_rtc.o
    0x08003d1c   0x08003d1c   0x000001d8   Code   RO          633    .text               bsp_timer3.o
    0x08003ef4   0x08003ef4   0x0000070c   Code   RO          652    .text               lcd12864.o
    0x08004600   0x08004600   0x00000890   Code   RO          690    .text               lf125k.o
    0x08004e90   0x08004e90   0x00000abc   Code   RO          706    .text               xfs5152ce.o
    0x0800594c   0x0800594c   0x00000224   Code   RO          727    .text               buzzer.o
    0x08005b70   0x08005b70   0x000005b0   Code   RO          745    .text               rf_si4332a.o
    0x08006120   0x08006120   0x000005dc   Code   RO          757    .text               rf_si4332b.o
    0x080066fc   0x080066fc   0x000008e4   Code   RO          769    .text               key_button.o
    0x08006fe0   0x08006fe0   0x00000164   Code   RO          787    .text               74hc595.o
    0x08007144   0x08007144   0x0000018c   Code   RO          802    .text               lednixietube.o
    0x080072d0   0x080072d0   0x00000030   Code   RO          837    .text               stm32f10x_it.o
    0x08007300   0x08007300   0x000001e0   Code   RO          852    .text               system_stm32f10x.o
    0x080074e0   0x080074e0   0x00000040   Code   RO          873    .text               startup_stm32f10x_hd.o
    0x08007520   0x08007520   0x000000dc   Code   RO          877    .text               misc.o
    0x080075fc   0x080075fc   0x000000c4   Code   RO          907    .text               stm32f10x_bkp.o
    0x080076c0   0x080076c0   0x0000011c   Code   RO         1009    .text               stm32f10x_exti.o
    0x080077dc   0x080077dc   0x000005bc   Code   RO         1024    .text               stm32f10x_flash.o
    0x08007d98   0x08007d98   0x0000035c   Code   RO         1051    .text               stm32f10x_gpio.o
    0x080080f4   0x080080f4   0x000000cc   Code   RO         1093    .text               stm32f10x_pwr.o
    0x080081c0   0x080081c0   0x000003a4   Code   RO         1105    .text               stm32f10x_rcc.o
    0x08008564   0x08008564   0x00000148   Code   RO         1122    .text               stm32f10x_rtc.o
    0x080086ac   0x080086ac   0x0000030c   Code   RO         1149    .text               stm32f10x_spi.o
    0x080089b8   0x080089b8   0x00000e1a   Code   RO         1164    .text               stm32f10x_tim.o
    0x080097d2   0x080097d2   0x00000002   PAD
    0x080097d4   0x080097d4   0x00000408   Code   RO         1176    .text               stm32f10x_usart.o
    0x08009bdc   0x08009bdc   0x00000168   Code   RO         1206    .text               kfifo.o
    0x08009d44   0x08009d44   0x00000464   Code   RO         1219    .text               sys.o
    0x0800a1a8   0x0800a1a8   0x000000b8   Code   RO         1234    .text               systick.o
    0x0800a260   0x0800a260   0x00000084   Code   RO         1252    .text               delay.o
    0x0800a2e4   0x0800a2e4   0x00000002   Code   RO         1266    .text               c_w.l(use_no_semi_2.o)
    0x0800a2e6   0x0800a2e6   0x00000028   Code   RO         1270    .text               c_w.l(calloc.o)
    0x0800a30e   0x0800a30e   0x0000004e   Code   RO         1272    .text               c_w.l(h1_free.o)
    0x0800a35c   0x0800a35c   0x00000018   Code   RO         1330    .text               c_w.l(noretval__2printf.o)
    0x0800a374   0x0800a374   0x00000028   Code   RO         1332    .text               c_w.l(noretval__2sprintf.o)
    0x0800a39c   0x0800a39c   0x0000004e   Code   RO         1336    .text               c_w.l(_printf_pad.o)
    0x0800a3ea   0x0800a3ea   0x00000052   Code   RO         1338    .text               c_w.l(_printf_str.o)
    0x0800a43c   0x0800a43c   0x00000078   Code   RO         1340    .text               c_w.l(_printf_dec.o)
    0x0800a4b4   0x0800a4b4   0x00000058   Code   RO         1345    .text               c_w.l(_printf_hex_int.o)
    0x0800a50c   0x0800a50c   0x00000188   Code   RO         1380    .text               c_w.l(__printf_flags_ss_wp.o)
    0x0800a694   0x0800a694   0x0000000c   Code   RO         1389    .text               c_w.l(strtok.o)
    0x0800a6a0   0x0800a6a0   0x00000024   Code   RO         1392    .text               c_w.l(strstr.o)
    0x0800a6c4   0x0800a6c4   0x00000058   Code   RO         1394    .text               c_w.l(memcmp.o)
    0x0800a71c   0x0800a71c   0x00000016   Code   RO         1396    .text               c_w.l(strrchr.o)
    0x0800a732   0x0800a732   0x0000003e   Code   RO         1398    .text               c_w.l(strlen.o)
    0x0800a770   0x0800a770   0x0000008a   Code   RO         1400    .text               c_w.l(rt_memcpy_v6.o)
    0x0800a7fa   0x0800a7fa   0x00000010   Code   RO         1402    .text               c_w.l(aeabi_memset.o)
    0x0800a80a   0x0800a80a   0x00000044   Code   RO         1404    .text               c_w.l(rt_memclr.o)
    0x0800a84e   0x0800a84e   0x0000004e   Code   RO         1406    .text               c_w.l(rt_memclr_w.o)
    0x0800a89c   0x0800a89c   0x00000006   Code   RO         1408    .text               c_w.l(heapauxi.o)
    0x0800a8a2   0x0800a8a2   0x00000002   Code   RO         1412    .text               c_w.l(use_no_semi.o)
    0x0800a8a4   0x0800a8a4   0x00000008   Code   RO         1420    .text               c_w.l(rt_heap_descriptor_intlibspace.o)
    0x0800a8ac   0x0800a8ac   0x00000004   Code   RO         1422    .text               c_w.l(hguard.o)
    0x0800a8b0   0x0800a8b0   0x0000008a   Code   RO         1424    .text               c_w.l(init_alloc.o)
    0x0800a93a   0x0800a93a   0x0000005e   Code   RO         1430    .text               c_w.l(h1_alloc.o)
    0x0800a998   0x0800a998   0x000000b2   Code   RO         1444    .text               c_w.l(_printf_intcommon.o)
    0x0800aa4a   0x0800aa4a   0x00000002   PAD
    0x0800aa4c   0x0800aa4c   0x00000030   Code   RO         1446    .text               c_w.l(_printf_char_common.o)
    0x0800aa7c   0x0800aa7c   0x0000000a   Code   RO         1448    .text               c_w.l(_sputc.o)
    0x0800aa86   0x0800aa86   0x0000002c   Code   RO         1450    .text               c_w.l(_printf_char.o)
    0x0800aab2   0x0800aab2   0x00000002   PAD
    0x0800aab4   0x0800aab4   0x00000024   Code   RO         1452    .text               c_w.l(_printf_char_file.o)
    0x0800aad8   0x0800aad8   0x00000044   Code   RO         1455    .text               c_w.l(strtok_int.o)
    0x0800ab1c   0x0800ab1c   0x00000064   Code   RO         1457    .text               c_w.l(rt_memcpy_w.o)
    0x0800ab80   0x0800ab80   0x00000008   Code   RO         1459    .text               c_w.l(libspace.o)
    0x0800ab88   0x0800ab88   0x0000000e   Code   RO         1479    .text               c_w.l(h1_init.o)
    0x0800ab96   0x0800ab96   0x00000034   Code   RO         1481    .text               c_w.l(h1_extend.o)
    0x0800abca   0x0800abca   0x00000008   Code   RO         1489    .text               c_w.l(ferror.o)
    0x0800abd2   0x0800abd2   0x0000000e   Code   RO         1493    .text               c_w.l(defsig_rtmem_outer.o)
    0x0800abe0   0x0800abe0   0x00000020   Code   RO         1497    .text               c_w.l(strcspn.o)
    0x0800ac00   0x0800ac00   0x0000001c   Code   RO         1499    .text               c_w.l(strspn.o)
    0x0800ac1c   0x0800ac1c   0x0000004a   Code   RO         1553    .text               c_w.l(sys_stackheap_outer.o)
    0x0800ac66   0x0800ac66   0x00000012   Code   RO         1561    .text               c_w.l(exit.o)
    0x0800ac78   0x0800ac78   0x0000000a   Code   RO         1563    .text               c_w.l(defsig_exit.o)
    0x0800ac82   0x0800ac82   0x00000002   PAD
    0x0800ac84   0x0800ac84   0x00000050   Code   RO         1565    .text               c_w.l(defsig_rtmem_inner.o)
    0x0800acd4   0x0800acd4   0x00000032   Code   RO         1586    .text               c_w.l(defsig_general.o)
    0x0800ad06   0x0800ad06   0x0000000e   Code   RO         1373    i._is_digit         c_w.l(__printf_wp.o)
    0x0800ad14   0x0800ad14   0x0000004c   Data   RO          302    .constdata          app_pwd.o
    0x0800ad60   0x0800ad60   0x0000000d   Data   RO          407    .constdata          hal_wifitocloud.o
    0x0800ad6d   0x0800ad6d   0x00000036   Data   RO          433    .constdata          app_cloud.o
    0x0800ada3   0x0800ada3   0x00000032   Data   RO          457    .constdata          potocol.o
    0x0800add5   0x0800add5   0x0000000e   Data   RO          514    .constdata          usart3.o
    0x0800ade3   0x0800ade3   0x0000000c   Data   RO          606    .constdata          bsp_rtc.o
    0x0800adef   0x0800adef   0x00000400   Data   RO          653    .constdata          lcd12864.o
    0x0800b1ef   0x0800b1ef   0x0000000c   Data   RO          691    .constdata          lf125k.o
    0x0800b1fb   0x0800b1fb   0x00000033   Data   RO          707    .constdata          xfs5152ce.o
    0x0800b22e   0x0800b22e   0x00000002   PAD
    0x0800b230   0x0800b230   0x0000002d   Data   RO          771    .constdata          key_button.o
    0x0800b25d   0x0800b25d   0x00000028   Data   RO          803    .constdata          lednixietube.o
    0x0800b285   0x0800b285   0x00000028   Data   RO         1346    .constdata          c_w.l(_printf_hex_int.o)
    0x0800b2ad   0x0800b2ad   0x00000011   Data   RO         1381    .constdata          c_w.l(__printf_flags_ss_wp.o)
    0x0800b2be   0x0800b2be   0x00000002   PAD
    0x0800b2c0   0x0800b2c0   0x00000094   Data   RO          303    .conststring        app_pwd.o
    0x0800b354   0x0800b354   0x00000028   Data   RO          332    .conststring        usmart.o
    0x0800b37c   0x0800b37c   0x000000c2   Data   RO          354    .conststring        usmart_config.o
    0x0800b43e   0x0800b43e   0x00000002   PAD
    0x0800b440   0x0800b440   0x0000008b   Data   RO          458    .conststring        potocol.o
    0x0800b4cb   0x0800b4cb   0x00000001   PAD
    0x0800b4cc   0x0800b4cc   0x00000131   Data   RO          708    .conststring        xfs5152ce.o
    0x0800b5fd   0x0800b5fd   0x00000003   PAD
    0x0800b600   0x0800b600   0x00000134   Data   RO          772    .conststring        key_button.o
    0x0800b734   0x0800b734   0x00000020   Data   RO         1636    Region$$Table       anon$$obj.o


    Execution Region RW_IRAM1 (Exec base: 0x20000000, Load base: 0x0800b754, Size: 0x00001b08, Max: 0x00010000, ABSOLUTE, COMPRESSED[0x00000458])

    Exec Addr    Load Addr    Size         Type   Attr      Idx    E Section Name        Object

    0x20000000   COMPRESSED   0x00000008   Data   RW          162    .data               hal_core.o
    0x20000008   COMPRESSED   0x00000038   Data   RW          304    .data               app_pwd.o
    0x20000040   COMPRESSED   0x0000001c   Data   RW          333    .data               usmart.o
    0x2000005c   COMPRESSED   0x00000114   Data   RW          355    .data               usmart_config.o
    0x20000170   COMPRESSED   0x00000006   Data   RW          385    .data               usart.o
    0x20000176   COMPRESSED   0x00000002   PAD
    0x20000178   COMPRESSED   0x00000005   Data   RW          434    .data               app_cloud.o
    0x2000017d   COMPRESSED   0x00000010   Data   RW          459    .data               potocol.o
    0x2000018d   COMPRESSED   0x00000001   Data   RW          474    .data               bsp_flash.o
    0x2000018e   COMPRESSED   0x00000002   PAD
    0x20000190   COMPRESSED   0x0000001a   Data   RW          516    .data               usart3.o
    0x200001aa   COMPRESSED   0x00000005   Data   RW          587    .data               bsp_uart4.o
    0x200001af   COMPRESSED   0x00000001   PAD
    0x200001b0   COMPRESSED   0x0000000c   Data   RW          607    .data               bsp_rtc.o
    0x200001bc   COMPRESSED   0x00000011   Data   RW          635    .data               bsp_timer3.o
    0x200001cd   COMPRESSED   0x000005f0   Data   RW          654    .data               lcd12864.o
    0x200007bd   COMPRESSED   0x00000008   Data   RW          692    .data               lf125k.o
    0x200007c5   COMPRESSED   0x00000003   PAD
    0x200007c8   COMPRESSED   0x00000078   Data   RW          709    .data               xfs5152ce.o
    0x20000840   COMPRESSED   0x00000006   Data   RW          728    .data               buzzer.o
    0x20000846   COMPRESSED   0x00000002   PAD
    0x20000848   COMPRESSED   0x00000034   Data   RW          773    .data               key_button.o
    0x2000087c   COMPRESSED   0x0000000a   Data   RW          804    .data               lednixietube.o
    0x20000886   COMPRESSED   0x00000002   PAD
    0x20000888   COMPRESSED   0x00000014   Data   RW          853    .data               system_stm32f10x.o
    0x2000089c   COMPRESSED   0x00000014   Data   RW         1106    .data               stm32f10x_rcc.o
    0x200008b0   COMPRESSED   0x00000004   Data   RW         1235    .data               systick.o
    0x200008b4   COMPRESSED   0x00000004   Data   RW         1390    .data               c_w.l(strtok.o)
    0x200008b8        -       0x00000428   Zero   RW          301    .bss                app_pwd.o
    0x20000ce0        -       0x000000c8   Zero   RW          384    .bss                usart.o
    0x20000da8        -       0x00000094   Zero   RW          432    .bss                app_cloud.o
    0x20000e3c        -       0x00000530   Zero   RW          513    .bss                usart3.o
    0x2000136c        -       0x000000ff   Zero   RW          586    .bss                bsp_uart4.o
    0x2000146b   COMPRESSED   0x00000001   PAD
    0x2000146c        -       0x0000000a   Zero   RW          605    .bss                bsp_rtc.o
    0x20001476        -       0x0000001a   Zero   RW          634    .bss                bsp_timer3.o
    0x20001490        -       0x00000018   Zero   RW          770    .bss                key_button.o
    0x200014a8        -       0x00000060   Zero   RW         1460    .bss                c_w.l(libspace.o)
    0x20001508        -       0x00000200   Zero   RW          871    HEAP                startup_stm32f10x_hd.o
    0x20001708        -       0x00000400   Zero   RW          870    STACK               startup_stm32f10x_hd.o


==============================================================================

Image component sizes


      Code (inc. data)   RO Data    RW Data    ZI Data      Debug   Object Name

       356         12          0          0          0       9921   74hc595.o
      2516        878         54          5        148       5293   app_cloud.o
      3416        868        224         56       1064       6436   app_pwd.o
       188          4          0          1          0      17907   bsp_flash.o
       756         34         12         12         10       3928   bsp_rtc.o
         0          0          0          0          0       7028   bsp_spi.o
       472         60          0         17         26       2169   bsp_timer3.o
       376         28          0          5        255       2540   bsp_uart4.o
       548         32          0          6          0       2797   buzzer.o
         0          0          0          0          0         32   core_cm3.o
       132         18          0          0          0       1017   delay.o
       128         16          0          8          0     245642   hal_core.o
       460        240         13          0          0       1687   hal_wifitocloud.o
      2276        262        353         52         24       5016   key_button.o
       360          0          0          0          0       3116   kfifo.o
      1804        140       1024       1520          0      14521   lcd12864.o
       396         34         40         10          0      23489   lednixietube.o
      2192        252         12          8          0       8778   lf125k.o
        80         20          0          0          0       4955   main.o
       220         22          0          0          0       3857   misc.o
      1264        312        189         16          0       3803   potocol.o
      1456         16          0          0          0       6024   rf_si4332a.o
      1500         24          0          0          0       5975   rf_si4332b.o
        64         26        304          0       1536        860   startup_stm32f10x_hd.o
       196          8          0          0          0       3728   stm32f10x_bkp.o
       284         10          0          0          0       4819   stm32f10x_exti.o
      1468         34          0          0          0       8438   stm32f10x_flash.o
       860         38          0          0          0       5969   stm32f10x_gpio.o
        48         20          0          0          0       1183   stm32f10x_it.o
       204         14          0          0          0       2067   stm32f10x_pwr.o
       932         36          0         20          0      18160   stm32f10x_rcc.o
       328          4          0          0          0       2838   stm32f10x_rtc.o
       780         14          0          0          0      13914   stm32f10x_spi.o
      3610         88          0          0          0      23076   stm32f10x_tim.o
      1032         22          0          0          0      14888   stm32f10x_usart.o
      1126         52          0          0          0       5825   sys.o
       480         38          0         20          0       2099   system_stm32f10x.o
       184          8          0          4          0       2185   systick.o
       168         16          0          0          0        900   timer.o
       328         18          0          6        200       3655   usart.o
       592        126         14         26       1328       2966   usart3.o
      2176        468         40         28          0       4321   usmart.o
         0          0        194        276          0       3530   usmart_config.o
      1320         12          0          0          0       5457   usmart_str.o
      1308        438          0          0          0       3867   wifitocloud.o
      2748        888        356        120          0       6556   xfs5152ce.o

    ----------------------------------------------------------------------
     41136       5650       2869       2228       4592     527232   Object Totals
         0          0         32          0          0          0   (incl. Generated)
         4          0          8         12          1          0   (incl. Padding)

    ----------------------------------------------------------------------

      Code (inc. data)   RO Data    RW Data    ZI Data      Debug   Library Member Name

        90          0          0          0          0          0   __dczerorl2.o
         8          0          0          0          0         68   __main.o
       392          4         17          0          0         92   __printf_flags_ss_wp.o
        14          0          0          0          0         68   __printf_wp.o
         0          0          0          0          0          0   __rtentry.o
        12          0          0          0          0          0   __rtentry2.o
         6          0          0          0          0          0   __rtentry4.o
        52          8          0          0          0          0   __scatter.o
        28          0          0          0          0          0   __scatter_zi.o
         6          0          0          0          0          0   _printf_c.o
        44          0          0          0          0        108   _printf_char.o
        48          6          0          0          0         96   _printf_char_common.o
        36          4          0          0          0         80   _printf_char_file.o
         6          0          0          0          0          0   _printf_d.o
       120         16          0          0          0         92   _printf_dec.o
        88          4         40          0          0         88   _printf_hex_int.o
       178          0          0          0          0         88   _printf_intcommon.o
        78          0          0          0          0        108   _printf_pad.o
         0          0          0          0          0          0   _printf_percent.o
         4          0          0          0          0          0   _printf_percent_end.o
         6          0          0          0          0          0   _printf_s.o
        82          0          0          0          0         80   _printf_str.o
         6          0          0          0          0          0   _printf_u.o
         6          0          0          0          0          0   _printf_x.o
        10          0          0          0          0         68   _sputc.o
        16          0          0          0          0         68   aeabi_memset.o
        40          0          0          0          0         80   calloc.o
        10          0          0          0          0         68   defsig_exit.o
        50          0          0          0          0         88   defsig_general.o
        80         58          0          0          0         76   defsig_rtmem_inner.o
        14          0          0          0          0         80   defsig_rtmem_outer.o
        18          0          0          0          0         80   exit.o
         8          0          0          0          0         68   ferror.o
        94          0          0          0          0         80   h1_alloc.o
        52          0          0          0          0         68   h1_extend.o
        78          0          0          0          0         80   h1_free.o
        14          0          0          0          0         84   h1_init.o
         6          0          0          0          0        152   heapauxi.o
         4          0          0          0          0        136   hguard.o
       138          0          0          0          0        168   init_alloc.o
         2          0          0          0          0          0   libinit.o
        10          0          0          0          0          0   libinit2.o
         2          0          0          0          0          0   libshutdown.o
         2          0          0          0          0          0   libshutdown2.o
         8          4          0          0         96         68   libspace.o
         0          0          0          0          0          0   maybetermalloc1.o
        88          0          0          0          0         76   memcmp.o
        24          4          0          0          0         84   noretval__2printf.o
        40          6          0          0          0         84   noretval__2sprintf.o
         8          4          0          0          0         68   rt_heap_descriptor_intlibspace.o
        68          0          0          0          0         68   rt_memclr.o
        78          0          0          0          0         80   rt_memclr_w.o
       138          0          0          0          0         68   rt_memcpy_v6.o
       100          0          0          0          0         80   rt_memcpy_w.o
         2          0          0          0          0          0   rtexit.o
        10          0          0          0          0          0   rtexit2.o
        32          0          0          0          0         80   strcspn.o
        62          0          0          0          0         76   strlen.o
        22          0          0          0          0         68   strrchr.o
        28          0          0          0          0         80   strspn.o
        36          0          0          0          0         80   strstr.o
        12          6          0          4          0         68   strtok.o
        68          4          0          0          0         84   strtok_int.o
        74          0          0          0          0         80   sys_stackheap_outer.o
         2          0          0          0          0         68   use_no_semi.o
         2          0          0          0          0         68   use_no_semi_2.o

    ----------------------------------------------------------------------
      2868        128         59          4         96       3840   Library Totals
         8          0          2          0          0          0   (incl. Padding)

    ----------------------------------------------------------------------

      Code (inc. data)   RO Data    RW Data    ZI Data      Debug   Library Name

      2860        128         57          4         96       3840   c_w.l

    ----------------------------------------------------------------------
      2868        128         59          4         96       3840   Library Totals

    ----------------------------------------------------------------------

==============================================================================


      Code (inc. data)   RO Data    RW Data    ZI Data      Debug   

     44004       5778       2928       2232       4688     524620   Grand Totals
     44004       5778       2928       1112       4688     524620   ELF Image Totals (compressed)
     44004       5778       2928       1112          0          0   ROM Totals

==============================================================================

    Total RO  Size (Code + RO Data)                46932 (  45.83kB)
    Total RW  Size (RW Data + ZI Data)              6920 (   6.76kB)
    Total ROM Size (Code + RO Data + RW Data)      48044 (  46.92kB)

==============================================================================

