<html>
<body>
<pre>
<h1>礦ision Build Log</h1>
<h2>Tool Versions:</h2>
IDE-Version: μVision V5.21.1.0
Copyright (C) 2016 ARM Ltd and ARM Germany GmbH. All rights reserved.
License Information: jiyuan zhao, cecc, LIC=V852Z-JT34N-TJ46H-W2LFG-D0AQ4-RCNS7
 
Tool Versions:
Toolchain:       MDK-ARM Professional  Version: 5.21a
Toolchain Path:  E:\zhuanye\keil mdk\ARM\ARMCC\Bin
C Compiler:      Armcc.exe V5.06 update 3 (build 300)
Assembler:       Armasm.exe V5.06 update 3 (build 300)
Linker/Locator:  ArmLink.exe V5.06 update 3 (build 300)
Library Manager: ArmAr.exe V5.06 update 3 (build 300)
Hex Converter:   FromElf.exe V5.06 update 3 (build 300)
CPU DLL:         SARMCM3.DLL V5.21a
Dialog DLL:      DCM.DLL V1.13.8.0
Target DLL:      STLink\ST-LINKIII-KEIL_SWO.dll V2.0.18.0
Dialog DLL:      TCM.DLL V1.14.14.0
 
<h2>Project:</h2>
D:\用户目录\我的文档\Tencent Files\359044538\FileRecv\智能排队机嵌入式工程源码\Project\Template.uvprojx
Project File Date:  10/13/2018

<h2>Output:</h2>
*** Using Compiler 'V5.06 update 3 (build 300)', folder: 'E:\zhuanye\keil mdk\ARM\ARMCC\Bin'
Build target 'newland-queuing-machine'
compiling hal_core.c...
compiling main.c...
compiling app_pwd.c...
compiling usmart.c...
compiling usmart_config.c...
compiling usmart_str.c...
compiling HAL_WiFiToCloud.c...
compiling usart.c...
compiling WiFiToCloud.c...
compiling app_cloud.c...
compiling potocol.c...
..\app\potocol\potocol.c(157): warning:  #550-D: variable "rx_cnt" was set but never used
  	uint8_t rx_cnt=0;
..\app\potocol\potocol.c: 1 warning, 0 errors
compiling bsp_flash.c...
compiling timer.c...
compiling bsp_spi.c...
compiling usart3.c...
compiling bsp_spi1.c...
compiling bsp_uart4.c...
compiling bsp_rtc.c...
compiling bsp_timer3.c...
compiling LCD12864.c...
compiling lf125k.c...
compiling buzzer.c...
..\drivers\Buzzer\buzzer.c(53): warning:  #177-D: function "TIM1_pwm_init" was declared but never referenced
  static void TIM1_pwm_init(void)
..\drivers\Buzzer\buzzer.c: 1 warning, 0 errors
compiling xfs5152ce.c...
..\drivers\xfs5152ce\xfs5152ce.c(393): warning:  #177-D: variable "rx_frame_info" was declared but never referenced
  	unsigned  char rx_frame_info[8];
..\drivers\xfs5152ce\xfs5152ce.c(353): warning:  #177-D: function "dump" was declared but never referenced
  static void dump(const uint8_t *buf, int len)
..\drivers\xfs5152ce\xfs5152ce.c: 2 warnings, 0 errors
compiling rf_si4332a.c...
compiling rf_si4332b.c...
compiling key_button.c...
compiling 74hc595.c...
compiling core_cm3.c...
compiling ledNixietube.c...
assembling startup_stm32f10x_hd.s...
compiling stm32f10x_it.c...
compiling system_stm32f10x.c...
compiling misc.c...
compiling stm32f10x_bkp.c...
compiling stm32f10x_can.c...
compiling stm32f10x_adc.c...
compiling stm32f10x_crc.c...
compiling stm32f10x_dac.c...
compiling stm32f10x_cec.c...
compiling stm32f10x_dma.c...
compiling stm32f10x_dbgmcu.c...
compiling stm32f10x_fsmc.c...
compiling stm32f10x_flash.c...
compiling stm32f10x_exti.c...
compiling stm32f10x_iwdg.c...
compiling stm32f10x_i2c.c...
compiling stm32f10x_gpio.c...
compiling stm32f10x_rcc.c...
compiling stm32f10x_pwr.c...
compiling stm32f10x_spi.c...
compiling stm32f10x_rtc.c...
compiling stm32f10x_sdio.c...
compiling stm32f10x_wwdg.c...
compiling stm32f10x_tim.c...
compiling kfifo.c...
compiling stm32f10x_usart.c...
compiling delay.c...
compiling systick.c...
compiling sys.c...
..\sys\sys\sys.c(346): warning:  #186-D: pointless comparison of unsigned integer with zero
  	if((bHex>=0)&&(bHex<=9))
..\sys\sys\sys.c: 1 warning, 0 errors
linking...
Program Size: Code=42412 RO-data=2824 RW-data=2228 ZI-data=4692  
FromELF: creating hex file...
"..\OBJ\newland-queuing-machine.axf" - 0 Error(s), 5 Warning(s).

<h2>Collection of Component include folders:</h2>
  D:\用户目录\我的文档\Tencent Files\359044538\FileRecv\智能排队机嵌入式工程源码\Project\RTE

<h2>Collection of Component Files used:</h2>
Build Time Elapsed:  00:00:14
</pre>
</body>
</html>
