Component: ARM Compiler 5.06 update 6 (build 750) Tool: armlink [4d35ed]

==============================================================================

Section Cross References

    main.o(.text) refers to hal_core.o(.text) for hal_init
    main.o(.text) refers to xfs5152ce.o(.text) for xfs_voice_start
    main.o(.text) refers to lcd12864.o(.text) for show_logo
    main.o(.text) refers to app_pwd.o(.text) for param_Init
    main.o(.text) refers to bsp_timer3.o(.text) for TIM3_Init
    main.o(.text) refers to hal_wifitocloud.o(.text) for ESP8266_init
    main.o(.text) refers to app_cloud.o(.text) for cloud_task
    main.o(.text) refers to key_button.o(.text) for key_task
    hal_core.o(.text) refers to misc.o(.text) for NVIC_PriorityGroupConfig
    hal_core.o(.text) refers to systick.o(.text) for SYSTICK_init
    hal_core.o(.text) refers to usart.o(.text) for uart_init
    hal_core.o(.text) refers to delay.o(.text) for delay_init
    hal_core.o(.text) refers to lcd12864.o(.text) for lcd_init
    hal_core.o(.text) refers to bsp_rtc.o(.text) for rtc_init
    hal_core.o(.text) refers to xfs5152ce.o(.text) for xfs_init
    hal_core.o(.text) refers to bsp_uart4.o(.text) for UART4_Init
    hal_core.o(.text) refers to lf125k.o(.text) for LF125K_init
    hal_core.o(.text) refers to buzzer.o(.text) for buzzerInit
    hal_core.o(.text) refers to rf_si4332a.o(.text) for SI4332A_Init
    hal_core.o(.text) refers to rf_si4332b.o(.text) for SI4332B_Init
    hal_core.o(.text) refers to key_button.o(.text) for bsp_key_init
    hal_core.o(.text) refers to 74hc595.o(.text) for HC595_GpioInit
    hal_core.o(.text) refers to hal_core.o(.data) for is_rtc_update
    hal_core.o(.text) refers to usmart_config.o(.data) for usmart_dev
    hal_core.o(.text) refers to potocol.o(.text) for protocol_task
    app_pwd.o(.text) refers to _printf_pad.o(.text) for _printf_pre_padding
    app_pwd.o(.text) refers to _printf_percent.o(.ARM.Collect$$_printf_percent$$00000000) for _printf_percent
    app_pwd.o(.text) refers to _printf_d.o(.ARM.Collect$$_printf_percent$$00000009) for _printf_d
    app_pwd.o(.text) refers to _printf_x.o(.ARM.Collect$$_printf_percent$$0000000C) for _printf_x
    app_pwd.o(.text) refers to _printf_s.o(.ARM.Collect$$_printf_percent$$00000014) for _printf_s
    app_pwd.o(.text) refers to _printf_dec.o(.text) for _printf_int_dec
    app_pwd.o(.text) refers to _printf_hex_int.o(.text) for _printf_longlong_hex
    app_pwd.o(.text) refers to _printf_str.o(.text) for _printf_str
    app_pwd.o(.text) refers to lf125k.o(.text) for LF125K_read_1_page
    app_pwd.o(.text) refers to memcmp.o(.text) for memcmp
    app_pwd.o(.text) refers to bsp_flash.o(.text) for bsp_flash_read
    app_pwd.o(.text) refers to strrchr.o(.text) for strrchr
    app_pwd.o(.text) refers to systick.o(.text) for SYSTICK_get_time
    app_pwd.o(.text) refers to noretval__2printf.o(.text) for __2printf
    app_pwd.o(.text) refers to aeabi_memset.o(.text) for __aeabi_memset
    app_pwd.o(.text) refers to lednixietube.o(.text) for led_disable
    app_pwd.o(.text) refers to rt_memclr_w.o(.text) for __aeabi_memclr4
    app_pwd.o(.text) refers to xfs5152ce.o(.text) for xfs_voice_start
    app_pwd.o(.text) refers to app_pwd.o(.bss) for id_card
    app_pwd.o(.text) refers to app_pwd.o(.constdata) for __FUNCTION__
    app_pwd.o(.text) refers to app_pwd.o(.data) for idCardPwd_offset
    app_pwd.o(.text) refers to app_pwd.o(.conststring) for .conststring
    app_pwd.o(.text) refers to kfifo.o(.text) for kfifo_push_in
    app_pwd.o(.text) refers to buzzer.o(.text) for buzzerOpen
    app_pwd.o(.data) refers to app_pwd.o(.conststring) for .conststring
    app_pwd.o(.data) refers to app_pwd.o(.bss) for num_fifo_buffer
    usmart.o(.text) refers to _printf_percent.o(.ARM.Collect$$_printf_percent$$00000000) for _printf_percent
    usmart.o(.text) refers to _printf_s.o(.ARM.Collect$$_printf_percent$$00000014) for _printf_s
    usmart.o(.text) refers to _printf_str.o(.text) for _printf_str
    usmart.o(.text) refers to _printf_pad.o(.text) for _printf_pre_padding
    usmart.o(.text) refers to _printf_x.o(.ARM.Collect$$_printf_percent$$0000000C) for _printf_x
    usmart.o(.text) refers to _printf_hex_int.o(.text) for _printf_longlong_hex
    usmart.o(.text) refers to _printf_u.o(.ARM.Collect$$_printf_percent$$0000000A) for _printf_u
    usmart.o(.text) refers to _printf_dec.o(.text) for _printf_int_dec
    usmart.o(.text) refers to _printf_c.o(.ARM.Collect$$_printf_percent$$00000013) for _printf_c
    usmart.o(.text) refers to _printf_d.o(.ARM.Collect$$_printf_percent$$00000009) for _printf_d
    usmart.o(.text) refers to usmart_str.o(.text) for usmart_get_cmdname
    usmart.o(.text) refers to noretval__2printf.o(.text) for __2printf
    usmart.o(.text) refers to stm32f10x_rcc.o(.text) for RCC_APB1PeriphClockCmd
    usmart.o(.text) refers to stm32f10x_tim.o(.text) for TIM_TimeBaseInit
    usmart.o(.text) refers to misc.o(.text) for NVIC_Init
[...]
    set_lcd_data_gpio_to_input               0x08003f73   Thumb Code    40  lcd12864.o(.text)
    is_lcd_busy                              0x08003f9b   Thumb Code   166  lcd12864.o(.text)
    lcd_write_cmd                            0x08004041   Thumb Code   164  lcd12864.o(.text)
    lcd_write_data                           0x080040e5   Thumb Code   162  lcd12864.o(.text)
    lcd_set_dsp_position                     0x08004187   Thumb Code    54  lcd12864.o(.text)
    lcd_clr                                  0x080041bd   Thumb Code    74  lcd12864.o(.text)
    lcd_clr_row                              0x08004207   Thumb Code   134  lcd12864.o(.text)
    lcd_init                                 0x0800428d   Thumb Code   140  lcd12864.o(.text)
    lcd_disp_full_img                        0x08004319   Thumb Code    78  lcd12864.o(.text)
    show_logo                                0x08004367   Thumb Code    16  lcd12864.o(.text)
    lcd_write                                0x08004377   Thumb Code   236  lcd12864.o(.text)
    lcd_close                                0x08004463   Thumb Code    16  lcd12864.o(.text)
    lcd_open                                 0x08004473   Thumb Code    12  lcd12864.o(.text)
    lcd_people_num                           0x0800447f   Thumb Code   162  lcd12864.o(.text)
    lcd_id                                   0x08004521   Thumb Code    48  lcd12864.o(.text)
    lcd_task                                 0x08004551   Thumb Code    58  lcd12864.o(.text)
    GPIO_LF125K_configuration                0x080045dd   Thumb Code    56  lf125k.o(.text)
    GPIO_set_lf125k_clk                      0x08004615   Thumb Code    30  lf125k.o(.text)
    GPIO_read_lf125k_data                    0x08004633   Thumb Code    12  lf125k.o(.text)
    _nop_                                    0x0800463f   Thumb Code    14  lf125k.o(.text)
    LF125K_open_RF                           0x0800464d   Thumb Code    10  lf125k.o(.text)
    LF125K_close_RF                          0x08004657   Thumb Code    10  lf125k.o(.text)
    LF125K_init                              0x08004661   Thumb Code    12  lf125k.o(.text)
    REM_Processing                           0x0800466d   Thumb Code   292  lf125k.o(.text)
    Data_Processing                          0x08004791   Thumb Code    80  lf125k.o(.text)
    write_od                                 0x080047e1   Thumb Code   110  lf125k.o(.text)
    write_lock                               0x0800484f   Thumb Code    24  lf125k.o(.text)
    write_data                               0x08004867   Thumb Code    52  lf125k.o(.text)
    write_add                                0x0800489b   Thumb Code   108  lf125k.o(.text)
    LF125K_read_1_page                       0x08004907   Thumb Code    78  lf125k.o(.text)
    LF125K_demo                              0x08004955   Thumb Code   376  lf125k.o(.text)
    LF125K_read_0_page                       0x08004acd   Thumb Code    96  lf125k.o(.text)
    LF125K_write_0_page                      0x08004b2d   Thumb Code   124  lf125k.o(.text)
    LF125K_write_0_page_die                  0x08004ba9   Thumb Code     6  lf125k.o(.text)
    LF125K_write_0_page_protect              0x08004baf   Thumb Code   108  lf125k.o(.text)
    LF125K_read_0_page_protect               0x08004c1b   Thumb Code    70  lf125k.o(.text)
    Card_initialization                      0x08004c61   Thumb Code    62  lf125k.o(.text)
    LF125K_card_init1                        0x08004c9f   Thumb Code    44  lf125k.o(.text)
    LF125K_card_init                         0x08004ccb   Thumb Code    62  lf125k.o(.text)
    LF125K_set_password                      0x08004d09   Thumb Code    44  lf125k.o(.text)
    LF125K_set_pwd                           0x08004d35   Thumb Code    62  lf125k.o(.text)
    LF125K_clear_pwd                         0x08004d73   Thumb Code    88  lf125k.o(.text)
    LF125K_get_cardid                        0x08004dcb   Thumb Code    40  lf125k.o(.text)
    xfs_init                                 0x08004e6d   Thumb Code    14  xfs5152ce.o(.text)
    xfs_get_status                           0x08004ebb   Thumb Code   112  xfs5152ce.o(.text)
    xfs_sleep                                0x08004f2b   Thumb Code    10  xfs5152ce.o(.text)
    xfs_wake_up                              0x08004f35   Thumb Code    10  xfs5152ce.o(.text)
    xfs_voice_start                          0x08004f3f   Thumb Code   148  xfs5152ce.o(.text)
    xfs_voice_stop                           0x08004fd3   Thumb Code    10  xfs5152ce.o(.text)
    xfs_voice_pause                          0x08004fdd   Thumb Code    10  xfs5152ce.o(.text)
    xfs_voice_restore                        0x08004fe7   Thumb Code    10  xfs5152ce.o(.text)
    xfs_send_to_cache                        0x08004ff1   Thumb Code   176  xfs5152ce.o(.text)
    xfs_paly_from_cache                      0x080050a1   Thumb Code   112  xfs5152ce.o(.text)
    xfs_recognize                            0x08005131   Thumb Code  1046  xfs5152ce.o(.text)
    xfs_delete_number                        0x08005547   Thumb Code   202  xfs5152ce.o(.text)
    xfs_add_number                           0x08005611   Thumb Code    14  xfs5152ce.o(.text)
    xfs_save_id                              0x0800561f   Thumb Code    44  xfs5152ce.o(.text)
    xfs_recognize_test                       0x0800564b   Thumb Code   140  xfs5152ce.o(.text)
    TIM1_GPIO_Configuration                  0x08005929   Thumb Code    32  buzzer.o(.text)
    TIM1_RCC_Configuration                   0x08005949   Thumb Code    20  buzzer.o(.text)
    TIM1_CH1_Set_Compare                     0x080059c9   Thumb Code    14  buzzer.o(.text)
    TIM6_IRQHandler                          0x08005a65   Thumb Code    88  buzzer.o(.text)
    buzzerInit                               0x08005abd   Thumb Code    12  buzzer.o(.text)
    buzzerOption                             0x08005ac9   Thumb Code    24  buzzer.o(.text)
    buzzerOpen                               0x08005ae1   Thumb Code    38  buzzer.o(.text)
    buzzerClose                              0x08005b07   Thumb Code    38  buzzer.o(.text)
    SI4332A_LowLevel_DeInit                  0x08005b4d   Thumb Code    90  rf_si4332a.o(.text)
    SI4332A_LowLevel_Init                    0x08005ba7   Thumb Code    98  rf_si4332a.o(.text)
    SI4332A_DeInit                           0x08005c09   Thumb Code     8  rf_si4332a.o(.text)
    SI4332A_SPI_Init                         0x08005c11   Thumb Code    92  rf_si4332a.o(.text)
    SI4332A_SPI_SendByte                     0x08005c75   Thumb Code    50  rf_si4332a.o(.text)
    SI4332A_Init                             0x08005dd3   Thumb Code   468  rf_si4332a.o(.text)
    SI4332A_send_msg                         0x08005fa7   Thumb Code   196  rf_si4332a.o(.text)
    SI4332A_read_msg                         0x0800606b   Thumb Code   142  rf_si4332a.o(.text)
    SI4332_LowLevel_DeInit                   0x080060fd   Thumb Code    98  rf_si4332b.o(.text)
    SI4332_LowLevel_Init                     0x0800615f   Thumb Code   108  rf_si4332b.o(.text)
    SI4332_DeInit                            0x080061cb   Thumb Code     8  rf_si4332b.o(.text)
    SI4332_SPI_Init                          0x080061d3   Thumb Code    94  rf_si4332b.o(.text)
    SI4332_SPI_SendByte                      0x08006239   Thumb Code    50  rf_si4332b.o(.text)
    SI4332B_Init                             0x080063a7   Thumb Code   474  rf_si4332b.o(.text)
    SI4332B_send_msg                         0x08006581   Thumb Code   196  rf_si4332b.o(.text)
    SI4332B_read_msg                         0x08006645   Thumb Code   142  rf_si4332b.o(.text)
    key_button_init                          0x080066d9   Thumb Code   136  key_button.o(.text)
    key_button_get_status                    0x08006761   Thumb Code    22  key_button.o(.text)
    key_irq_handle                           0x0800678b   Thumb Code    32  key_button.o(.text)
    bsp_key_init                             0x080067ab   Thumb Code    26  key_button.o(.text)
    bsp_key_init1                            0x080067c5   Thumb Code    18  key_button.o(.text)
    key_poll                                 0x080067f9   Thumb Code  1252  key_button.o(.text)
    key_irq                                  0x08006cdd   Thumb Code   546  key_button.o(.text)
    key_task                                 0x08006eff   Thumb Code    14  key_button.o(.text)
    EXTI15_10_IRQHandler                     0x08006f0d   Thumb Code    38  key_button.o(.text)
    HC595_GpioInit                           0x08006fbd   Thumb Code    64  74hc595.o(.text)
    HC595_close                              0x08006ffd   Thumb Code    20  74hc595.o(.text)
    hc595_out                                0x08007011   Thumb Code   130  74hc595.o(.text)
    hc595_out_for_int                        0x08007093   Thumb Code   130  74hc595.o(.text)
    led_scan_run                             0x08007121   Thumb Code     2  lednixietube.o(.text)
    led_scan                                 0x08007123   Thumb Code    92  lednixietube.o(.text)
    set_led_dispbuf                          0x0800717f   Thumb Code    34  lednixietube.o(.text)
    clr_led_dispbuf                          0x080071a1   Thumb Code    22  lednixietube.o(.text)
    Bcd2disp                                 0x080071b7   Thumb Code    42  lednixietube.o(.text)
    LED_show                                 0x080071e1   Thumb Code   110  lednixietube.o(.text)
    led_disable                              0x0800724f   Thumb Code    28  lednixietube.o(.text)
    led_enable                               0x0800726b   Thumb Code    32  lednixietube.o(.text)
    NMI_Handler                              0x080072ad   Thumb Code     2  stm32f10x_it.o(.text)
    HardFault_Handler                        0x080072af   Thumb Code    10  stm32f10x_it.o(.text)
    MemManage_Handler                        0x080072b9   Thumb Code     4  stm32f10x_it.o(.text)
    BusFault_Handler                         0x080072bd   Thumb Code     4  stm32f10x_it.o(.text)
    UsageFault_Handler                       0x080072c1   Thumb Code     4  stm32f10x_it.o(.text)
    SVC_Handler                              0x080072c5   Thumb Code     2  stm32f10x_it.o(.text)
    DebugMon_Handler                         0x080072c7   Thumb Code     2  stm32f10x_it.o(.text)
    SystemInit                               0x080073bb   Thumb Code    78  system_stm32f10x.o(.text)
    SystemCoreClockUpdate                    0x08007409   Thumb Code   142  system_stm32f10x.o(.text)
    Reset_Handler                            0x080074bd   Thumb Code     8  startup_stm32f10x_hd.o(.text)
    PendSV_Handler                           0x080074d3   Thumb Code     2  startup_stm32f10x_hd.o(.text)
    ADC1_2_IRQHandler                        0x080074d7   Thumb Code     0  startup_stm32f10x_hd.o(.text)
    ADC3_IRQHandler                          0x080074d7   Thumb Code     0  startup_stm32f10x_hd.o(.text)
    CAN1_RX1_IRQHandler                      0x080074d7   Thumb Code     0  startup_stm32f10x_hd.o(.text)
    CAN1_SCE_IRQHandler                      0x080074d7   Thumb Code     0  startup_stm32f10x_hd.o(.text)
    DMA1_Channel1_IRQHandler                 0x080074d7   Thumb Code     0  startup_stm32f10x_hd.o(.text)
    DMA1_Channel2_IRQHandler                 0x080074d7   Thumb Code     0  startup_stm32f10x_hd.o(.text)
    DMA1_Channel3_IRQHandler                 0x080074d7   Thumb Code     0  startup_stm32f10x_hd.o(.text)
    DMA1_Channel4_IRQHandler                 0x080074d7   Thumb Code     0  startup_stm32f10x_hd.o(.text)
    DMA1_Channel5_IRQHandler                 0x080074d7   Thumb Code     0  startup_stm32f10x_hd.o(.text)
    DMA1_Channel6_IRQHandler                 0x080074d7   Thumb Code     0  startup_stm32f10x_hd.o(.text)
    DMA1_Channel7_IRQHandler                 0x080074d7   Thumb Code     0  startup_stm32f10x_hd.o(.text)
    DMA2_Channel1_IRQHandler                 0x080074d7   Thumb Code     0  startup_stm32f10x_hd.o(.text)
    DMA2_Channel2_IRQHandler                 0x080074d7   Thumb Code     0  startup_stm32f10x_hd.o(.text)
    DMA2_Channel3_IRQHandler                 0x080074d7   Thumb Code     0  startup_stm32f10x_hd.o(.text)
    DMA2_Channel4_5_IRQHandler               0x080074d7   Thumb Code     0  startup_stm32f10x_hd.o(.text)
    EXTI0_IRQHandler                         0x080074d7   Thumb Code     0  startup_stm32f10x_hd.o(.text)
    EXTI1_IRQHandler                         0x080074d7   Thumb Code     0  startup_stm32f10x_hd.o(.text)
    EXTI2_IRQHandler                         0x080074d7   Thumb Code     0  startup_stm32f10x_hd.o(.text)
    EXTI3_IRQHandler                         0x080074d7   Thumb Code     0  startup_stm32f10x_hd.o(.text)
    EXTI4_IRQHandler                         0x080074d7   Thumb Code     0  startup_stm32f10x_hd.o(.text)
    EXTI9_5_IRQHandler                       0x080074d7   Thumb Code     0  startup_stm32f10x_hd.o(.text)
    FLASH_IRQHandler                         0x080074d7   Thumb Code     0  startup_stm32f10x_hd.o(.text)
    FSMC_IRQHandler                          0x080074d7   Thumb Code     0  startup_stm32f10x_hd.o(.text)
    I2C1_ER_IRQHandler                       0x080074d7   Thumb Code     0  startup_stm32f10x_hd.o(.text)
    I2C1_EV_IRQHandler                       0x080074d7   Thumb Code     0  startup_stm32f10x_hd.o(.text)
    I2C2_ER_IRQHandler                       0x080074d7   Thumb Code     0  startup_stm32f10x_hd.o(.text)
    I2C2_EV_IRQHandler                       0x080074d7   Thumb Code     0  startup_stm32f10x_hd.o(.text)
    PVD_IRQHandler                           0x080074d7   Thumb Code     0  startup_stm32f10x_hd.o(.text)
    RCC_IRQHandler                           0x080074d7   Thumb Code     0  startup_stm32f10x_hd.o(.text)
    RTCAlarm_IRQHandler                      0x080074d7   Thumb Code     0  startup_stm32f10x_hd.o(.text)
    SDIO_IRQHandler                          0x080074d7   Thumb Code     0  startup_stm32f10x_hd.o(.text)
    SPI1_IRQHandler                          0x080074d7   Thumb Code     0  startup_stm32f10x_hd.o(.text)
    SPI2_IRQHandler                          0x080074d7   Thumb Code     0  startup_stm32f10x_hd.o(.text)
    SPI3_IRQHandler                          0x080074d7   Thumb Code     0  startup_stm32f10x_hd.o(.text)
    TAMPER_IRQHandler                        0x080074d7   Thumb Code     0  startup_stm32f10x_hd.o(.text)
    TIM1_BRK_IRQHandler                      0x080074d7   Thumb Code     0  startup_stm32f10x_hd.o(.text)
    TIM1_CC_IRQHandler                       0x080074d7   Thumb Code     0  startup_stm32f10x_hd.o(.text)
    TIM1_TRG_COM_IRQHandler                  0x080074d7   Thumb Code     0  startup_stm32f10x_hd.o(.text)
    TIM1_UP_IRQHandler                       0x080074d7   Thumb Code     0  startup_stm32f10x_hd.o(.text)
    TIM4_IRQHandler                          0x080074d7   Thumb Code     0  startup_stm32f10x_hd.o(.text)
    TIM5_IRQHandler                          0x080074d7   Thumb Code     0  startup_stm32f10x_hd.o(.text)
    TIM8_BRK_IRQHandler                      0x080074d7   Thumb Code     0  startup_stm32f10x_hd.o(.text)
    TIM8_CC_IRQHandler                       0x080074d7   Thumb Code     0  startup_stm32f10x_hd.o(.text)
    TIM8_TRG_COM_IRQHandler                  0x080074d7   Thumb Code     0  startup_stm32f10x_hd.o(.text)
    TIM8_UP_IRQHandler                       0x080074d7   Thumb Code     0  startup_stm32f10x_hd.o(.text)
    UART5_IRQHandler                         0x080074d7   Thumb Code     0  startup_stm32f10x_hd.o(.text)
    USART2_IRQHandler                        0x080074d7   Thumb Code     0  startup_stm32f10x_hd.o(.text)
    USBWakeUp_IRQHandler                     0x080074d7   Thumb Code     0  startup_stm32f10x_hd.o(.text)
    USB_HP_CAN1_TX_IRQHandler                0x080074d7   Thumb Code     0  startup_stm32f10x_hd.o(.text)
    USB_LP_CAN1_RX0_IRQHandler               0x080074d7   Thumb Code     0  startup_stm32f10x_hd.o(.text)
    WWDG_IRQHandler                          0x080074d7   Thumb Code     0  startup_stm32f10x_hd.o(.text)
    __user_initial_stackheap                 0x080074d9   Thumb Code     0  startup_stm32f10x_hd.o(.text)
    NVIC_PriorityGroupConfig                 0x080074fd   Thumb Code    10  misc.o(.text)
    NVIC_Init                                0x08007507   Thumb Code   100  misc.o(.text)
    NVIC_SetVectorTable                      0x0800756b   Thumb Code    14  misc.o(.text)
    NVIC_SystemLPConfig                      0x08007579   Thumb Code    34  misc.o(.text)
    SysTick_CLKSourceConfig                  0x0800759b   Thumb Code    40  misc.o(.text)
    BKP_DeInit                               0x080075d9   Thumb Code    16  stm32f10x_bkp.o(.text)
    BKP_TamperPinLevelConfig                 0x080075e9   Thumb Code     6  stm32f10x_bkp.o(.text)
    BKP_TamperPinCmd                         0x080075ef   Thumb Code     8  stm32f10x_bkp.o(.text)
    BKP_ITConfig                             0x080075f7   Thumb Code     8  stm32f10x_bkp.o(.text)
    BKP_RTCOutputConfig                      0x080075ff   Thumb Code    22  stm32f10x_bkp.o(.text)
    BKP_SetRTCCalibrationValue               0x08007615   Thumb Code    22  stm32f10x_bkp.o(.text)
    BKP_WriteBackupRegister                  0x0800762b   Thumb Code    24  stm32f10x_bkp.o(.text)
    BKP_ReadBackupRegister                   0x08007643   Thumb Code    26  stm32f10x_bkp.o(.text)
    BKP_GetFlagStatus                        0x0800765d   Thumb Code    10  stm32f10x_bkp.o(.text)
    BKP_ClearFlag                            0x08007667   Thumb Code    18  stm32f10x_bkp.o(.text)
    BKP_GetITStatus                          0x08007679   Thumb Code    10  stm32f10x_bkp.o(.text)
    BKP_ClearITPendingBit                    0x08007683   Thumb Code    18  stm32f10x_bkp.o(.text)
    EXTI_DeInit                              0x0800769d   Thumb Code    28  stm32f10x_exti.o(.text)
    EXTI_Init                                0x080076b9   Thumb Code   142  stm32f10x_exti.o(.text)
    EXTI_StructInit                          0x08007747   Thumb Code    16  stm32f10x_exti.o(.text)
    EXTI_GenerateSWInterrupt                 0x08007757   Thumb Code    16  stm32f10x_exti.o(.text)
    EXTI_GetFlagStatus                       0x08007767   Thumb Code    22  stm32f10x_exti.o(.text)
    EXTI_ClearFlag                           0x0800777d   Thumb Code     8  stm32f10x_exti.o(.text)
    EXTI_GetITStatus                         0x08007785   Thumb Code    34  stm32f10x_exti.o(.text)
    EXTI_ClearITPendingBit                   0x080077a7   Thumb Code     8  stm32f10x_exti.o(.text)
    FLASH_SetLatency                         0x080077b9   Thumb Code    18  stm32f10x_flash.o(.text)
    FLASH_HalfCycleAccessCmd                 0x080077cb   Thumb Code    22  stm32f10x_flash.o(.text)
    FLASH_PrefetchBufferCmd                  0x080077e1   Thumb Code    22  stm32f10x_flash.o(.text)
    FLASH_Unlock                             0x080077f7   Thumb Code    12  stm32f10x_flash.o(.text)
    FLASH_UnlockBank1                        0x08007803   Thumb Code    12  stm32f10x_flash.o(.text)
    FLASH_Lock                               0x0800780f   Thumb Code    14  stm32f10x_flash.o(.text)
    FLASH_LockBank1                          0x0800781d   Thumb Code    14  stm32f10x_flash.o(.text)
    FLASH_GetBank1Status                     0x0800782b   Thumb Code    48  stm32f10x_flash.o(.text)
    FLASH_WaitForLastOperation               0x0800785b   Thumb Code    38  stm32f10x_flash.o(.text)
    FLASH_ErasePage                          0x08007881   Thumb Code    72  stm32f10x_flash.o(.text)
    FLASH_EraseAllPages                      0x080078c9   Thumb Code    68  stm32f10x_flash.o(.text)
    FLASH_WaitForLastBank1Operation          0x0800790d   Thumb Code    38  stm32f10x_flash.o(.text)
    FLASH_EraseAllBank1Pages                 0x08007933   Thumb Code    68  stm32f10x_flash.o(.text)
    FLASH_GetReadOutProtectionStatus         0x08007977   Thumb Code    20  stm32f10x_flash.o(.text)
    FLASH_EraseOptionBytes                   0x0800798b   Thumb Code   150  stm32f10x_flash.o(.text)
    FLASH_ProgramWord                        0x08007a21   Thumb Code   102  stm32f10x_flash.o(.text)
    FLASH_ProgramHalfWord                    0x08007a87   Thumb Code    60  stm32f10x_flash.o(.text)
    FLASH_ProgramOptionByteData              0x08007ac3   Thumb Code    72  stm32f10x_flash.o(.text)
    FLASH_EnableWriteProtection              0x08007b0b   Thumb Code   200  stm32f10x_flash.o(.text)
    FLASH_ReadOutProtection                  0x08007bd3   Thumb Code   156  stm32f10x_flash.o(.text)
    FLASH_UserOptionByteConfig               0x08007c6f   Thumb Code    88  stm32f10x_flash.o(.text)
    FLASH_GetUserOptionByte                  0x08007cc7   Thumb Code     8  stm32f10x_flash.o(.text)
    FLASH_GetWriteProtectionOptionByte       0x08007ccf   Thumb Code     6  stm32f10x_flash.o(.text)
    FLASH_GetPrefetchBufferStatus            0x08007cd5   Thumb Code    20  stm32f10x_flash.o(.text)
    FLASH_ITConfig                           0x08007ce9   Thumb Code    26  stm32f10x_flash.o(.text)
    FLASH_GetFlagStatus                      0x08007d03   Thumb Code    42  stm32f10x_flash.o(.text)
    FLASH_ClearFlag                          0x08007d2d   Thumb Code     6  stm32f10x_flash.o(.text)
    FLASH_GetStatus                          0x08007d33   Thumb Code    48  stm32f10x_flash.o(.text)
    GPIO_DeInit                              0x08007d75   Thumb Code   172  stm32f10x_gpio.o(.text)
    GPIO_AFIODeInit                          0x08007e21   Thumb Code    20  stm32f10x_gpio.o(.text)
    GPIO_Init                                0x08007e35   Thumb Code   278  stm32f10x_gpio.o(.text)
    GPIO_StructInit                          0x08007f4b   Thumb Code    16  stm32f10x_gpio.o(.text)
    GPIO_ReadInputDataBit                    0x08007f5b   Thumb Code    18  stm32f10x_gpio.o(.text)
    GPIO_ReadInputData                       0x08007f6d   Thumb Code     8  stm32f10x_gpio.o(.text)
    GPIO_ReadOutputDataBit                   0x08007f75   Thumb Code    18  stm32f10x_gpio.o(.text)
    GPIO_ReadOutputData                      0x08007f87   Thumb Code     8  stm32f10x_gpio.o(.text)
    GPIO_SetBits                             0x08007f8f   Thumb Code     4  stm32f10x_gpio.o(.text)
    GPIO_ResetBits                           0x08007f93   Thumb Code     4  stm32f10x_gpio.o(.text)
    GPIO_WriteBit                            0x08007f97   Thumb Code    10  stm32f10x_gpio.o(.text)
    GPIO_Write                               0x08007fa1   Thumb Code     4  stm32f10x_gpio.o(.text)
    GPIO_PinLockConfig                       0x08007fa5   Thumb Code    18  stm32f10x_gpio.o(.text)
    GPIO_EventOutputConfig                   0x08007fb7   Thumb Code    26  stm32f10x_gpio.o(.text)
    GPIO_EventOutputCmd                      0x08007fd1   Thumb Code     6  stm32f10x_gpio.o(.text)
    GPIO_PinRemapConfig                      0x08007fd7   Thumb Code   138  stm32f10x_gpio.o(.text)
    GPIO_EXTILineConfig                      0x08008061   Thumb Code    66  stm32f10x_gpio.o(.text)
    GPIO_ETH_MediaInterfaceConfig            0x080080a3   Thumb Code     8  stm32f10x_gpio.o(.text)
    PWR_DeInit                               0x080080d1   Thumb Code    22  stm32f10x_pwr.o(.text)
    PWR_BackupAccessCmd                      0x080080e7   Thumb Code     6  stm32f10x_pwr.o(.text)
    PWR_PVDCmd                               0x080080ed   Thumb Code     6  stm32f10x_pwr.o(.text)
    PWR_PVDLevelConfig                       0x080080f3   Thumb Code    18  stm32f10x_pwr.o(.text)
    PWR_WakeUpPinCmd                         0x08008105   Thumb Code     8  stm32f10x_pwr.o(.text)
    PWR_EnterSTOPMode                        0x0800810d   Thumb Code    54  stm32f10x_pwr.o(.text)
    PWR_EnterSTANDBYMode                     0x08008143   Thumb Code    42  stm32f10x_pwr.o(.text)
    PWR_GetFlagStatus                        0x0800816d   Thumb Code    20  stm32f10x_pwr.o(.text)
    PWR_ClearFlag                            0x08008181   Thumb Code    14  stm32f10x_pwr.o(.text)
    RCC_DeInit                               0x0800819d   Thumb Code    64  stm32f10x_rcc.o(.text)
    RCC_HSEConfig                            0x080081dd   Thumb Code    70  stm32f10x_rcc.o(.text)
    RCC_GetFlagStatus                        0x08008223   Thumb Code    56  stm32f10x_rcc.o(.text)
    RCC_WaitForHSEStartUp                    0x0800825b   Thumb Code    56  stm32f10x_rcc.o(.text)
    RCC_AdjustHSICalibrationValue            0x08008293   Thumb Code    20  stm32f10x_rcc.o(.text)
    RCC_HSICmd                               0x080082a7   Thumb Code     6  stm32f10x_rcc.o(.text)
    RCC_PLLConfig                            0x080082ad   Thumb Code    24  stm32f10x_rcc.o(.text)
    RCC_PLLCmd                               0x080082c5   Thumb Code     6  stm32f10x_rcc.o(.text)
    RCC_SYSCLKConfig                         0x080082cb   Thumb Code    18  stm32f10x_rcc.o(.text)
    RCC_GetSYSCLKSource                      0x080082dd   Thumb Code    10  stm32f10x_rcc.o(.text)
    RCC_HCLKConfig                           0x080082e7   Thumb Code    18  stm32f10x_rcc.o(.text)
    RCC_PCLK1Config                          0x080082f9   Thumb Code    18  stm32f10x_rcc.o(.text)
    RCC_PCLK2Config                          0x0800830b   Thumb Code    20  stm32f10x_rcc.o(.text)
    RCC_ITConfig                             0x0800831f   Thumb Code    26  stm32f10x_rcc.o(.text)
    RCC_USBCLKConfig                         0x08008339   Thumb Code     8  stm32f10x_rcc.o(.text)
    RCC_ADCCLKConfig                         0x08008341   Thumb Code    18  stm32f10x_rcc.o(.text)
    RCC_LSEConfig                            0x08008353   Thumb Code    50  stm32f10x_rcc.o(.text)
    RCC_LSICmd                               0x08008385   Thumb Code     6  stm32f10x_rcc.o(.text)
    RCC_RTCCLKConfig                         0x0800838b   Thumb Code    12  stm32f10x_rcc.o(.text)
    RCC_RTCCLKCmd                            0x08008397   Thumb Code     8  stm32f10x_rcc.o(.text)
    RCC_GetClocksFreq                        0x0800839f   Thumb Code   192  stm32f10x_rcc.o(.text)
    RCC_AHBPeriphClockCmd                    0x0800845f   Thumb Code    26  stm32f10x_rcc.o(.text)
    RCC_APB2PeriphClockCmd                   0x08008479   Thumb Code    26  stm32f10x_rcc.o(.text)
    RCC_APB1PeriphClockCmd                   0x08008493   Thumb Code    26  stm32f10x_rcc.o(.text)
    RCC_APB2PeriphResetCmd                   0x080084ad   Thumb Code    26  stm32f10x_rcc.o(.text)
    RCC_APB1PeriphResetCmd                   0x080084c7   Thumb Code    26  stm32f10x_rcc.o(.text)
    RCC_BackupResetCmd                       0x080084e1   Thumb Code     8  stm32f10x_rcc.o(.text)
    RCC_ClockSecuritySystemCmd               0x080084e9   Thumb Code     6  stm32f10x_rcc.o(.text)
    RCC_MCOConfig                            0x080084ef   Thumb Code     6  stm32f10x_rcc.o(.text)
    RCC_ClearFlag                            0x080084f5   Thumb Code    14  stm32f10x_rcc.o(.text)
    RCC_GetITStatus                          0x08008503   Thumb Code    20  stm32f10x_rcc.o(.text)
    RCC_ClearITPendingBit                    0x08008517   Thumb Code     6  stm32f10x_rcc.o(.text)
    RTC_ITConfig                             0x08008541   Thumb Code    26  stm32f10x_rtc.o(.text)
    RTC_EnterConfigMode                      0x0800855b   Thumb Code    18  stm32f10x_rtc.o(.text)
    RTC_ExitConfigMode                       0x0800856d   Thumb Code    20  stm32f10x_rtc.o(.text)
    RTC_GetCounter                           0x08008581   Thumb Code    18  stm32f10x_rtc.o(.text)
    RTC_SetCounter                           0x08008593   Thumb Code    26  stm32f10x_rtc.o(.text)
    RTC_SetPrescaler                         0x080085ad   Thumb Code    28  stm32f10x_rtc.o(.text)
    RTC_SetAlarm                             0x080085c9   Thumb Code    26  stm32f10x_rtc.o(.text)
    RTC_GetDivider                           0x080085e3   Thumb Code    22  stm32f10x_rtc.o(.text)
    RTC_WaitForLastTask                      0x080085f9   Thumb Code    18  stm32f10x_rtc.o(.text)
    RTC_WaitForSynchro                       0x0800860b   Thumb Code    36  stm32f10x_rtc.o(.text)
    RTC_GetFlagStatus                        0x0800862f   Thumb Code    22  stm32f10x_rtc.o(.text)
    RTC_ClearFlag                            0x08008645   Thumb Code    16  stm32f10x_rtc.o(.text)
    RTC_GetITStatus                          0x08008655   Thumb Code    32  stm32f10x_rtc.o(.text)
    RTC_ClearITPendingBit                    0x08008675   Thumb Code    16  stm32f10x_rtc.o(.text)
    SPI_I2S_DeInit                           0x08008689   Thumb Code    76  stm32f10x_spi.o(.text)
    SPI_Init                                 0x080086d5   Thumb Code    60  stm32f10x_spi.o(.text)
    I2S_Init                                 0x08008711   Thumb Code   226  stm32f10x_spi.o(.text)
    SPI_StructInit                           0x080087f3   Thumb Code    24  stm32f10x_spi.o(.text)
    I2S_StructInit                           0x0800880b   Thumb Code    20  stm32f10x_spi.o(.text)
    SPI_Cmd                                  0x0800881f   Thumb Code    24  stm32f10x_spi.o(.text)
    I2S_Cmd                                  0x08008837   Thumb Code    24  stm32f10x_spi.o(.text)
    SPI_I2S_ITConfig                         0x0800884f   Thumb Code    32  stm32f10x_spi.o(.text)
    SPI_I2S_DMACmd                           0x0800886f   Thumb Code    18  stm32f10x_spi.o(.text)
    SPI_I2S_SendData                         0x08008881   Thumb Code     4  stm32f10x_spi.o(.text)
    SPI_I2S_ReceiveData                      0x08008885   Thumb Code     6  stm32f10x_spi.o(.text)
    SPI_NSSInternalSoftwareConfig            0x0800888b   Thumb Code    30  stm32f10x_spi.o(.text)
    SPI_SSOutputCmd                          0x080088a9   Thumb Code    24  stm32f10x_spi.o(.text)
    SPI_DataSizeConfig                       0x080088c1   Thumb Code    18  stm32f10x_spi.o(.text)
    SPI_TransmitCRC                          0x080088d3   Thumb Code    10  stm32f10x_spi.o(.text)
    SPI_CalculateCRC                         0x080088dd   Thumb Code    24  stm32f10x_spi.o(.text)
    SPI_GetCRC                               0x080088f5   Thumb Code    16  stm32f10x_spi.o(.text)
    SPI_GetCRCPolynomial                     0x08008905   Thumb Code     6  stm32f10x_spi.o(.text)
    SPI_BiDirectionalLineConfig              0x0800890b   Thumb Code    28  stm32f10x_spi.o(.text)
    SPI_I2S_GetFlagStatus                    0x08008927   Thumb Code    18  stm32f10x_spi.o(.text)
    SPI_I2S_ClearFlag                        0x08008939   Thumb Code     6  stm32f10x_spi.o(.text)
    SPI_I2S_GetITStatus                      0x0800893f   Thumb Code    52  stm32f10x_spi.o(.text)
    SPI_I2S_ClearITPendingBit                0x08008973   Thumb Code    20  stm32f10x_spi.o(.text)
    TIM_DeInit                               0x08008995   Thumb Code   424  stm32f10x_tim.o(.text)
    TIM_TimeBaseInit                         0x08008b3d   Thumb Code   122  stm32f10x_tim.o(.text)
    TIM_OC1Init                              0x08008bb7   Thumb Code   132  stm32f10x_tim.o(.text)
    TIM_OC2Init                              0x08008c3b   Thumb Code   154  stm32f10x_tim.o(.text)
    TIM_OC3Init                              0x08008cd5   Thumb Code   150  stm32f10x_tim.o(.text)
    TIM_OC4Init                              0x08008d6b   Thumb Code   182  stm32f10x_tim.o(.text)
    TIM_SetIC4Prescaler                      0x08008e21   Thumb Code    26  stm32f10x_tim.o(.text)
    TIM_SetIC3Prescaler                      0x08008ebd   Thumb Code    18  stm32f10x_tim.o(.text)
    TIM_SetIC2Prescaler                      0x08008f49   Thumb Code    26  stm32f10x_tim.o(.text)
    TIM_SetIC1Prescaler                      0x08008fe5   Thumb Code    18  stm32f10x_tim.o(.text)
    TIM_ICInit                               0x08009063   Thumb Code   150  stm32f10x_tim.o(.text)
    TIM_PWMIConfig                           0x080090f9   Thumb Code   124  stm32f10x_tim.o(.text)
    TIM_BDTRConfig                           0x08009175   Thumb Code    32  stm32f10x_tim.o(.text)
    TIM_TimeBaseStructInit                   0x08009195   Thumb Code    18  stm32f10x_tim.o(.text)
    TIM_OCStructInit                         0x080091a7   Thumb Code    20  stm32f10x_tim.o(.text)
    TIM_ICStructInit                         0x080091bb   Thumb Code    18  stm32f10x_tim.o(.text)
    TIM_BDTRStructInit                       0x080091cd   Thumb Code    40  stm32f10x_tim.o(.text)
    TIM_Cmd                                  0x080091f5   Thumb Code    24  stm32f10x_tim.o(.text)
    TIM_CtrlPWMOutputs                       0x0800920d   Thumb Code    30  stm32f10x_tim.o(.text)
    TIM_ITConfig                             0x0800922b   Thumb Code    18  stm32f10x_tim.o(.text)
    TIM_GenerateEvent                        0x0800923d   Thumb Code     4  stm32f10x_tim.o(.text)
    TIM_DMAConfig                            0x08009241   Thumb Code    10  stm32f10x_tim.o(.text)
    TIM_DMACmd                               0x0800924b   Thumb Code    18  stm32f10x_tim.o(.text)
    TIM_InternalClockConfig                  0x0800925d   Thumb Code    12  stm32f10x_tim.o(.text)
    TIM_SelectInputTrigger                   0x08009269   Thumb Code    18  stm32f10x_tim.o(.text)
    TIM_ITRxExternalClockConfig              0x0800927b   Thumb Code    24  stm32f10x_tim.o(.text)
    TIM_TIxExternalClockConfig               0x08009293   Thumb Code    62  stm32f10x_tim.o(.text)
    TIM_ETRConfig                            0x080092d1   Thumb Code    28  stm32f10x_tim.o(.text)
    TIM_ETRClockMode1Config                  0x080092ed   Thumb Code    54  stm32f10x_tim.o(.text)
    TIM_ETRClockMode2Config                  0x08009323   Thumb Code    32  stm32f10x_tim.o(.text)
    TIM_PrescalerConfig                      0x08009343   Thumb Code     6  stm32f10x_tim.o(.text)
    TIM_CounterModeConfig                    0x08009349   Thumb Code    18  stm32f10x_tim.o(.text)
    TIM_EncoderInterfaceConfig               0x0800935b   Thumb Code    66  stm32f10x_tim.o(.text)
    TIM_ForcedOC1Config                      0x0800939d   Thumb Code    18  stm32f10x_tim.o(.text)
    TIM_ForcedOC2Config                      0x080093af   Thumb Code    26  stm32f10x_tim.o(.text)
    TIM_ForcedOC3Config                      0x080093c9   Thumb Code    18  stm32f10x_tim.o(.text)
    TIM_ForcedOC4Config                      0x080093db   Thumb Code    26  stm32f10x_tim.o(.text)
    TIM_ARRPreloadConfig                     0x080093f5   Thumb Code    24  stm32f10x_tim.o(.text)
    TIM_SelectCOM                            0x0800940d   Thumb Code    24  stm32f10x_tim.o(.text)
    TIM_SelectCCDMA                          0x08009425   Thumb Code    24  stm32f10x_tim.o(.text)
    TIM_CCPreloadControl                     0x0800943d   Thumb Code    24  stm32f10x_tim.o(.text)
    TIM_OC1PreloadConfig                     0x08009455   Thumb Code    18  stm32f10x_tim.o(.text)
    TIM_OC2PreloadConfig                     0x08009467   Thumb Code    26  stm32f10x_tim.o(.text)
    TIM_OC3PreloadConfig                     0x08009481   Thumb Code    18  stm32f10x_tim.o(.text)
    TIM_OC4PreloadConfig                     0x08009493   Thumb Code    26  stm32f10x_tim.o(.text)
    TIM_OC1FastConfig                        0x080094ad   Thumb Code    18  stm32f10x_tim.o(.text)
    TIM_OC2FastConfig                        0x080094bf   Thumb Code    26  stm32f10x_tim.o(.text)
    TIM_OC3FastConfig                        0x080094d9   Thumb Code    18  stm32f10x_tim.o(.text)
    TIM_OC4FastConfig                        0x080094eb   Thumb Code    26  stm32f10x_tim.o(.text)
    TIM_ClearOC1Ref                          0x08009505   Thumb Code    18  stm32f10x_tim.o(.text)
    TIM_ClearOC2Ref                          0x08009517   Thumb Code    24  stm32f10x_tim.o(.text)
    TIM_ClearOC3Ref                          0x0800952f   Thumb Code    18  stm32f10x_tim.o(.text)
    TIM_ClearOC4Ref                          0x08009541   Thumb Code    24  stm32f10x_tim.o(.text)
    TIM_OC1PolarityConfig                    0x08009559   Thumb Code    18  stm32f10x_tim.o(.text)
    TIM_OC1NPolarityConfig                   0x0800956b   Thumb Code    18  stm32f10x_tim.o(.text)
    TIM_OC2PolarityConfig                    0x0800957d   Thumb Code    26  stm32f10x_tim.o(.text)
    TIM_OC2NPolarityConfig                   0x08009597   Thumb Code    26  stm32f10x_tim.o(.text)
    TIM_OC3PolarityConfig                    0x080095b1   Thumb Code    26  stm32f10x_tim.o(.text)
    TIM_OC3NPolarityConfig                   0x080095cb   Thumb Code    26  stm32f10x_tim.o(.text)
    TIM_OC4PolarityConfig                    0x080095e5   Thumb Code    26  stm32f10x_tim.o(.text)
    TIM_CCxCmd                               0x080095ff   Thumb Code    30  stm32f10x_tim.o(.text)
    TIM_CCxNCmd                              0x0800961d   Thumb Code    30  stm32f10x_tim.o(.text)
    TIM_SelectOCxM                           0x0800963b   Thumb Code    82  stm32f10x_tim.o(.text)
    TIM_UpdateDisableConfig                  0x0800968d   Thumb Code    24  stm32f10x_tim.o(.text)
    TIM_UpdateRequestConfig                  0x080096a5   Thumb Code    24  stm32f10x_tim.o(.text)
    TIM_SelectHallSensor                     0x080096bd   Thumb Code    24  stm32f10x_tim.o(.text)
    TIM_SelectOnePulseMode                   0x080096d5   Thumb Code    18  stm32f10x_tim.o(.text)
    TIM_SelectOutputTrigger                  0x080096e7   Thumb Code    18  stm32f10x_tim.o(.text)
    TIM_SelectSlaveMode                      0x080096f9   Thumb Code    18  stm32f10x_tim.o(.text)
    TIM_SelectMasterSlaveMode                0x0800970b   Thumb Code    18  stm32f10x_tim.o(.text)
    TIM_SetCounter                           0x0800971d   Thumb Code     4  stm32f10x_tim.o(.text)
    TIM_SetAutoreload                        0x08009721   Thumb Code     4  stm32f10x_tim.o(.text)
    TIM_SetCompare1                          0x08009725   Thumb Code     4  stm32f10x_tim.o(.text)
    TIM_SetCompare2                          0x08009729   Thumb Code     4  stm32f10x_tim.o(.text)
    TIM_SetCompare3                          0x0800972d   Thumb Code     4  stm32f10x_tim.o(.text)
    TIM_SetCompare4                          0x08009731   Thumb Code     6  stm32f10x_tim.o(.text)
    TIM_SetClockDivision                     0x08009737   Thumb Code    18  stm32f10x_tim.o(.text)
    TIM_GetCapture1                          0x08009749   Thumb Code     6  stm32f10x_tim.o(.text)
    TIM_GetCapture2                          0x0800974f   Thumb Code     6  stm32f10x_tim.o(.text)
    TIM_GetCapture3                          0x08009755   Thumb Code     6  stm32f10x_tim.o(.text)
    TIM_GetCapture4                          0x0800975b   Thumb Code     8  stm32f10x_tim.o(.text)
    TIM_GetCounter                           0x08009763   Thumb Code     6  stm32f10x_tim.o(.text)
    TIM_GetPrescaler                         0x08009769   Thumb Code     6  stm32f10x_tim.o(.text)
    TIM_GetFlagStatus                        0x0800976f   Thumb Code    18  stm32f10x_tim.o(.text)
    TIM_ClearFlag                            0x08009781   Thumb Code     6  stm32f10x_tim.o(.text)
    TIM_GetITStatus                          0x08009787   Thumb Code    34  stm32f10x_tim.o(.text)
    TIM_ClearITPendingBit                    0x080097a9   Thumb Code     6  stm32f10x_tim.o(.text)
    USART_DeInit                             0x080097b1   Thumb Code   134  stm32f10x_usart.o(.text)
    USART_Init                               0x08009837   Thumb Code   210  stm32f10x_usart.o(.text)
    USART_StructInit                         0x08009909   Thumb Code    24  stm32f10x_usart.o(.text)
    USART_ClockInit                          0x08009921   Thumb Code    34  stm32f10x_usart.o(.text)
    USART_ClockStructInit                    0x08009943   Thumb Code    12  stm32f10x_usart.o(.text)
    USART_Cmd                                0x0800994f   Thumb Code    24  stm32f10x_usart.o(.text)
    USART_ITConfig                           0x08009967   Thumb Code    74  stm32f10x_usart.o(.text)
    USART_DMACmd                             0x080099b1   Thumb Code    18  stm32f10x_usart.o(.text)
    USART_SetAddress                         0x080099c3   Thumb Code    18  stm32f10x_usart.o(.text)
    USART_WakeUpConfig                       0x080099d5   Thumb Code    18  stm32f10x_usart.o(.text)
    USART_ReceiverWakeUpCmd                  0x080099e7   Thumb Code    24  stm32f10x_usart.o(.text)
    USART_LINBreakDetectLengthConfig         0x080099ff   Thumb Code    18  stm32f10x_usart.o(.text)
    USART_LINCmd                             0x08009a11   Thumb Code    24  stm32f10x_usart.o(.text)
    USART_SendData                           0x08009a29   Thumb Code     8  stm32f10x_usart.o(.text)
    USART_ReceiveData                        0x08009a31   Thumb Code    10  stm32f10x_usart.o(.text)
    USART_SendBreak                          0x08009a3b   Thumb Code    10  stm32f10x_usart.o(.text)
    USART_SetGuardTime                       0x08009a45   Thumb Code    16  stm32f10x_usart.o(.text)
    USART_SetPrescaler                       0x08009a55   Thumb Code    16  stm32f10x_usart.o(.text)
    USART_SmartCardCmd                       0x08009a65   Thumb Code    24  stm32f10x_usart.o(.text)
    USART_SmartCardNACKCmd                   0x08009a7d   Thumb Code    24  stm32f10x_usart.o(.text)
    USART_HalfDuplexCmd                      0x08009a95   Thumb Code    24  stm32f10x_usart.o(.text)
    USART_OverSampling8Cmd                   0x08009aad   Thumb Code    22  stm32f10x_usart.o(.text)
    USART_OneBitMethodCmd                    0x08009ac3   Thumb Code    24  stm32f10x_usart.o(.text)
    USART_IrDAConfig                         0x08009adb   Thumb Code    18  stm32f10x_usart.o(.text)
    USART_IrDACmd                            0x08009aed   Thumb Code    24  stm32f10x_usart.o(.text)
    USART_GetFlagStatus                      0x08009b05   Thumb Code    26  stm32f10x_usart.o(.text)
    USART_ClearFlag                          0x08009b1f   Thumb Code    18  stm32f10x_usart.o(.text)
    USART_GetITStatus                        0x08009b31   Thumb Code    84  stm32f10x_usart.o(.text)
    USART_ClearITPendingBit                  0x08009b85   Thumb Code    52  stm32f10x_usart.o(.text)
    kfifo_init                               0x08009bd5   Thumb Code    36  kfifo.o(.text)
    kfifo_reset                              0x08009bf9   Thumb Code    20  kfifo.o(.text)
    kfifo_push_in                            0x08009c0d   Thumb Code   116  kfifo.o(.text)
    kfifo_pull_out                           0x08009c81   Thumb Code   110  kfifo.o(.text)
    kfifo_have_len                           0x08009cef   Thumb Code    10  kfifo.o(.text)
    kfifo_rest_len                           0x08009cf9   Thumb Code    16  kfifo.o(.text)
    kfifo_get_w_index                        0x08009d09   Thumb Code    12  kfifo.o(.text)
    kfifo_get_r_index                        0x08009d15   Thumb Code    12  kfifo.o(.text)
    STM32_GPIOx_Init                         0x08009d21   Thumb Code    48  sys.o(.text)
    STM32_Flash_Capacity                     0x08009d51   Thumb Code   154  sys.o(.text)
    STM32_CPUID                              0x08009deb   Thumb Code    20  sys.o(.text)
    MY_NVIC_SetVectorTable                   0x08009dff   Thumb Code    14  sys.o(.text)
    MY_NVIC_PriorityGroup_Config             0x08009e0d   Thumb Code    12  sys.o(.text)
    MY_NVIC_Init                             0x08009e19   Thumb Code    42  sys.o(.text)
    MY_RCC_DeInit                            0x08009e43   Thumb Code    90  sys.o(.text)
    SYS_Standby                              0x08009e9d   Thumb Code    68  sys.o(.text)
    SYS_SoftReset                            0x08009ee1   Thumb Code    10  sys.o(.text)
    STM_JTAG_Set                             0x08009eeb   Thumb Code    36  sys.o(.text)
    STM_Clock_Init                           0x08009f0f   Thumb Code   134  sys.o(.text)
    BCD_to_HEX                               0x08009f95   Thumb Code    26  sys.o(.text)
    HEX_to_BCD                               0x08009faf   Thumb Code    20  sys.o(.text)
    CharToHex                                0x08009fc3   Thumb Code    36  sys.o(.text)
    HexToChar                                0x08009fe7   Thumb Code    52  sys.o(.text)
    HexStrToByte                             0x0800a01b   Thumb Code    70  sys.o(.text)
    ByteToHexStr                             0x0800a061   Thumb Code    66  sys.o(.text)
    BytetoBCD                                0x0800a0a3   Thumb Code    54  sys.o(.text)
    DX_to_HX                                 0x0800a0d9   Thumb Code    70  sys.o(.text)
    HX_to_DX                                 0x0800a11f   Thumb Code   102  sys.o(.text)
    SYSTICK_NVIC_Configuration               0x0800a185   Thumb Code    34  systick.o(.text)
    SYSTICK_Configuration                    0x0800a1a7   Thumb Code    32  systick.o(.text)
    SYSTICK_init                             0x0800a1c7   Thumb Code    12  systick.o(.text)
    SYSTICK_IntDisable                       0x0800a1d3   Thumb Code    18  systick.o(.text)
    SYSTICK_IntEnable                        0x0800a1e5   Thumb Code    18  systick.o(.text)
    SYSTICK_ClearSystickVal                  0x0800a1f7   Thumb Code    10  systick.o(.text)
    SYSTICK_GetVal                           0x0800a201   Thumb Code     8  systick.o(.text)
    SYSTICK_Delay10ms                        0x0800a209   Thumb Code    26  systick.o(.text)
    SYSTICK_get_time                         0x0800a223   Thumb Code     6  systick.o(.text)
    SysTick_Handler                          0x0800a229   Thumb Code    12  systick.o(.text)
    delay_init                               0x0800a23d   Thumb Code    26  delay.o(.text)
    delay_us                                 0x0800a257   Thumb Code    62  delay.o(.text)
    sdelay                                   0x0800a295   Thumb Code    26  delay.o(.text)
    __use_no_semihosting                     0x0800a2c1   Thumb Code     2  use_no_semi_2.o(.text)
    calloc                                   0x0800a2c3   Thumb Code    40  calloc.o(.text)
    free                                     0x0800a2eb   Thumb Code    78  h1_free.o(.text)
    __2printf                                0x0800a339   Thumb Code    20  noretval__2printf.o(.text)
    __2sprintf                               0x0800a351   Thumb Code    34  noretval__2sprintf.o(.text)
    _printf_pre_padding                      0x0800a379   Thumb Code    44  _printf_pad.o(.text)
    _printf_post_padding                     0x0800a3a5   Thumb Code    34  _printf_pad.o(.text)
    _printf_str                              0x0800a3c7   Thumb Code    82  _printf_str.o(.text)
    _printf_int_dec                          0x0800a419   Thumb Code   104  _printf_dec.o(.text)
    _printf_int_hex                          0x0800a491   Thumb Code    84  _printf_hex_int.o(.text)
    _printf_longlong_hex                     0x0800a491   Thumb Code     0  _printf_hex_int.o(.text)
    __printf                                 0x0800a4e9   Thumb Code   388  __printf_flags_ss_wp.o(.text)
    strtok                                   0x0800a671   Thumb Code     6  strtok.o(.text)
    strstr                                   0x0800a67d   Thumb Code    36  strstr.o(.text)
    memcmp                                   0x0800a6a1   Thumb Code    88  memcmp.o(.text)
    strrchr                                  0x0800a6f9   Thumb Code    22  strrchr.o(.text)
    strlen                                   0x0800a70f   Thumb Code    62  strlen.o(.text)
    __aeabi_memcpy                           0x0800a74d   Thumb Code     0  rt_memcpy_v6.o(.text)
    __rt_memcpy                              0x0800a74d   Thumb Code   138  rt_memcpy_v6.o(.text)
    _memcpy_lastbytes                        0x0800a7b3   Thumb Code     0  rt_memcpy_v6.o(.text)
    __aeabi_memset                           0x0800a7d7   Thumb Code    16  aeabi_memset.o(.text)
    __aeabi_memclr                           0x0800a7e7   Thumb Code     0  rt_memclr.o(.text)
    __rt_memclr                              0x0800a7e7   Thumb Code    68  rt_memclr.o(.text)
    _memset                                  0x0800a7eb   Thumb Code     0  rt_memclr.o(.text)
    __aeabi_memclr4                          0x0800a82b   Thumb Code     0  rt_memclr_w.o(.text)
    __aeabi_memclr8                          0x0800a82b   Thumb Code     0  rt_memclr_w.o(.text)
    __rt_memclr_w                            0x0800a82b   Thumb Code    78  rt_memclr_w.o(.text)
    _memset_w                                0x0800a82f   Thumb Code     0  rt_memclr_w.o(.text)
    __use_two_region_memory                  0x0800a879   Thumb Code     2  heapauxi.o(.text)
    __rt_heap_escrow                         0x0800a87b   Thumb Code     2  heapauxi.o(.text)
    __rt_heap_expand                         0x0800a87d   Thumb Code     2  heapauxi.o(.text)
    __I$use$semihosting                      0x0800a87f   Thumb Code     0  use_no_semi.o(.text)
    __use_no_semihosting_swi                 0x0800a87f   Thumb Code     2  use_no_semi.o(.text)
    __rt_heap_descriptor                     0x0800a881   Thumb Code     8  rt_heap_descriptor_intlibspace.o(.text)
    __use_no_heap                            0x0800a889   Thumb Code     2  hguard.o(.text)
    __heap$guard                             0x0800a88b   Thumb Code     2  hguard.o(.text)
    _terminate_user_alloc                    0x0800a88d   Thumb Code     2  init_alloc.o(.text)
    _init_user_alloc                         0x0800a88f   Thumb Code     2  init_alloc.o(.text)
    __Heap_Full                              0x0800a891   Thumb Code    34  init_alloc.o(.text)
    __Heap_Broken                            0x0800a8b3   Thumb Code     6  init_alloc.o(.text)
    _init_alloc                              0x0800a8b9   Thumb Code    94  init_alloc.o(.text)
    malloc                                   0x0800a917   Thumb Code    94  h1_alloc.o(.text)
    _printf_int_common                       0x0800a975   Thumb Code   178  _printf_intcommon.o(.text)
    _printf_char_common                      0x0800aa33   Thumb Code    32  _printf_char_common.o(.text)
    _sputc                                   0x0800aa59   Thumb Code    10  _sputc.o(.text)
    _printf_cs_common                        0x0800aa63   Thumb Code    20  _printf_char.o(.text)
    _printf_char                             0x0800aa77   Thumb Code    16  _printf_char.o(.text)
    _printf_string                           0x0800aa87   Thumb Code     8  _printf_char.o(.text)
    _printf_char_file                        0x0800aa91   Thumb Code    32  _printf_char_file.o(.text)
    __strtok_internal                        0x0800aab5   Thumb Code    64  strtok_int.o(.text)
    __aeabi_memcpy4                          0x0800aaf9   Thumb Code     0  rt_memcpy_w.o(.text)
    __aeabi_memcpy8                          0x0800aaf9   Thumb Code     0  rt_memcpy_w.o(.text)
    __rt_memcpy_w                            0x0800aaf9   Thumb Code   100  rt_memcpy_w.o(.text)
    _memcpy_lastbytes_aligned                0x0800ab41   Thumb Code     0  rt_memcpy_w.o(.text)
    __user_libspace                          0x0800ab5d   Thumb Code     8  libspace.o(.text)
    __user_perproc_libspace                  0x0800ab5d   Thumb Code     0  libspace.o(.text)
    __user_perthread_libspace                0x0800ab5d   Thumb Code     0  libspace.o(.text)
    __Heap_Initialize                        0x0800ab65   Thumb Code    10  h1_init.o(.text)
    __Heap_DescSize                          0x0800ab6f   Thumb Code     4  h1_init.o(.text)
    __Heap_ProvideMemory                     0x0800ab73   Thumb Code    52  h1_extend.o(.text)
    ferror                                   0x0800aba7   Thumb Code     8  ferror.o(.text)
    __rt_SIGRTMEM                            0x0800abaf   Thumb Code    14  defsig_rtmem_outer.o(.text)
    strcspn                                  0x0800abbd   Thumb Code    32  strcspn.o(.text)
    strspn                                   0x0800abdd   Thumb Code    28  strspn.o(.text)
    __user_setup_stackheap                   0x0800abf9   Thumb Code    74  sys_stackheap_outer.o(.text)
    exit                                     0x0800ac43   Thumb Code    18  exit.o(.text)
    __sig_exit                               0x0800ac55   Thumb Code    10  defsig_exit.o(.text)
    __rt_SIGRTMEM_inner                      0x0800ac61   Thumb Code    22  defsig_rtmem_inner.o(.text)
    __default_signal_display                 0x0800acb1   Thumb Code    50  defsig_general.o(.text)
    _is_digit                                0x0800ace3   Thumb Code    14  __printf_wp.o(i._is_digit)
    mon_table                                0x0800adbf   Data          12  bsp_rtc.o(.constdata)
    newLandEduLogo                           0x0800adcb   Data        1024  lcd12864.o(.constdata)
    BUTTON_PIN                               0x0800b20c   Data           4  key_button.o(.constdata)
    BUTTON_CLK                               0x0800b210   Data           8  key_button.o(.constdata)
    BUTTON_EXTI_LINE                         0x0800b218   Data           4  key_button.o(.constdata)
    BUTTON_PORT_SOURCE                       0x0800b21c   Data           4  key_button.o(.constdata)
    BUTTON_PIN_SOURCE                        0x0800b220   Data           4  key_button.o(.constdata)
    BUTTON_IRQn                              0x0800b224   Data           4  key_button.o(.constdata)
    ledseg_tab                               0x0800b239   Data          32  lednixietube.o(.constdata)
    com_tab                                  0x0800b259   Data           8  lednixietube.o(.constdata)
    Region$$Table$$Base                      0x0800b710   Number         0  anon$$obj.o(Region$$Table)
    Region$$Table$$Limit                     0x0800b730   Number         0  anon$$obj.o(Region$$Table)
    rtc_second                               0x20000000   Data           4  hal_core.o(.data)
    is_rtc_update                            0x20000004   Data           4  hal_core.o(.data)
    number_write                             0x20000008   Data           1  app_pwd.o(.data)
    number_read                              0x20000009   Data           1  app_pwd.o(.data)
    number_show                              0x2000000a   Data           1  app_pwd.o(.data)
    number_get                               0x2000000b   Data           1  app_pwd.o(.data)
    idCardPwd_offset                         0x2000000c   Data           1  app_pwd.o(.data)
    curIdCardPwd                             0x2000000d   Data           8  app_pwd.o(.data)
    pwd_flags                                0x20000018   Data           4  app_pwd.o(.data)
    num_fifo                                 0x2000001c   Data          20  app_pwd.o(.data)
    p_state1                                 0x20000030   Data           1  app_pwd.o(.data)
    read_buff                                0x20000031   Data           8  app_pwd.o(.data)
    sys_cmd_tab                              0x20000040   Data          28  usmart.o(.data)
    usmart_nametab                           0x2000005c   Data          32  usmart_config.o(.data)
    usmart_dev                               0x2000007c   Data         244  usmart_config.o(.data)
    __stdout                                 0x20000170   Data           4  usart.o(.data)
    USART_RX_STA                             0x20000174   Data           2  usart.o(.data)
    FLASHStatus                              0x2000018d   Data           1  bsp_flash.o(.data)
    usart3_fifo                              0x20000190   Data          20  usart3.o(.data)
    UART3_RX_COUNT                           0x200001a4   Data           2  usart3.o(.data)
    F_UART3_RX_FINISH                        0x200001a6   Data           1  usart3.o(.data)
    F_UART3_RX_RECEIVING                     0x200001a7   Data           1  usart3.o(.data)
    USART3_RX_STA                            0x200001a8   Data           2  usart3.o(.data)
    UART4_RX_COUNT                           0x200001aa   Data           2  bsp_uart4.o(.data)
    F_UART4_RX_FINISH                        0x200001ac   Data           1  bsp_uart4.o(.data)
    F_UART4_RX_RECEIVING                     0x200001ad   Data           1  bsp_uart4.o(.data)
    UART4_RX_TIMEOUT_COUNT                   0x200001ae   Data           1  bsp_uart4.o(.data)
    rtc_cb                                   0x200001b0   Data           4  bsp_rtc.o(.data)
    NVIC_InitStructure                       0x200001bc   Data           4  bsp_timer3.o(.data)
    capture                                  0x200001c0   Data           2  bsp_timer3.o(.data)
    CCR1_Val                                 0x200001c2   Data           2  bsp_timer3.o(.data)
    CCR2_Val                                 0x200001c4   Data           2  bsp_timer3.o(.data)
    CCR3_Val                                 0x200001c6   Data           2  bsp_timer3.o(.data)
    CCR4_Val                                 0x200001c8   Data           2  bsp_timer3.o(.data)
    led2s                                    0x200001ca   Data           2  bsp_timer3.o(.data)
    char_code_8x16                           0x200001cd   Data        1520  lcd12864.o(.data)
    volue                                    0x200007bd   Data           1  lf125k.o(.data)
    tap                                      0x200007be   Data           1  lf125k.o(.data)
    data_tap                                 0x200007bf   Data           6  lf125k.o(.data)
    cmd_word_list                            0x200007c8   Data         120  xfs5152ce.o(.data)
    buzzer_on                                0x20000842   Data           1  buzzer.o(.data)
    BUTTON_PORT                              0x20000848   Data           8  key_button.o(.data)
    key_test_state                           0x20000850   Data           8  key_button.o(.data)
    last_key_test_state                      0x20000858   Data           8  key_button.o(.data)
    key_code                                 0x20000860   Data           8  key_button.o(.data)
    flag_is_double                           0x20000868   Data           2  key_button.o(.data)
    led_flag                                 0x2000087d   Data           1  lednixietube.o(.data)
    Ledbuf                                   0x2000087e   Data           8  lednixietube.o(.data)
    SystemCoreClock                          0x20000888   Data           4  system_stm32f10x.o(.data)
    AHBPrescTable                            0x2000088c   Data          16  system_stm32f10x.o(.data)
    jiffies                                  0x200008b0   Data           4  systick.o(.data)
    id_card                                  0x200008b8   Data          40  app_pwd.o(.bss)
    num_id                                   0x200008e0   Data         512  app_pwd.o(.bss)
    num_fifo_buffer                          0x20000ae0   Data         512  app_pwd.o(.bss)
    USART_RX_BUF                             0x20000ce0   Data         200  usart.o(.bss)
    IpData                                   0x20000da8   Data         128  app_cloud.o(.bss)
    USART3_RX_BUF                            0x20000e3c   Data         600  usart3.o(.bss)
    USART3_TX_BUF                            0x20001094   Data         600  usart3.o(.bss)
    usart3_rec_buffer                        0x200012ec   Data         128  usart3.o(.bss)
    UART4_RX_BUF                             0x2000136c   Data         255  bsp_uart4.o(.bss)
    calendar                                 0x2000146c   Data          10  bsp_rtc.o(.bss)
    TIM_TimeBaseStructure                    0x20001476   Data          10  bsp_timer3.o(.bss)
    TIM_OCInitStructure                      0x20001480   Data          16  bsp_timer3.o(.bss)
    mykey                                    0x20001490   Data          24  key_button.o(.bss)
    __libspace_start                         0x200014a8   Data          96  libspace.o(.bss)
    __temporary_stack_top$libspace           0x20001508   Data           0  libspace.o(.bss)



==============================================================================

Memory Map of the image

  Image Entry point : 0x08000131

  Load Region LR_IROM1 (Base: 0x08000000, Size: 0x0000bfe8, Max: 0x00080000, ABSOLUTE, COMPRESSED[0x0000bb8c])

    Execution Region ER_IROM1 (Exec base: 0x08000000, Load base: 0x08000000, Size: 0x0000b730, Max: 0x00080000, ABSOLUTE)

    Exec Addr    Load Addr    Size         Type   Attr      Idx    E Section Name        Object

    0x08000000   0x08000000   0x00000130   Data   RO          723    RESET               startup_stm32f10x_hd.o
    0x08000130   0x08000130   0x00000008   Code   RO         1261  * !!!main             c_w.l(__main.o)
    0x08000138   0x08000138   0x00000034   Code   RO         1491    !!!scatter          c_w.l(__scatter.o)
    0x0800016c   0x0800016c   0x0000005a   Code   RO         1489    !!dczerorl2         c_w.l(__dczerorl2.o)
    0x080001c6   0x080001c6   0x00000002   PAD
    0x080001c8   0x080001c8   0x0000001c   Code   RO         1493    !!handler_zi        c_w.l(__scatter_zi.o)
    0x080001e4   0x080001e4   0x00000000   Code   RO         1239    .ARM.Collect$$_printf_percent$$00000000  c_w.l(_printf_percent.o)
    0x080001e4   0x080001e4   0x00000006   Code   RO         1237    .ARM.Collect$$_printf_percent$$00000009  c_w.l(_printf_d.o)
    0x080001ea   0x080001ea   0x00000006   Code   RO         1238    .ARM.Collect$$_printf_percent$$0000000A  c_w.l(_printf_u.o)
    0x080001f0   0x080001f0   0x00000006   Code   RO         1236    .ARM.Collect$$_printf_percent$$0000000C  c_w.l(_printf_x.o)
    0x080001f6   0x080001f6   0x00000006   Code   RO         1234    .ARM.Collect$$_printf_percent$$00000013  c_w.l(_printf_c.o)
    0x080001fc   0x080001fc   0x00000006   Code   RO         1235    .ARM.Collect$$_printf_percent$$00000014  c_w.l(_printf_s.o)
    0x08000202   0x08000202   0x00000004   Code   RO         1305    .ARM.Collect$$_printf_percent$$00000017  c_w.l(_printf_percent_end.o)
    0x08000206   0x08000206   0x00000002   Code   RO         1425    .ARM.Collect$$libinit$$00000000  c_w.l(libinit.o)
    0x08000208   0x08000208   0x00000000   Code   RO         1358    .ARM.Collect$$libinit$$00000002  c_w.l(libinit2.o)
    0x08000208   0x08000208   0x00000000   Code   RO         1360    .ARM.Collect$$libinit$$00000004  c_w.l(libinit2.o)
    0x08000208   0x08000208   0x00000008   Code   RO         1361    .ARM.Collect$$libinit$$00000005  c_w.l(libinit2.o)
    0x08000210   0x08000210   0x00000000   Code   RO         1363    .ARM.Collect$$libinit$$0000000A  c_w.l(libinit2.o)
    0x08000210   0x08000210   0x00000000   Code   RO         1365    .ARM.Collect$$libinit$$0000000C  c_w.l(libinit2.o)
    0x08000210   0x08000210   0x00000000   Code   RO         1367    .ARM.Collect$$libinit$$0000000E  c_w.l(libinit2.o)
    0x08000210   0x08000210   0x00000000   Code   RO         1370    .ARM.Collect$$libinit$$00000011  c_w.l(libinit2.o)
    0x08000210   0x08000210   0x00000000   Code   RO         1372    .ARM.Collect$$libinit$$00000013  c_w.l(libinit2.o)
    0x08000210   0x08000210   0x00000000   Code   RO         1374    .ARM.Collect$$libinit$$00000015  c_w.l(libinit2.o)
    0x08000210   0x08000210   0x00000000   Code   RO         1376    .ARM.Collect$$libinit$$00000017  c_w.l(libinit2.o)
    0x08000210   0x08000210   0x00000000   Code   RO         1378    .ARM.Collect$$libinit$$00000019  c_w.l(libinit2.o)
    0x08000210   0x08000210   0x00000000   Code   RO         1380    .ARM.Collect$$libinit$$0000001B  c_w.l(libinit2.o)
    0x08000210   0x08000210   0x00000000   Code   RO         1382    .ARM.Collect$$libinit$$0000001D  c_w.l(libinit2.o)
    0x08000210   0x08000210   0x00000000   Code   RO         1384    .ARM.Collect$$libinit$$0000001F  c_w.l(libinit2.o)
    0x08000210   0x08000210   0x00000000   Code   RO         1386    .ARM.Collect$$libinit$$00000021  c_w.l(libinit2.o)
    0x08000210   0x08000210   0x00000000   Code   RO         1388    .ARM.Collect$$libinit$$00000023  c_w.l(libinit2.o)
    0x08000210   0x08000210   0x00000000   Code   RO         1390    .ARM.Collect$$libinit$$00000025  c_w.l(libinit2.o)
    0x08000210   0x08000210   0x00000000   Code   RO         1394    .ARM.Collect$$libinit$$0000002C  c_w.l(libinit2.o)
    0x08000210   0x08000210   0x00000000   Code   RO         1396    .ARM.Collect$$libinit$$0000002E  c_w.l(libinit2.o)
    0x08000210   0x08000210   0x00000000   Code   RO         1398    .ARM.Collect$$libinit$$00000030  c_w.l(libinit2.o)
    0x08000210   0x08000210   0x00000000   Code   RO         1400    .ARM.Collect$$libinit$$00000032  c_w.l(libinit2.o)
    0x08000210   0x08000210   0x00000002   Code   RO         1401    .ARM.Collect$$libinit$$00000033  c_w.l(libinit2.o)
    0x08000212   0x08000212   0x00000002   Code   RO         1486    .ARM.Collect$$libshutdown$$00000000  c_w.l(libshutdown.o)
    0x08000214   0x08000214   0x00000000   Code   RO         1444    .ARM.Collect$$libshutdown$$00000002  c_w.l(libshutdown2.o)
    0x08000214   0x08000214   0x00000000   Code   RO         1446    .ARM.Collect$$libshutdown$$00000004  c_w.l(libshutdown2.o)
    0x08000214   0x08000214   0x00000000   Code   RO         1449    .ARM.Collect$$libshutdown$$00000007  c_w.l(libshutdown2.o)
    0x08000214   0x08000214   0x00000000   Code   RO         1452    .ARM.Collect$$libshutdown$$0000000A  c_w.l(libshutdown2.o)
    0x08000214   0x08000214   0x00000000   Code   RO         1454    .ARM.Collect$$libshutdown$$0000000C  c_w.l(libshutdown2.o)
    0x08000214   0x08000214   0x00000000   Code   RO         1457    .ARM.Collect$$libshutdown$$0000000F  c_w.l(libshutdown2.o)
    0x08000214   0x08000214   0x00000002   Code   RO         1458    .ARM.Collect$$libshutdown$$00000010  c_w.l(libshutdown2.o)
    0x08000216   0x08000216   0x00000000   Code   RO         1267    .ARM.Collect$$rtentry$$00000000  c_w.l(__rtentry.o)
    0x08000216   0x08000216   0x00000000   Code   RO         1314    .ARM.Collect$$rtentry$$00000002  c_w.l(__rtentry2.o)
    0x08000216   0x08000216   0x00000006   Code   RO         1326    .ARM.Collect$$rtentry$$00000004  c_w.l(__rtentry4.o)
    0x0800021c   0x0800021c   0x00000000   Code   RO         1316    .ARM.Collect$$rtentry$$00000009  c_w.l(__rtentry2.o)
    0x0800021c   0x0800021c   0x00000004   Code   RO         1317    .ARM.Collect$$rtentry$$0000000A  c_w.l(__rtentry2.o)
    0x08000220   0x08000220   0x00000000   Code   RO         1319    .ARM.Collect$$rtentry$$0000000C  c_w.l(__rtentry2.o)
    0x08000220   0x08000220   0x00000008   Code   RO         1320    .ARM.Collect$$rtentry$$0000000D  c_w.l(__rtentry2.o)
    0x08000228   0x08000228   0x00000002   Code   RO         1429    .ARM.Collect$$rtexit$$00000000  c_w.l(rtexit.o)
    0x0800022a   0x0800022a   0x00000000   Code   RO         1460    .ARM.Collect$$rtexit$$00000002  c_w.l(rtexit2.o)
    0x0800022a   0x0800022a   0x00000004   Code   RO         1461    .ARM.Collect$$rtexit$$00000003  c_w.l(rtexit2.o)
    0x0800022e   0x0800022e   0x00000006   Code   RO         1462    .ARM.Collect$$rtexit$$00000004  c_w.l(rtexit2.o)
    0x08000234   0x08000234   0x00000002   Code   RO         1069    .emb_text           sys.o
    0x08000236   0x08000236   0x00000002   PAD
    0x08000238   0x08000238   0x00000000   Code   RO         1328    .emb_text           c_w.l(maybetermalloc1.o)
    0x08000238   0x08000238   0x00000050   Code   RO            1    .text               main.o
    0x08000288   0x08000288   0x00000080   Code   RO          161    .text               hal_core.o
    0x08000308   0x08000308   0x00000d58   Code   RO          176    .text               app_pwd.o
    0x08001060   0x08001060   0x00000880   Code   RO          207    .text               usmart.o
    0x080018e0   0x080018e0   0x00000528   Code   RO          247    .text               usmart_str.o
    0x08001e08   0x08001e08   0x00000148   Code   RO          259    .text               usart.o
    0x08001f50   0x08001f50   0x000001c8   Code   RO          282    .text               hal_wifitocloud.o
    0x08002118   0x08002118   0x00000518   Code   RO          295    .text               wifitocloud.o
    0x08002630   0x08002630   0x000009d4   Code   RO          307    .text               app_cloud.o
    0x08003004   0x08003004   0x000004f0   Code   RO          328    .text               potocol.o
    0x080034f4   0x080034f4   0x000000bc   Code   RO          345    .text               bsp_flash.o
    0x080035b0   0x080035b0   0x00000250   Code   RO          384    .text               usart3.o
    0x08003800   0x08003800   0x000000a8   Code   RO          412    .text               timer.o
    0x080038a8   0x080038a8   0x00000178   Code   RO          457    .text               bsp_uart4.o
    0x08003a20   0x08003a20   0x000002f4   Code   RO          476    .text               bsp_rtc.o
    0x08003d14   0x08003d14   0x000001d8   Code   RO          505    .text               bsp_timer3.o
    0x08003eec   0x08003eec   0x000006f0   Code   RO          524    .text               lcd12864.o
    0x080045dc   0x080045dc   0x00000890   Code   RO          544    .text               lf125k.o
    0x08004e6c   0x08004e6c   0x00000abc   Code   RO          560    .text               xfs5152ce.o
    0x08005928   0x08005928   0x00000224   Code   RO          581    .text               buzzer.o
    0x08005b4c   0x08005b4c   0x000005b0   Code   RO          599    .text               rf_si4332a.o
    0x080060fc   0x080060fc   0x000005dc   Code   RO          611    .text               rf_si4332b.o
    0x080066d8   0x080066d8   0x000008e4   Code   RO          623    .text               key_button.o
    0x08006fbc   0x08006fbc   0x00000164   Code   RO          641    .text               74hc595.o
    0x08007120   0x08007120   0x0000018c   Code   RO          653    .text               lednixietube.o
    0x080072ac   0x080072ac   0x00000030   Code   RO          688    .text               stm32f10x_it.o
    0x080072dc   0x080072dc   0x000001e0   Code   RO          703    .text               system_stm32f10x.o
    0x080074bc   0x080074bc   0x00000040   Code   RO          724    .text               startup_stm32f10x_hd.o
    0x080074fc   0x080074fc   0x000000dc   Code   RO          728    .text               misc.o
    0x080075d8   0x080075d8   0x000000c4   Code   RO          758    .text               stm32f10x_bkp.o
    0x0800769c   0x0800769c   0x0000011c   Code   RO          860    .text               stm32f10x_exti.o
    0x080077b8   0x080077b8   0x000005bc   Code   RO          875    .text               stm32f10x_flash.o
    0x08007d74   0x08007d74   0x0000035c   Code   RO          902    .text               stm32f10x_gpio.o
    0x080080d0   0x080080d0   0x000000cc   Code   RO          944    .text               stm32f10x_pwr.o
    0x0800819c   0x0800819c   0x000003a4   Code   RO          956    .text               stm32f10x_rcc.o
    0x08008540   0x08008540   0x00000148   Code   RO          973    .text               stm32f10x_rtc.o
    0x08008688   0x08008688   0x0000030c   Code   RO         1000    .text               stm32f10x_spi.o
    0x08008994   0x08008994   0x00000e1a   Code   RO         1015    .text               stm32f10x_tim.o
    0x080097ae   0x080097ae   0x00000002   PAD
    0x080097b0   0x080097b0   0x00000408   Code   RO         1027    .text               stm32f10x_usart.o
    0x08009bb8   0x08009bb8   0x00000168   Code   RO         1057    .text               kfifo.o
    0x08009d20   0x08009d20   0x00000464   Code   RO         1070    .text               sys.o
    0x0800a184   0x0800a184   0x000000b8   Code   RO         1085    .text               systick.o
    0x0800a23c   0x0800a23c   0x00000084   Code   RO         1103    .text               delay.o
    0x0800a2c0   0x0800a2c0   0x00000002   Code   RO         1117    .text               c_w.l(use_no_semi_2.o)
    0x0800a2c2   0x0800a2c2   0x00000028   Code   RO         1121    .text               c_w.l(calloc.o)
    0x0800a2ea   0x0800a2ea   0x0000004e   Code   RO         1123    .text               c_w.l(h1_free.o)
    0x0800a338   0x0800a338   0x00000018   Code   RO         1181    .text               c_w.l(noretval__2printf.o)
    0x0800a350   0x0800a350   0x00000028   Code   RO         1183    .text               c_w.l(noretval__2sprintf.o)
    0x0800a378   0x0800a378   0x0000004e   Code   RO         1187    .text               c_w.l(_printf_pad.o)
    0x0800a3c6   0x0800a3c6   0x00000052   Code   RO         1189    .text               c_w.l(_printf_str.o)
    0x0800a418   0x0800a418   0x00000078   Code   RO         1191    .text               c_w.l(_printf_dec.o)
    0x0800a490   0x0800a490   0x00000058   Code   RO         1196    .text               c_w.l(_printf_hex_int.o)
    0x0800a4e8   0x0800a4e8   0x00000188   Code   RO         1231    .text               c_w.l(__printf_flags_ss_wp.o)
    0x0800a670   0x0800a670   0x0000000c   Code   RO         1240    .text               c_w.l(strtok.o)
    0x0800a67c   0x0800a67c   0x00000024   Code   RO         1243    .text               c_w.l(strstr.o)
    0x0800a6a0   0x0800a6a0   0x00000058   Code   RO         1245    .text               c_w.l(memcmp.o)
    0x0800a6f8   0x0800a6f8   0x00000016   Code   RO         1247    .text               c_w.l(strrchr.o)
    0x0800a70e   0x0800a70e   0x0000003e   Code   RO         1249    .text               c_w.l(strlen.o)
    0x0800a74c   0x0800a74c   0x0000008a   Code   RO         1251    .text               c_w.l(rt_memcpy_v6.o)
    0x0800a7d6   0x0800a7d6   0x00000010   Code   RO         1253    .text               c_w.l(aeabi_memset.o)
    0x0800a7e6   0x0800a7e6   0x00000044   Code   RO         1255    .text               c_w.l(rt_memclr.o)
    0x0800a82a   0x0800a82a   0x0000004e   Code   RO         1257    .text               c_w.l(rt_memclr_w.o)
    0x0800a878   0x0800a878   0x00000006   Code   RO         1259    .text               c_w.l(heapauxi.o)
    0x0800a87e   0x0800a87e   0x00000002   Code   RO         1263    .text               c_w.l(use_no_semi.o)
    0x0800a880   0x0800a880   0x00000008   Code   RO         1271    .text               c_w.l(rt_heap_descriptor_intlibspace.o)
    0x0800a888   0x0800a888   0x00000004   Code   RO         1273    .text               c_w.l(hguard.o)
    0x0800a88c   0x0800a88c   0x0000008a   Code   RO         1275    .text               c_w.l(init_alloc.o)
    0x0800a916   0x0800a916   0x0000005e   Code   RO         1281    .text               c_w.l(h1_alloc.o)
    0x0800a974   0x0800a974   0x000000b2   Code   RO         1295    .text               c_w.l(_printf_intcommon.o)
    0x0800aa26   0x0800aa26   0x00000002   PAD
    0x0800aa28   0x0800aa28   0x00000030   Code   RO         1297    .text               c_w.l(_printf_char_common.o)
    0x0800aa58   0x0800aa58   0x0000000a   Code   RO         1299    .text               c_w.l(_sputc.o)
    0x0800aa62   0x0800aa62   0x0000002c   Code   RO         1301    .text               c_w.l(_printf_char.o)
    0x0800aa8e   0x0800aa8e   0x00000002   PAD
    0x0800aa90   0x0800aa90   0x00000024   Code   RO         1303    .text               c_w.l(_printf_char_file.o)
    0x0800aab4   0x0800aab4   0x00000044   Code   RO         1306    .text               c_w.l(strtok_int.o)
    0x0800aaf8   0x0800aaf8   0x00000064   Code   RO         1308    .text               c_w.l(rt_memcpy_w.o)
    0x0800ab5c   0x0800ab5c   0x00000008   Code   RO         1310    .text               c_w.l(libspace.o)
    0x0800ab64   0x0800ab64   0x0000000e   Code   RO         1330    .text               c_w.l(h1_init.o)
    0x0800ab72   0x0800ab72   0x00000034   Code   RO         1332    .text               c_w.l(h1_extend.o)
    0x0800aba6   0x0800aba6   0x00000008   Code   RO         1340    .text               c_w.l(ferror.o)
    0x0800abae   0x0800abae   0x0000000e   Code   RO         1344    .text               c_w.l(defsig_rtmem_outer.o)
    0x0800abbc   0x0800abbc   0x00000020   Code   RO         1348    .text               c_w.l(strcspn.o)
    0x0800abdc   0x0800abdc   0x0000001c   Code   RO         1350    .text               c_w.l(strspn.o)
    0x0800abf8   0x0800abf8   0x0000004a   Code   RO         1404    .text               c_w.l(sys_stackheap_outer.o)
    0x0800ac42   0x0800ac42   0x00000012   Code   RO         1412    .text               c_w.l(exit.o)
    0x0800ac54   0x0800ac54   0x0000000a   Code   RO         1414    .text               c_w.l(defsig_exit.o)
    0x0800ac5e   0x0800ac5e   0x00000002   PAD
    0x0800ac60   0x0800ac60   0x00000050   Code   RO         1416    .text               c_w.l(defsig_rtmem_inner.o)
    0x0800acb0   0x0800acb0   0x00000032   Code   RO         1437    .text               c_w.l(defsig_general.o)
    0x0800ace2   0x0800ace2   0x0000000e   Code   RO         1224    i._is_digit         c_w.l(__printf_wp.o)
    0x0800acf0   0x0800acf0   0x0000004c   Data   RO          178    .constdata          app_pwd.o
    0x0800ad3c   0x0800ad3c   0x0000000d   Data   RO          283    .constdata          hal_wifitocloud.o
    0x0800ad49   0x0800ad49   0x00000036   Data   RO          309    .constdata          app_cloud.o
    0x0800ad7f   0x0800ad7f   0x00000032   Data   RO          329    .constdata          potocol.o
    0x0800adb1   0x0800adb1   0x0000000e   Data   RO          386    .constdata          usart3.o
    0x0800adbf   0x0800adbf   0x0000000c   Data   RO          478    .constdata          bsp_rtc.o
    0x0800adcb   0x0800adcb   0x00000400   Data   RO          525    .constdata          lcd12864.o
    0x0800b1cb   0x0800b1cb   0x0000000c   Data   RO          545    .constdata          lf125k.o
    0x0800b1d7   0x0800b1d7   0x00000033   Data   RO          561    .constdata          xfs5152ce.o
    0x0800b20a   0x0800b20a   0x00000002   PAD
    0x0800b20c   0x0800b20c   0x0000002d   Data   RO          625    .constdata          key_button.o
    0x0800b239   0x0800b239   0x00000028   Data   RO          654    .constdata          lednixietube.o
    0x0800b261   0x0800b261   0x00000028   Data   RO         1197    .constdata          c_w.l(_printf_hex_int.o)
    0x0800b289   0x0800b289   0x00000011   Data   RO         1232    .constdata          c_w.l(__printf_flags_ss_wp.o)
    0x0800b29a   0x0800b29a   0x00000002   PAD
    0x0800b29c   0x0800b29c   0x00000094   Data   RO          179    .conststring        app_pwd.o
    0x0800b330   0x0800b330   0x00000028   Data   RO          208    .conststring        usmart.o
    0x0800b358   0x0800b358   0x000000c2   Data   RO          230    .conststring        usmart_config.o
    0x0800b41a   0x0800b41a   0x00000002   PAD
    0x0800b41c   0x0800b41c   0x0000008b   Data   RO          330    .conststring        potocol.o
    0x0800b4a7   0x0800b4a7   0x00000001   PAD
    0x0800b4a8   0x0800b4a8   0x00000131   Data   RO          562    .conststring        xfs5152ce.o
    0x0800b5d9   0x0800b5d9   0x00000003   PAD
    0x0800b5dc   0x0800b5dc   0x00000134   Data   RO          626    .conststring        key_button.o
    0x0800b710   0x0800b710   0x00000020   Data   RO         1487    Region$$Table       anon$$obj.o


    Execution Region RW_IRAM1 (Exec base: 0x20000000, Load base: 0x0800b730, Size: 0x00001b08, Max: 0x00010000, ABSOLUTE, COMPRESSED[0x0000045c])

    Exec Addr    Load Addr    Size         Type   Attr      Idx    E Section Name        Object

    0x20000000   COMPRESSED   0x00000008   Data   RW          162    .data               hal_core.o
    0x20000008   COMPRESSED   0x00000038   Data   RW          180    .data               app_pwd.o
    0x20000040   COMPRESSED   0x0000001c   Data   RW          209    .data               usmart.o
    0x2000005c   COMPRESSED   0x00000114   Data   RW          231    .data               usmart_config.o
    0x20000170   COMPRESSED   0x00000006   Data   RW          261    .data               usart.o
    0x20000176   COMPRESSED   0x00000002   PAD
    0x20000178   COMPRESSED   0x00000005   Data   RW          310    .data               app_cloud.o
    0x2000017d   COMPRESSED   0x00000010   Data   RW          331    .data               potocol.o
    0x2000018d   COMPRESSED   0x00000001   Data   RW          346    .data               bsp_flash.o
    0x2000018e   COMPRESSED   0x00000002   PAD
    0x20000190   COMPRESSED   0x0000001a   Data   RW          388    .data               usart3.o
    0x200001aa   COMPRESSED   0x00000005   Data   RW          459    .data               bsp_uart4.o
    0x200001af   COMPRESSED   0x00000001   PAD
    0x200001b0   COMPRESSED   0x0000000c   Data   RW          479    .data               bsp_rtc.o
    0x200001bc   COMPRESSED   0x00000011   Data   RW          507    .data               bsp_timer3.o
    0x200001cd   COMPRESSED   0x000005f0   Data   RW          526    .data               lcd12864.o
    0x200007bd   COMPRESSED   0x00000008   Data   RW          546    .data               lf125k.o
    0x200007c5   COMPRESSED   0x00000003   PAD
    0x200007c8   COMPRESSED   0x00000078   Data   RW          563    .data               xfs5152ce.o
    0x20000840   COMPRESSED   0x00000006   Data   RW          582    .data               buzzer.o
    0x20000846   COMPRESSED   0x00000002   PAD
    0x20000848   COMPRESSED   0x00000034   Data   RW          627    .data               key_button.o
    0x2000087c   COMPRESSED   0x0000000a   Data   RW          655    .data               lednixietube.o
    0x20000886   COMPRESSED   0x00000002   PAD
    0x20000888   COMPRESSED   0x00000014   Data   RW          704    .data               system_stm32f10x.o
    0x2000089c   COMPRESSED   0x00000014   Data   RW          957    .data               stm32f10x_rcc.o
    0x200008b0   COMPRESSED   0x00000004   Data   RW         1086    .data               systick.o
    0x200008b4   COMPRESSED   0x00000004   Data   RW         1241    .data               c_w.l(strtok.o)
    0x200008b8        -       0x00000428   Zero   RW          177    .bss                app_pwd.o
    0x20000ce0        -       0x000000c8   Zero   RW          260    .bss                usart.o
    0x20000da8        -       0x00000094   Zero   RW          308    .bss                app_cloud.o
    0x20000e3c        -       0x00000530   Zero   RW          385    .bss                usart3.o
    0x2000136c        -       0x000000ff   Zero   RW          458    .bss                bsp_uart4.o
    0x2000146b   COMPRESSED   0x00000001   PAD
    0x2000146c        -       0x0000000a   Zero   RW          477    .bss                bsp_rtc.o
    0x20001476        -       0x0000001a   Zero   RW          506    .bss                bsp_timer3.o
    0x20001490        -       0x00000018   Zero   RW          624    .bss                key_button.o
    0x200014a8        -       0x00000060   Zero   RW         1311    .bss                c_w.l(libspace.o)
    0x20001508        -       0x00000200   Zero   RW          722    HEAP                startup_stm32f10x_hd.o
    0x20001708        -       0x00000400   Zero   RW          721    STACK               startup_stm32f10x_hd.o


==============================================================================

Image component sizes


      Code (inc. data)   RO Data    RW Data    ZI Data      Debug   Object Name

       356         12          0          0          0       1277   74hc595.o
      2516        878         54          5        148       3979   app_cloud.o
      3416        868        224         56       1064       5924   app_pwd.o
       188          4          0          1          0      17267   bsp_flash.o
       756         34         12         12         10       3420   bsp_rtc.o
         0          0          0          0          0       6900   bsp_spi.o
       472         60          0         17         26       1785   bsp_timer3.o
       376         28          0          5        255       2156   bsp_uart4.o
       548         32          0          6          0       2541   buzzer.o
         0          0          0          0          0         32   core_cm3.o
       132         18          0          0          0        889   delay.o
       128         16          0          8          0       1122   hal_core.o
       456        236         13          0          0       1675   hal_wifitocloud.o
      2276        262        353         52         24       4632   key_button.o
       360          0          0          0          0       2860   kfifo.o
      1776        124       1024       1520          0      14493   lcd12864.o
       396         34         40         10          0      22981   lednixietube.o
      2192        252         12          8          0       8394   lf125k.o
        80         20          0          0          0     248199   main.o
       220         22          0          0          0       3473   misc.o
      1264        312        189         16          0       3419   potocol.o
      1456         16          0          0          0       5768   rf_si4332a.o
      1500         24          0          0          0       5719   rf_si4332b.o
        64         26        304          0       1536        776   startup_stm32f10x_hd.o
       196          8          0          0          0       3472   stm32f10x_bkp.o
       284         10          0          0          0       4435   stm32f10x_exti.o
      1468         34          0          0          0       8182   stm32f10x_flash.o
       860         38          0          0          0       5713   stm32f10x_gpio.o
        48         20          0          0          0       1055   stm32f10x_it.o
       204         14          0          0          0       1939   stm32f10x_pwr.o
       932         36          0         20          0      17648   stm32f10x_rcc.o
       328          4          0          0          0       2710   stm32f10x_rtc.o
       780         14          0          0          0      13530   stm32f10x_spi.o
      3610         88          0          0          0      22820   stm32f10x_tim.o
      1032         22          0          0          0      14504   stm32f10x_usart.o
      1126         52          0          0          0       5485   sys.o
       480         38          0         20          0       1715   system_stm32f10x.o
       184          8          0          4          0       1929   systick.o
       168         16          0          0          0        772   timer.o
       328         18          0          6        200       3275   usart.o
       592        126         14         26       1328       2582   usart3.o
      2176        468         40         28          0       3937   usmart.o
         0          0        194        276          0       3018   usmart_config.o
      1320         12          0          0          0       5201   usmart_str.o
      1304        434          0          0          0       3859   wifitocloud.o
      2748        888        356        120          0       6176   xfs5152ce.o

    ----------------------------------------------------------------------
     41100       5626       2869       2228       4592     503638   Object Totals
         0          0         32          0          0          0   (incl. Generated)
         4          0          8         12          1          0   (incl. Padding)

    ----------------------------------------------------------------------

      Code (inc. data)   RO Data    RW Data    ZI Data      Debug   Library Member Name

        90          0          0          0          0          0   __dczerorl2.o
         8          0          0          0          0         68   __main.o
       392          4         17          0          0         92   __printf_flags_ss_wp.o
        14          0          0          0          0         68   __printf_wp.o
         0          0          0          0          0          0   __rtentry.o
        12          0          0          0          0          0   __rtentry2.o
         6          0          0          0          0          0   __rtentry4.o
        52          8          0          0          0          0   __scatter.o
        28          0          0          0          0          0   __scatter_zi.o
         6          0          0          0          0          0   _printf_c.o
        44          0          0          0          0        108   _printf_char.o
        48          6          0          0          0         96   _printf_char_common.o
        36          4          0          0          0         80   _printf_char_file.o
         6          0          0          0          0          0   _printf_d.o
       120         16          0          0          0         92   _printf_dec.o
        88          4         40          0          0         88   _printf_hex_int.o
       178          0          0          0          0         88   _printf_intcommon.o
        78          0          0          0          0        108   _printf_pad.o
         0          0          0          0          0          0   _printf_percent.o
         4          0          0          0          0          0   _printf_percent_end.o
         6          0          0          0          0          0   _printf_s.o
        82          0          0          0          0         80   _printf_str.o
         6          0          0          0          0          0   _printf_u.o
         6          0          0          0          0          0   _printf_x.o
        10          0          0          0          0         68   _sputc.o
        16          0          0          0          0         68   aeabi_memset.o
        40          0          0          0          0         80   calloc.o
        10          0          0          0          0         68   defsig_exit.o
        50          0          0          0          0         88   defsig_general.o
        80         58          0          0          0         76   defsig_rtmem_inner.o
        14          0          0          0          0         80   defsig_rtmem_outer.o
        18          0          0          0          0         80   exit.o
         8          0          0          0          0         68   ferror.o
        94          0          0          0          0         80   h1_alloc.o
        52          0          0          0          0         68   h1_extend.o
        78          0          0          0          0         80   h1_free.o
        14          0          0          0          0         84   h1_init.o
         6          0          0          0          0        152   heapauxi.o
         4          0          0          0          0        136   hguard.o
       138          0          0          0          0        168   init_alloc.o
         2          0          0          0          0          0   libinit.o
        10          0          0          0          0          0   libinit2.o
         2          0          0          0          0          0   libshutdown.o
         2          0          0          0          0          0   libshutdown2.o
         8          4          0          0         96         68   libspace.o
         0          0          0          0          0          0   maybetermalloc1.o
        88          0          0          0          0         76   memcmp.o
        24          4          0          0          0         84   noretval__2printf.o
        40          6          0          0          0         84   noretval__2sprintf.o
         8          4          0          0          0         68   rt_heap_descriptor_intlibspace.o
        68          0          0          0          0         68   rt_memclr.o
        78          0          0          0          0         80   rt_memclr_w.o
       138          0          0          0          0         68   rt_memcpy_v6.o
       100          0          0          0          0         80   rt_memcpy_w.o
         2          0          0          0          0          0   rtexit.o
        10          0          0          0          0          0   rtexit2.o
        32          0          0          0          0         80   strcspn.o
        62          0          0          0          0         76   strlen.o
        22          0          0          0          0         68   strrchr.o
        28          0          0          0          0         80   strspn.o
        36          0          0          0          0         80   strstr.o
        12          6          0          4          0         68   strtok.o
        68          4          0          0          0         84   strtok_int.o
        74          0          0          0          0         80   sys_stackheap_outer.o
         2          0          0          0          0         68   use_no_semi.o
         2          0          0          0          0         68   use_no_semi_2.o

    ----------------------------------------------------------------------
      2868        128         59          4         96       3840   Library Totals
         8          0          2          0          0          0   (incl. Padding)

    ----------------------------------------------------------------------

      Code (inc. data)   RO Data    RW Data    ZI Data      Debug   Library Name

      2860        128         57          4         96       3840   c_w.l

    ----------------------------------------------------------------------
      2868        128         59          4         96       3840   Library Totals

    ----------------------------------------------------------------------

==============================================================================


      Code (inc. data)   RO Data    RW Data    ZI Data      Debug   

     43968       5754       2928       2232       4688     501026   Grand Totals
     43968       5754       2928       1116       4688     501026   ELF Image Totals (compressed)
     43968       5754       2928       1116          0          0   ROM Totals

==============================================================================

    Total RO  Size (Code + RO Data)                46896 (  45.80kB)
    Total RW  Size (RW Data + ZI Data)              6920 (   6.76kB)
    Total ROM Size (Code + RO Data + RW Data)      48012 (  46.89kB)

==============================================================================

